<?xml version="1.0" encoding="ISO-8859-1" ?>
<link_info>
   <banner>TI ARM Linker PC v18.1.5.LTS</banner>
   <copyright>Copyright (c) 1996-2018 Texas Instruments Incorporated</copyright>
   <link_time>0x5cb6070e</link_time>
   <link_errors>0x0</link_errors>
   <output_file>dawgSystem.out</output_file>
   <entry_point>
      <name>_c_int00_noargs</name>
      <address>0x3c41</address>
   </entry_point>
   <input_file_list>
      <input_file id="fl-2">
         <path>.\</path>
         <kind>object</kind>
         <file>main.obj</file>
         <name>main.obj</name>
      </input_file>
      <input_file id="fl-3">
         <path>.\</path>
         <kind>object</kind>
         <file>startup_msp432p401r_ccs.obj</file>
         <name>startup_msp432p401r_ccs.obj</name>
      </input_file>
      <input_file id="fl-4">
         <path>.\</path>
         <kind>object</kind>
         <file>system_msp432p401r.obj</file>
         <name>system_msp432p401r.obj</name>
      </input_file>
      <input_file id="fl-5">
         <path>.\Devices\</path>
         <kind>object</kind>
         <file>HC05_driver.obj</file>
         <name>HC05_driver.obj</name>
      </input_file>
      <input_file id="fl-6">
         <path>.\Devices\</path>
         <kind>object</kind>
         <file>KEYPAD_driver.obj</file>
         <name>KEYPAD_driver.obj</name>
      </input_file>
      <input_file id="fl-7">
         <path>.\Devices\</path>
         <kind>object</kind>
         <file>LOCK_handler.obj</file>
         <name>LOCK_handler.obj</name>
      </input_file>
      <input_file id="fl-8">
         <path>.\Devices\</path>
         <kind>object</kind>
         <file>MSPIO.obj</file>
         <name>MSPIO.obj</name>
      </input_file>
      <input_file id="fl-9">
         <path>.\Hardware\</path>
         <kind>object</kind>
         <file>CS_Driver.obj</file>
         <name>CS_Driver.obj</name>
      </input_file>
      <input_file id="fl-a">
         <path>.\Hardware\</path>
         <kind>object</kind>
         <file>LED_driver.obj</file>
         <name>LED_driver.obj</name>
      </input_file>
      <input_file id="fl-b">
         <path>.\Hardware\</path>
         <kind>object</kind>
         <file>TIMER_handle.obj</file>
         <name>TIMER_handle.obj</name>
      </input_file>
      <input_file id="fl-c">
         <path>.\Hardware\</path>
         <kind>object</kind>
         <file>UART_Driver.obj</file>
         <name>UART_Driver.obj</name>
      </input_file>
      <input_file id="fl-10">
         <kind>object</kind>
         <file>&lt;internal&gt;</file>
         <name>&lt;internal&gt;</name>
      </input_file>
      <input_file id="fl-11">
         <path>C:\ti\simplelink_msp432p4_sdk_2_40_00_10\source\ti\devices\msp432p4xx\driverlib\ccs\</path>
         <kind>archive</kind>
         <file>msp432p4xx_driverlib.lib</file>
         <name>cs.o</name>
      </input_file>
      <input_file id="fl-12">
         <path>C:\ti\simplelink_msp432p4_sdk_2_40_00_10\source\ti\devices\msp432p4xx\driverlib\ccs\</path>
         <kind>archive</kind>
         <file>msp432p4xx_driverlib.lib</file>
         <name>flash.o</name>
      </input_file>
      <input_file id="fl-13">
         <path>C:\ti\simplelink_msp432p4_sdk_2_40_00_10\source\ti\devices\msp432p4xx\driverlib\ccs\</path>
         <kind>archive</kind>
         <file>msp432p4xx_driverlib.lib</file>
         <name>cpu.o</name>
      </input_file>
      <input_file id="fl-14">
         <path>C:\ti\simplelink_msp432p4_sdk_2_40_00_10\source\ti\devices\msp432p4xx\driverlib\ccs\</path>
         <kind>archive</kind>
         <file>msp432p4xx_driverlib.lib</file>
         <name>gpio.o</name>
      </input_file>
      <input_file id="fl-15">
         <path>C:\ti\simplelink_msp432p4_sdk_2_40_00_10\source\ti\devices\msp432p4xx\driverlib\ccs\</path>
         <kind>archive</kind>
         <file>msp432p4xx_driverlib.lib</file>
         <name>interrupt.o</name>
      </input_file>
      <input_file id="fl-16">
         <path>C:\ti\simplelink_msp432p4_sdk_2_40_00_10\source\ti\devices\msp432p4xx\driverlib\ccs\</path>
         <kind>archive</kind>
         <file>msp432p4xx_driverlib.lib</file>
         <name>pcm.o</name>
      </input_file>
      <input_file id="fl-17">
         <path>C:\ti\simplelink_msp432p4_sdk_2_40_00_10\source\ti\devices\msp432p4xx\driverlib\ccs\</path>
         <kind>archive</kind>
         <file>msp432p4xx_driverlib.lib</file>
         <name>rtc_c.o</name>
      </input_file>
      <input_file id="fl-18">
         <path>C:\ti\simplelink_msp432p4_sdk_2_40_00_10\source\ti\devices\msp432p4xx\driverlib\ccs\</path>
         <kind>archive</kind>
         <file>msp432p4xx_driverlib.lib</file>
         <name>sysctl_a.o</name>
      </input_file>
      <input_file id="fl-19">
         <path>C:\ti\simplelink_msp432p4_sdk_2_40_00_10\source\ti\devices\msp432p4xx\driverlib\ccs\</path>
         <kind>archive</kind>
         <file>msp432p4xx_driverlib.lib</file>
         <name>sysctl.o</name>
      </input_file>
      <input_file id="fl-1a">
         <path>C:\ti\simplelink_msp432p4_sdk_2_40_00_10\source\ti\devices\msp432p4xx\driverlib\ccs\</path>
         <kind>archive</kind>
         <file>msp432p4xx_driverlib.lib</file>
         <name>systick.o</name>
      </input_file>
      <input_file id="fl-1b">
         <path>C:\ti\simplelink_msp432p4_sdk_2_40_00_10\source\ti\devices\msp432p4xx\driverlib\ccs\</path>
         <kind>archive</kind>
         <file>msp432p4xx_driverlib.lib</file>
         <name>wdt_a.o</name>
      </input_file>
      <input_file id="fl-d2">
         <path>C:\ti\ccsv8\tools\compiler\ti-cgt-arm_18.1.5.LTS\lib\</path>
         <kind>archive</kind>
         <file>rtsv7M4_T_le_v4SPD16_eabi.lib</file>
         <name>copy_decompress_lzss.c.obj</name>
      </input_file>
      <input_file id="fl-d3">
         <path>C:\ti\ccsv8\tools\compiler\ti-cgt-arm_18.1.5.LTS\lib\</path>
         <kind>archive</kind>
         <file>rtsv7M4_T_le_v4SPD16_eabi.lib</file>
         <name>copy_decompress_none.c.obj</name>
      </input_file>
      <input_file id="fl-d4">
         <path>C:\ti\ccsv8\tools\compiler\ti-cgt-arm_18.1.5.LTS\lib\</path>
         <kind>archive</kind>
         <file>rtsv7M4_T_le_v4SPD16_eabi.lib</file>
         <name>copy_zero_init.c.obj</name>
      </input_file>
      <input_file id="fl-d5">
         <path>C:\ti\ccsv8\tools\compiler\ti-cgt-arm_18.1.5.LTS\lib\</path>
         <kind>archive</kind>
         <file>rtsv7M4_T_le_v4SPD16_eabi.lib</file>
         <name>boot_cortex_m.c.obj</name>
      </input_file>
      <input_file id="fl-d6">
         <path>C:\ti\ccsv8\tools\compiler\ti-cgt-arm_18.1.5.LTS\lib\</path>
         <kind>archive</kind>
         <file>rtsv7M4_T_le_v4SPD16_eabi.lib</file>
         <name>autoinit.c.obj</name>
      </input_file>
      <input_file id="fl-d7">
         <path>C:\ti\ccsv8\tools\compiler\ti-cgt-arm_18.1.5.LTS\lib\</path>
         <kind>archive</kind>
         <file>rtsv7M4_T_le_v4SPD16_eabi.lib</file>
         <name>args_main.c.obj</name>
      </input_file>
      <input_file id="fl-d8">
         <path>C:\ti\ccsv8\tools\compiler\ti-cgt-arm_18.1.5.LTS\lib\</path>
         <kind>archive</kind>
         <file>rtsv7M4_T_le_v4SPD16_eabi.lib</file>
         <name>pre_init.c.obj</name>
      </input_file>
      <input_file id="fl-d9">
         <path>C:\ti\ccsv8\tools\compiler\ti-cgt-arm_18.1.5.LTS\lib\</path>
         <kind>archive</kind>
         <file>rtsv7M4_T_le_v4SPD16_eabi.lib</file>
         <name>cpy_tbl.c.obj</name>
      </input_file>
      <input_file id="fl-da">
         <path>C:\ti\ccsv8\tools\compiler\ti-cgt-arm_18.1.5.LTS\lib\</path>
         <kind>archive</kind>
         <file>rtsv7M4_T_le_v4SPD16_eabi.lib</file>
         <name>exit.c.obj</name>
      </input_file>
      <input_file id="fl-db">
         <path>C:\ti\ccsv8\tools\compiler\ti-cgt-arm_18.1.5.LTS\lib\</path>
         <kind>archive</kind>
         <file>rtsv7M4_T_le_v4SPD16_eabi.lib</file>
         <name>_lock.c.obj</name>
      </input_file>
      <input_file id="fl-dc">
         <path>C:\ti\ccsv8\tools\compiler\ti-cgt-arm_18.1.5.LTS\lib\</path>
         <kind>archive</kind>
         <file>rtsv7M4_T_le_v4SPD16_eabi.lib</file>
         <name>memcpy_t2.asm.obj</name>
      </input_file>
      <input_file id="fl-dd">
         <path>C:\ti\ccsv8\tools\compiler\ti-cgt-arm_18.1.5.LTS\lib\</path>
         <kind>archive</kind>
         <file>rtsv7M4_T_le_v4SPD16_eabi.lib</file>
         <name>memset_t2.asm.obj</name>
      </input_file>
      <input_file id="fl-de">
         <path>C:\ti\ccsv8\tools\compiler\ti-cgt-arm_18.1.5.LTS\lib\</path>
         <kind>archive</kind>
         <file>rtsv7M4_T_le_v4SPD16_eabi.lib</file>
         <name>printf.c.obj</name>
      </input_file>
      <input_file id="fl-df">
         <path>C:\ti\ccsv8\tools\compiler\ti-cgt-arm_18.1.5.LTS\lib\</path>
         <kind>archive</kind>
         <file>rtsv7M4_T_le_v4SPD16_eabi.lib</file>
         <name>_printfi.c.obj</name>
      </input_file>
      <input_file id="fl-e0">
         <path>C:\ti\ccsv8\tools\compiler\ti-cgt-arm_18.1.5.LTS\lib\</path>
         <kind>archive</kind>
         <file>rtsv7M4_T_le_v4SPD16_eabi.lib</file>
         <name>fd_cmp_t2.asm.obj</name>
      </input_file>
      <input_file id="fl-e1">
         <path>C:\ti\ccsv8\tools\compiler\ti-cgt-arm_18.1.5.LTS\lib\</path>
         <kind>archive</kind>
         <file>rtsv7M4_T_le_v4SPD16_eabi.lib</file>
         <name>fd_toi_t2.asm.obj</name>
      </input_file>
      <input_file id="fl-e2">
         <path>C:\ti\ccsv8\tools\compiler\ti-cgt-arm_18.1.5.LTS\lib\</path>
         <kind>archive</kind>
         <file>rtsv7M4_T_le_v4SPD16_eabi.lib</file>
         <name>fd_div_t2.asm.obj</name>
      </input_file>
      <input_file id="fl-e3">
         <path>C:\ti\ccsv8\tools\compiler\ti-cgt-arm_18.1.5.LTS\lib\</path>
         <kind>archive</kind>
         <file>rtsv7M4_T_le_v4SPD16_eabi.lib</file>
         <name>fd_mul_t2.asm.obj</name>
      </input_file>
      <input_file id="fl-e4">
         <path>C:\ti\ccsv8\tools\compiler\ti-cgt-arm_18.1.5.LTS\lib\</path>
         <kind>archive</kind>
         <file>rtsv7M4_T_le_v4SPD16_eabi.lib</file>
         <name>fd_add_t2.asm.obj</name>
      </input_file>
      <input_file id="fl-e5">
         <path>C:\ti\ccsv8\tools\compiler\ti-cgt-arm_18.1.5.LTS\lib\</path>
         <kind>archive</kind>
         <file>rtsv7M4_T_le_v4SPD16_eabi.lib</file>
         <name>errno.c.obj</name>
      </input_file>
      <input_file id="fl-e6">
         <path>C:\ti\ccsv8\tools\compiler\ti-cgt-arm_18.1.5.LTS\lib\</path>
         <kind>archive</kind>
         <file>rtsv7M4_T_le_v4SPD16_eabi.lib</file>
         <name>i_tofd_t2.asm.obj</name>
      </input_file>
      <input_file id="fl-e7">
         <path>C:\ti\ccsv8\tools\compiler\ti-cgt-arm_18.1.5.LTS\lib\</path>
         <kind>archive</kind>
         <file>rtsv7M4_T_le_v4SPD16_eabi.lib</file>
         <name>ull_div_t2.asm.obj</name>
      </input_file>
      <input_file id="fl-e8">
         <path>C:\ti\ccsv8\tools\compiler\ti-cgt-arm_18.1.5.LTS\lib\</path>
         <kind>archive</kind>
         <file>rtsv7M4_T_le_v4SPD16_eabi.lib</file>
         <name>div0.asm.obj</name>
      </input_file>
      <input_file id="fl-e9">
         <path>C:\ti\ccsv8\tools\compiler\ti-cgt-arm_18.1.5.LTS\lib\</path>
         <kind>archive</kind>
         <file>rtsv7M4_T_le_v4SPD16_eabi.lib</file>
         <name>defs.c.obj</name>
      </input_file>
      <input_file id="fl-ea">
         <path>C:\ti\ccsv8\tools\compiler\ti-cgt-arm_18.1.5.LTS\lib\</path>
         <kind>archive</kind>
         <file>rtsv7M4_T_le_v4SPD16_eabi.lib</file>
         <name>atoi.c.obj</name>
      </input_file>
      <input_file id="fl-eb">
         <path>C:\ti\ccsv8\tools\compiler\ti-cgt-arm_18.1.5.LTS\lib\</path>
         <kind>archive</kind>
         <file>rtsv7M4_T_le_v4SPD16_eabi.lib</file>
         <name>ctype.c.obj</name>
      </input_file>
      <input_file id="fl-ec">
         <path>C:\ti\ccsv8\tools\compiler\ti-cgt-arm_18.1.5.LTS\lib\</path>
         <kind>archive</kind>
         <file>rtsv7M4_T_le_v4SPD16_eabi.lib</file>
         <name>fputc.c.obj</name>
      </input_file>
      <input_file id="fl-ed">
         <path>C:\ti\ccsv8\tools\compiler\ti-cgt-arm_18.1.5.LTS\lib\</path>
         <kind>archive</kind>
         <file>rtsv7M4_T_le_v4SPD16_eabi.lib</file>
         <name>fflush.c.obj</name>
      </input_file>
      <input_file id="fl-ee">
         <path>C:\ti\ccsv8\tools\compiler\ti-cgt-arm_18.1.5.LTS\lib\</path>
         <kind>archive</kind>
         <file>rtsv7M4_T_le_v4SPD16_eabi.lib</file>
         <name>_io_perm.c.obj</name>
      </input_file>
      <input_file id="fl-ef">
         <path>C:\ti\ccsv8\tools\compiler\ti-cgt-arm_18.1.5.LTS\lib\</path>
         <kind>archive</kind>
         <file>rtsv7M4_T_le_v4SPD16_eabi.lib</file>
         <name>fputs.c.obj</name>
      </input_file>
      <input_file id="fl-f0">
         <path>C:\ti\ccsv8\tools\compiler\ti-cgt-arm_18.1.5.LTS\lib\</path>
         <kind>archive</kind>
         <file>rtsv7M4_T_le_v4SPD16_eabi.lib</file>
         <name>s_frexp.c.obj</name>
      </input_file>
      <input_file id="fl-f1">
         <path>C:\ti\ccsv8\tools\compiler\ti-cgt-arm_18.1.5.LTS\lib\</path>
         <kind>archive</kind>
         <file>rtsv7M4_T_le_v4SPD16_eabi.lib</file>
         <name>fseek.c.obj</name>
      </input_file>
      <input_file id="fl-f2">
         <path>C:\ti\ccsv8\tools\compiler\ti-cgt-arm_18.1.5.LTS\lib\</path>
         <kind>archive</kind>
         <file>rtsv7M4_T_le_v4SPD16_eabi.lib</file>
         <name>s_scalbn.c.obj</name>
      </input_file>
      <input_file id="fl-f3">
         <path>C:\ti\ccsv8\tools\compiler\ti-cgt-arm_18.1.5.LTS\lib\</path>
         <kind>archive</kind>
         <file>rtsv7M4_T_le_v4SPD16_eabi.lib</file>
         <name>s_copysign.c.obj</name>
      </input_file>
      <input_file id="fl-f4">
         <path>C:\ti\ccsv8\tools\compiler\ti-cgt-arm_18.1.5.LTS\lib\</path>
         <kind>archive</kind>
         <file>rtsv7M4_T_le_v4SPD16_eabi.lib</file>
         <name>lseek.c.obj</name>
      </input_file>
      <input_file id="fl-f5">
         <path>C:\ti\ccsv8\tools\compiler\ti-cgt-arm_18.1.5.LTS\lib\</path>
         <kind>archive</kind>
         <file>rtsv7M4_T_le_v4SPD16_eabi.lib</file>
         <name>write.c.obj</name>
      </input_file>
      <input_file id="fl-f6">
         <path>C:\ti\ccsv8\tools\compiler\ti-cgt-arm_18.1.5.LTS\lib\</path>
         <kind>archive</kind>
         <file>rtsv7M4_T_le_v4SPD16_eabi.lib</file>
         <name>hostclose.c.obj</name>
      </input_file>
      <input_file id="fl-f7">
         <path>C:\ti\ccsv8\tools\compiler\ti-cgt-arm_18.1.5.LTS\lib\</path>
         <kind>archive</kind>
         <file>rtsv7M4_T_le_v4SPD16_eabi.lib</file>
         <name>hostlseek.c.obj</name>
      </input_file>
      <input_file id="fl-f8">
         <path>C:\ti\ccsv8\tools\compiler\ti-cgt-arm_18.1.5.LTS\lib\</path>
         <kind>archive</kind>
         <file>rtsv7M4_T_le_v4SPD16_eabi.lib</file>
         <name>hostopen.c.obj</name>
      </input_file>
      <input_file id="fl-f9">
         <path>C:\ti\ccsv8\tools\compiler\ti-cgt-arm_18.1.5.LTS\lib\</path>
         <kind>archive</kind>
         <file>rtsv7M4_T_le_v4SPD16_eabi.lib</file>
         <name>hostread.c.obj</name>
      </input_file>
      <input_file id="fl-fa">
         <path>C:\ti\ccsv8\tools\compiler\ti-cgt-arm_18.1.5.LTS\lib\</path>
         <kind>archive</kind>
         <file>rtsv7M4_T_le_v4SPD16_eabi.lib</file>
         <name>hostrename.c.obj</name>
      </input_file>
      <input_file id="fl-fb">
         <path>C:\ti\ccsv8\tools\compiler\ti-cgt-arm_18.1.5.LTS\lib\</path>
         <kind>archive</kind>
         <file>rtsv7M4_T_le_v4SPD16_eabi.lib</file>
         <name>hostunlink.c.obj</name>
      </input_file>
      <input_file id="fl-fc">
         <path>C:\ti\ccsv8\tools\compiler\ti-cgt-arm_18.1.5.LTS\lib\</path>
         <kind>archive</kind>
         <file>rtsv7M4_T_le_v4SPD16_eabi.lib</file>
         <name>hostwrite.c.obj</name>
      </input_file>
      <input_file id="fl-fd">
         <path>C:\ti\ccsv8\tools\compiler\ti-cgt-arm_18.1.5.LTS\lib\</path>
         <kind>archive</kind>
         <file>rtsv7M4_T_le_v4SPD16_eabi.lib</file>
         <name>trgmsg.c.obj</name>
      </input_file>
      <input_file id="fl-fe">
         <path>C:\ti\ccsv8\tools\compiler\ti-cgt-arm_18.1.5.LTS\lib\</path>
         <kind>archive</kind>
         <file>rtsv7M4_T_le_v4SPD16_eabi.lib</file>
         <name>ltoa.c.obj</name>
      </input_file>
      <input_file id="fl-ff">
         <path>C:\ti\ccsv8\tools\compiler\ti-cgt-arm_18.1.5.LTS\lib\</path>
         <kind>archive</kind>
         <file>rtsv7M4_T_le_v4SPD16_eabi.lib</file>
         <name>memccpy.c.obj</name>
      </input_file>
      <input_file id="fl-100">
         <path>C:\ti\ccsv8\tools\compiler\ti-cgt-arm_18.1.5.LTS\lib\</path>
         <kind>archive</kind>
         <file>rtsv7M4_T_le_v4SPD16_eabi.lib</file>
         <name>memchr.c.obj</name>
      </input_file>
      <input_file id="fl-101">
         <path>C:\ti\ccsv8\tools\compiler\ti-cgt-arm_18.1.5.LTS\lib\</path>
         <kind>archive</kind>
         <file>rtsv7M4_T_le_v4SPD16_eabi.lib</file>
         <name>setvbuf.c.obj</name>
      </input_file>
      <input_file id="fl-102">
         <path>C:\ti\ccsv8\tools\compiler\ti-cgt-arm_18.1.5.LTS\lib\</path>
         <kind>archive</kind>
         <file>rtsv7M4_T_le_v4SPD16_eabi.lib</file>
         <name>fopen.c.obj</name>
      </input_file>
      <input_file id="fl-103">
         <path>C:\ti\ccsv8\tools\compiler\ti-cgt-arm_18.1.5.LTS\lib\</path>
         <kind>archive</kind>
         <file>rtsv7M4_T_le_v4SPD16_eabi.lib</file>
         <name>fclose.c.obj</name>
      </input_file>
      <input_file id="fl-104">
         <path>C:\ti\ccsv8\tools\compiler\ti-cgt-arm_18.1.5.LTS\lib\</path>
         <kind>archive</kind>
         <file>rtsv7M4_T_le_v4SPD16_eabi.lib</file>
         <name>close.c.obj</name>
      </input_file>
      <input_file id="fl-105">
         <path>C:\ti\ccsv8\tools\compiler\ti-cgt-arm_18.1.5.LTS\lib\</path>
         <kind>archive</kind>
         <file>rtsv7M4_T_le_v4SPD16_eabi.lib</file>
         <name>memory.c.obj</name>
      </input_file>
      <input_file id="fl-106">
         <path>C:\ti\ccsv8\tools\compiler\ti-cgt-arm_18.1.5.LTS\lib\</path>
         <kind>archive</kind>
         <file>rtsv7M4_T_le_v4SPD16_eabi.lib</file>
         <name>open.c.obj</name>
      </input_file>
      <input_file id="fl-107">
         <path>C:\ti\ccsv8\tools\compiler\ti-cgt-arm_18.1.5.LTS\lib\</path>
         <kind>archive</kind>
         <file>rtsv7M4_T_le_v4SPD16_eabi.lib</file>
         <name>getdevice.c.obj</name>
      </input_file>
      <input_file id="fl-108">
         <path>C:\ti\ccsv8\tools\compiler\ti-cgt-arm_18.1.5.LTS\lib\</path>
         <kind>archive</kind>
         <file>rtsv7M4_T_le_v4SPD16_eabi.lib</file>
         <name>remove.c.obj</name>
      </input_file>
      <input_file id="fl-109">
         <path>C:\ti\ccsv8\tools\compiler\ti-cgt-arm_18.1.5.LTS\lib\</path>
         <kind>archive</kind>
         <file>rtsv7M4_T_le_v4SPD16_eabi.lib</file>
         <name>strchr.c.obj</name>
      </input_file>
      <input_file id="fl-10a">
         <path>C:\ti\ccsv8\tools\compiler\ti-cgt-arm_18.1.5.LTS\lib\</path>
         <kind>archive</kind>
         <file>rtsv7M4_T_le_v4SPD16_eabi.lib</file>
         <name>strcmp.c.obj</name>
      </input_file>
      <input_file id="fl-10b">
         <path>C:\ti\ccsv8\tools\compiler\ti-cgt-arm_18.1.5.LTS\lib\</path>
         <kind>archive</kind>
         <file>rtsv7M4_T_le_v4SPD16_eabi.lib</file>
         <name>strcpy.c.obj</name>
      </input_file>
      <input_file id="fl-10c">
         <path>C:\ti\ccsv8\tools\compiler\ti-cgt-arm_18.1.5.LTS\lib\</path>
         <kind>archive</kind>
         <file>rtsv7M4_T_le_v4SPD16_eabi.lib</file>
         <name>strlen.c.obj</name>
      </input_file>
      <input_file id="fl-10d">
         <path>C:\ti\ccsv8\tools\compiler\ti-cgt-arm_18.1.5.LTS\lib\</path>
         <kind>archive</kind>
         <file>rtsv7M4_T_le_v4SPD16_eabi.lib</file>
         <name>strncmp.c.obj</name>
      </input_file>
      <input_file id="fl-10e">
         <path>C:\ti\ccsv8\tools\compiler\ti-cgt-arm_18.1.5.LTS\lib\</path>
         <kind>archive</kind>
         <file>rtsv7M4_T_le_v4SPD16_eabi.lib</file>
         <name>strncpy.c.obj</name>
      </input_file>
      <input_file id="fl-10f">
         <path>C:\ti\ccsv8\tools\compiler\ti-cgt-arm_18.1.5.LTS\lib\</path>
         <kind>archive</kind>
         <file>rtsv7M4_T_le_v4SPD16_eabi.lib</file>
         <name>unlink.c.obj</name>
      </input_file>
      <input_file id="fl-110">
         <path>C:\ti\ccsv8\tools\compiler\ti-cgt-arm_18.1.5.LTS\lib\</path>
         <kind>archive</kind>
         <file>rtsv7M4_T_le_v4SPD16_eabi.lib</file>
         <name>wcslen.c.obj</name>
      </input_file>
   </input_file_list>
   <object_component_list>
      <object_component id="oc-23">
         <name>.intvecs:retain</name>
         <load_address>0x0</load_address>
         <run_address>0x0</run_address>
         <size>0xe4</size>
         <input_file_ref idref="fl-3"/>
      </object_component>
      <object_component id="oc-19b">
         <name>.text:__TI_printfi</name>
         <load_address>0xe4</load_address>
         <run_address>0xe4</run_address>
         <size>0xa5e</size>
         <input_file_ref idref="fl-df"/>
      </object_component>
      <object_component id="oc-2a3">
         <name>.text:_nop</name>
         <load_address>0xb42</load_address>
         <run_address>0xb42</run_address>
         <size>0x2</size>
         <input_file_ref idref="fl-db"/>
      </object_component>
      <object_component id="oc-c8">
         <name>.text</name>
         <load_address>0xb44</load_address>
         <run_address>0xb44</run_address>
         <size>0x42c</size>
         <input_file_ref idref="fl-7"/>
      </object_component>
      <object_component id="oc-73">
         <name>.text</name>
         <load_address>0xf70</load_address>
         <run_address>0xf70</run_address>
         <size>0x370</size>
         <input_file_ref idref="fl-c"/>
      </object_component>
      <object_component id="oc-79">
         <name>.text</name>
         <load_address>0x12e0</load_address>
         <run_address>0x12e0</run_address>
         <size>0x35c</size>
         <input_file_ref idref="fl-6"/>
      </object_component>
      <object_component id="oc-bb">
         <name>.text</name>
         <load_address>0x163c</load_address>
         <run_address>0x163c</run_address>
         <size>0x334</size>
         <input_file_ref idref="fl-4"/>
      </object_component>
      <object_component id="oc-27f">
         <name>.text:_pconv_a</name>
         <load_address>0x1970</load_address>
         <run_address>0x1970</run_address>
         <size>0x270</size>
         <input_file_ref idref="fl-df"/>
      </object_component>
      <object_component id="oc-26d">
         <name>.text:_pconv_g</name>
         <load_address>0x1be0</load_address>
         <run_address>0x1be0</run_address>
         <size>0x1d0</size>
         <input_file_ref idref="fl-df"/>
      </object_component>
      <object_component id="oc-327">
         <name>.text</name>
         <load_address>0x1db0</load_address>
         <run_address>0x1db0</run_address>
         <size>0x1b6</size>
         <input_file_ref idref="fl-e4"/>
      </object_component>
      <object_component id="oc-3d4">
         <name>.text</name>
         <load_address>0x1f66</load_address>
         <run_address>0x1f66</run_address>
         <size>0x2</size>
         <input_file_ref idref="fl-e8"/>
      </object_component>
      <object_component id="oc-6d">
         <name>.text</name>
         <load_address>0x1f68</load_address>
         <run_address>0x1f68</run_address>
         <size>0x188</size>
         <input_file_ref idref="fl-b"/>
      </object_component>
      <object_component id="oc-428">
         <name>.text:__PCM_setPowerModeAdvanced</name>
         <load_address>0x20f0</load_address>
         <run_address>0x20f0</run_address>
         <size>0x15c</size>
         <input_file_ref idref="fl-16"/>
      </object_component>
      <object_component id="oc-279">
         <name>.text:_pconv_e</name>
         <load_address>0x224c</load_address>
         <run_address>0x224c</run_address>
         <size>0x13c</size>
         <input_file_ref idref="fl-df"/>
      </object_component>
      <object_component id="oc-30d">
         <name>.text</name>
         <load_address>0x2388</load_address>
         <run_address>0x2388</run_address>
         <size>0x136</size>
         <input_file_ref idref="fl-e2"/>
      </object_component>
      <object_component id="oc-339">
         <name>.text:fcvt</name>
         <load_address>0x24c0</load_address>
         <run_address>0x24c0</run_address>
         <size>0x124</size>
         <input_file_ref idref="fl-df"/>
      </object_component>
      <object_component id="oc-2b1">
         <name>.text:fputs</name>
         <load_address>0x25e4</load_address>
         <run_address>0x25e4</run_address>
         <size>0x114</size>
         <input_file_ref idref="fl-ef"/>
      </object_component>
      <object_component id="oc-34d">
         <name>.text:scalbn</name>
         <load_address>0x26f8</load_address>
         <run_address>0x26f8</run_address>
         <size>0x110</size>
         <input_file_ref idref="fl-f2"/>
      </object_component>
      <object_component id="oc-2db">
         <name>.text:__PCM_setCoreVoltageLevelAdvanced</name>
         <load_address>0x2808</load_address>
         <run_address>0x2808</run_address>
         <size>0x108</size>
         <input_file_ref idref="fl-16"/>
      </object_component>
      <object_component id="oc-ce">
         <name>.text</name>
         <load_address>0x2910</load_address>
         <run_address>0x2910</run_address>
         <size>0x100</size>
         <input_file_ref idref="fl-a"/>
      </object_component>
      <object_component id="oc-308">
         <name>.text</name>
         <load_address>0x2a10</load_address>
         <run_address>0x2a10</run_address>
         <size>0xfc</size>
         <input_file_ref idref="fl-e3"/>
      </object_component>
      <object_component id="oc-40f">
         <name>.text:setvbuf</name>
         <load_address>0x2b0c</load_address>
         <run_address>0x2b0c</run_address>
         <size>0xdc</size>
         <input_file_ref idref="fl-101"/>
      </object_component>
      <object_component id="oc-448">
         <name>.text:free</name>
         <load_address>0x2be8</load_address>
         <run_address>0x2be8</run_address>
         <size>0xd8</size>
         <input_file_ref idref="fl-105"/>
      </object_component>
      <object_component id="oc-262">
         <name>.text:_ltostr</name>
         <load_address>0x2cc0</load_address>
         <run_address>0x2cc0</run_address>
         <size>0xb1</size>
         <input_file_ref idref="fl-df"/>
      </object_component>
      <object_component id="oc-37">
         <name>.text</name>
         <load_address>0x2d72</load_address>
         <run_address>0x2d72</run_address>
         <size>0x9c</size>
         <input_file_ref idref="fl-dc"/>
      </object_component>
      <object_component id="oc-301">
         <name>.text</name>
         <load_address>0x2e0e</load_address>
         <run_address>0x2e0e</run_address>
         <size>0x96</size>
         <input_file_ref idref="fl-e7"/>
      </object_component>
      <object_component id="oc-2b8">
         <name>.text:fputc</name>
         <load_address>0x2ea4</load_address>
         <run_address>0x2ea4</run_address>
         <size>0x8c</size>
         <input_file_ref idref="fl-ec"/>
      </object_component>
      <object_component id="oc-268">
         <name>.text:__aeabi_cdcmple</name>
         <load_address>0x2f30</load_address>
         <run_address>0x2f30</run_address>
         <size>0x86</size>
         <input_file_ref idref="fl-e0"/>
      </object_component>
      <object_component id="oc-312">
         <name>.text:__aeabi_cdrcmple</name>
         <load_address>0x2fb6</load_address>
         <run_address>0x2fb6</run_address>
         <size>0x86</size>
         <input_file_ref idref="fl-e0"/>
      </object_component>
      <object_component id="oc-f0">
         <name>.text:GPIO_getEnabledInterruptStatus</name>
         <load_address>0x303c</load_address>
         <run_address>0x303c</run_address>
         <size>0x84</size>
         <input_file_ref idref="fl-14"/>
      </object_component>
      <object_component id="oc-a9">
         <name>.text</name>
         <load_address>0x30c0</load_address>
         <run_address>0x30c0</run_address>
         <size>0x84</size>
         <input_file_ref idref="fl-2"/>
      </object_component>
      <object_component id="oc-9d">
         <name>.text</name>
         <load_address>0x3144</load_address>
         <run_address>0x3144</run_address>
         <size>0x7a</size>
         <input_file_ref idref="fl-dd"/>
      </object_component>
      <object_component id="oc-44e">
         <name>.text:malloc</name>
         <load_address>0x31c0</load_address>
         <run_address>0x31c0</run_address>
         <size>0x78</size>
         <input_file_ref idref="fl-105"/>
      </object_component>
      <object_component id="oc-49b">
         <name>.text:__TI_closefile</name>
         <load_address>0x3238</load_address>
         <run_address>0x3238</run_address>
         <size>0x74</size>
         <input_file_ref idref="fl-103"/>
      </object_component>
      <object_component id="oc-332">
         <name>.text:_mcpy</name>
         <load_address>0x32ac</load_address>
         <run_address>0x32ac</run_address>
         <size>0x6e</size>
         <input_file_ref idref="fl-df"/>
      </object_component>
      <object_component id="oc-4bf">
         <name>.text:HOSTlseek</name>
         <load_address>0x331c</load_address>
         <run_address>0x331c</run_address>
         <size>0x68</size>
         <input_file_ref idref="fl-f7"/>
      </object_component>
      <object_component id="oc-4cb">
         <name>.text:HOSTrename</name>
         <load_address>0x3384</load_address>
         <run_address>0x3384</run_address>
         <size>0x68</size>
         <input_file_ref idref="fl-fa"/>
      </object_component>
      <object_component id="oc-14">
         <name>.text:decompress:lzss:__TI_decompress_lzss</name>
         <load_address>0x33ec</load_address>
         <run_address>0x33ec</run_address>
         <size>0x68</size>
         <input_file_ref idref="fl-d2"/>
      </object_component>
      <object_component id="oc-c2">
         <name>.text:printf</name>
         <load_address>0x3454</load_address>
         <run_address>0x3454</run_address>
         <size>0x68</size>
         <input_file_ref idref="fl-de"/>
      </object_component>
      <object_component id="oc-347">
         <name>.text:frexp</name>
         <load_address>0x34bc</load_address>
         <run_address>0x34bc</run_address>
         <size>0x64</size>
         <input_file_ref idref="fl-f0"/>
      </object_component>
      <object_component id="oc-409">
         <name>.text:fseek</name>
         <load_address>0x3520</load_address>
         <run_address>0x3520</run_address>
         <size>0x64</size>
         <input_file_ref idref="fl-f1"/>
      </object_component>
      <object_component id="oc-37e">
         <name>.text:__TI_wrt_ok</name>
         <load_address>0x3584</load_address>
         <run_address>0x3584</run_address>
         <size>0x62</size>
         <input_file_ref idref="fl-ee"/>
      </object_component>
      <object_component id="oc-4a7">
         <name>.text:HOSTopen</name>
         <load_address>0x35e8</load_address>
         <run_address>0x35e8</run_address>
         <size>0x60</size>
         <input_file_ref idref="fl-f8"/>
      </object_component>
      <object_component id="oc-3ae">
         <name>.text:PCM_getCoreVoltageLevel</name>
         <load_address>0x3648</load_address>
         <run_address>0x3648</run_address>
         <size>0x5e</size>
         <input_file_ref idref="fl-16"/>
      </object_component>
      <object_component id="oc-4da">
         <name>.text:close</name>
         <load_address>0x36a8</load_address>
         <run_address>0x36a8</run_address>
         <size>0x5c</size>
         <input_file_ref idref="fl-104"/>
      </object_component>
      <object_component id="oc-3a8">
         <name>.text:PCM_getPowerMode</name>
         <load_address>0x3704</load_address>
         <run_address>0x3704</run_address>
         <size>0x5a</size>
         <input_file_ref idref="fl-16"/>
      </object_component>
      <object_component id="oc-4b3">
         <name>.text:HOSTread</name>
         <load_address>0x3760</load_address>
         <run_address>0x3760</run_address>
         <size>0x58</size>
         <input_file_ref idref="fl-f9"/>
      </object_component>
      <object_component id="oc-4b9">
         <name>.text:HOSTwrite</name>
         <load_address>0x37b8</load_address>
         <run_address>0x37b8</run_address>
         <size>0x58</size>
         <input_file_ref idref="fl-fc"/>
      </object_component>
      <object_component id="oc-273">
         <name>.text:_pconv_f</name>
         <load_address>0x3810</load_address>
         <run_address>0x3810</run_address>
         <size>0x56</size>
         <input_file_ref idref="fl-df"/>
      </object_component>
      <object_component id="oc-31c">
         <name>.text:ltoa</name>
         <load_address>0x3866</load_address>
         <run_address>0x3866</run_address>
         <size>0x54</size>
         <input_file_ref idref="fl-fe"/>
      </object_component>
      <object_component id="oc-32c">
         <name>.text:_ecpy</name>
         <load_address>0x38ba</load_address>
         <run_address>0x38ba</run_address>
         <size>0x52</size>
         <input_file_ref idref="fl-df"/>
      </object_component>
      <object_component id="oc-38a">
         <name>.text:__TI_doflush</name>
         <load_address>0x390c</load_address>
         <run_address>0x390c</run_address>
         <size>0x4c</size>
         <input_file_ref idref="fl-ed"/>
      </object_component>
      <object_component id="oc-25c">
         <name>.text:atoi</name>
         <load_address>0x3958</load_address>
         <run_address>0x3958</run_address>
         <size>0x4c</size>
         <input_file_ref idref="fl-ea"/>
      </object_component>
      <object_component id="oc-217">
         <name>.text:FlashCtl_setWaitState</name>
         <load_address>0x39a4</load_address>
         <run_address>0x39a4</run_address>
         <size>0x48</size>
         <input_file_ref idref="fl-12"/>
      </object_component>
      <object_component id="oc-15f">
         <name>.text:exit</name>
         <load_address>0x39ec</load_address>
         <run_address>0x39ec</run_address>
         <size>0x48</size>
         <input_file_ref idref="fl-da"/>
      </object_component>
      <object_component id="oc-317">
         <name>.text</name>
         <load_address>0x3a34</load_address>
         <run_address>0x3a34</run_address>
         <size>0x48</size>
         <input_file_ref idref="fl-e1"/>
      </object_component>
      <object_component id="oc-4ad">
         <name>.text:HOSTclose</name>
         <load_address>0x3a7c</load_address>
         <run_address>0x3a7c</run_address>
         <size>0x44</size>
         <input_file_ref idref="fl-f6"/>
      </object_component>
      <object_component id="oc-4c5">
         <name>.text:HOSTunlink</name>
         <load_address>0x3ac0</load_address>
         <run_address>0x3ac0</run_address>
         <size>0x44</size>
         <input_file_ref idref="fl-fb"/>
      </object_component>
      <object_component id="oc-165">
         <name>.text:__TI_auto_init_nobinit_nopinit:__TI_auto_init_nobinit_nopinit</name>
         <load_address>0x3b04</load_address>
         <run_address>0x3b04</run_address>
         <size>0x44</size>
         <input_file_ref idref="fl-d6"/>
      </object_component>
      <object_component id="oc-509">
         <name>.text:getdevice</name>
         <load_address>0x3b48</load_address>
         <run_address>0x3b48</run_address>
         <size>0x44</size>
         <input_file_ref idref="fl-107"/>
      </object_component>
      <object_component id="oc-33f">
         <name>.text:_fcpy</name>
         <load_address>0x3b8c</load_address>
         <run_address>0x3b8c</run_address>
         <size>0x3e</size>
         <input_file_ref idref="fl-df"/>
      </object_component>
      <object_component id="oc-490">
         <name>.text:minsert</name>
         <load_address>0x3bcc</load_address>
         <run_address>0x3bcc</run_address>
         <size>0x3c</size>
         <input_file_ref idref="fl-105"/>
      </object_component>
      <object_component id="oc-4eb">
         <name>.text:__TI_writemsg</name>
         <load_address>0x3c08</load_address>
         <run_address>0x3c08</run_address>
         <size>0x38</size>
         <input_file_ref idref="fl-fd"/>
      </object_component>
      <object_component id="oc-55">
         <name>.text:_c_int00_noargs:_c_int00_noargs</name>
         <load_address>0x3c40</load_address>
         <run_address>0x3c40</run_address>
         <size>0x38</size>
         <input_file_ref idref="fl-d5"/>
      </object_component>
      <object_component id="oc-484">
         <name>.text:minit</name>
         <load_address>0x3c78</load_address>
         <run_address>0x3c78</run_address>
         <size>0x38</size>
         <input_file_ref idref="fl-105"/>
      </object_component>
      <object_component id="oc-529">
         <name>.text:strncpy</name>
         <load_address>0x3cb0</load_address>
         <run_address>0x3cb0</run_address>
         <size>0x36</size>
         <input_file_ref idref="fl-10e"/>
      </object_component>
      <object_component id="oc-223">
         <name>.text:CS_setDCOCenteredFrequency</name>
         <load_address>0x3ce8</load_address>
         <run_address>0x3ce8</run_address>
         <size>0x34</size>
         <input_file_ref idref="fl-11"/>
      </object_component>
      <object_component id="oc-454">
         <name>.text:__TI_cleanup</name>
         <load_address>0x3d1c</load_address>
         <run_address>0x3d1c</run_address>
         <size>0x34</size>
         <input_file_ref idref="fl-102"/>
      </object_component>
      <object_component id="oc-4f1">
         <name>.text:__TI_readmsg</name>
         <load_address>0x3d50</load_address>
         <run_address>0x3d50</run_address>
         <size>0x34</size>
         <input_file_ref idref="fl-fd"/>
      </object_component>
      <object_component id="oc-108">
         <name>.text:GPIO_getInputPinValue</name>
         <load_address>0x3d84</load_address>
         <run_address>0x3d84</run_address>
         <size>0x30</size>
         <input_file_ref idref="fl-14"/>
      </object_component>
      <object_component id="oc-52f">
         <name>.text:finddevice</name>
         <load_address>0x3db4</load_address>
         <run_address>0x3db4</run_address>
         <size>0x30</size>
         <input_file_ref idref="fl-107"/>
      </object_component>
      <object_component id="oc-322">
         <name>.text</name>
         <load_address>0x3de4</load_address>
         <run_address>0x3de4</run_address>
         <size>0x2e</size>
         <input_file_ref idref="fl-e6"/>
      </object_component>
      <object_component id="oc-4e0">
         <name>.text:unlink</name>
         <load_address>0x3e14</load_address>
         <run_address>0x3e14</run_address>
         <size>0x2c</size>
         <input_file_ref idref="fl-10f"/>
      </object_component>
      <object_component id="oc-102">
         <name>.text:GPIO_setOutputHighOnPin</name>
         <load_address>0x3e40</load_address>
         <run_address>0x3e40</run_address>
         <size>0x28</size>
         <input_file_ref idref="fl-14"/>
      </object_component>
      <object_component id="oc-fc">
         <name>.text:GPIO_setOutputLowOnPin</name>
         <load_address>0x3e68</load_address>
         <run_address>0x3e68</run_address>
         <size>0x28</size>
         <input_file_ref idref="fl-14"/>
      </object_component>
      <object_component id="oc-1cc">
         <name>.text:GPIO_toggleOutputOnPin</name>
         <load_address>0x3e90</load_address>
         <run_address>0x3e90</run_address>
         <size>0x28</size>
         <input_file_ref idref="fl-14"/>
      </object_component>
      <object_component id="oc-440">
         <name>.text:lseek</name>
         <load_address>0x3eb8</load_address>
         <run_address>0x3eb8</run_address>
         <size>0x28</size>
         <input_file_ref idref="fl-f4"/>
      </object_component>
      <object_component id="oc-48a">
         <name>.text:mremove</name>
         <load_address>0x3ee0</load_address>
         <run_address>0x3ee0</run_address>
         <size>0x28</size>
         <input_file_ref idref="fl-105"/>
      </object_component>
      <object_component id="oc-390">
         <name>.text:write</name>
         <load_address>0x3f08</load_address>
         <run_address>0x3f08</run_address>
         <size>0x28</size>
         <input_file_ref idref="fl-f5"/>
      </object_component>
      <object_component id="oc-1f3">
         <name>.text:GPIO_getInterruptStatus</name>
         <load_address>0x3f30</load_address>
         <run_address>0x3f30</run_address>
         <size>0x24</size>
         <input_file_ref idref="fl-14"/>
      </object_component>
      <object_component id="oc-147">
         <name>.text</name>
         <load_address>0x3f54</load_address>
         <run_address>0x3f54</run_address>
         <size>0x22</size>
         <input_file_ref idref="fl-9"/>
      </object_component>
      <object_component id="oc-384">
         <name>.text:memchr</name>
         <load_address>0x3f76</load_address>
         <run_address>0x3f76</run_address>
         <size>0x20</size>
         <input_file_ref idref="fl-100"/>
      </object_component>
      <object_component id="oc-285">
         <name>.text:memccpy</name>
         <load_address>0x3f96</load_address>
         <run_address>0x3f96</run_address>
         <size>0x1c</size>
         <input_file_ref idref="fl-ff"/>
      </object_component>
      <object_component id="oc-544">
         <name>.text:strcmp</name>
         <load_address>0x3fb2</load_address>
         <run_address>0x3fb2</run_address>
         <size>0x18</size>
         <input_file_ref idref="fl-10a"/>
      </object_component>
      <object_component id="oc-353">
         <name>.text:strchr</name>
         <load_address>0x3fca</load_address>
         <run_address>0x3fca</run_address>
         <size>0x16</size>
         <input_file_ref idref="fl-109"/>
      </object_component>
      <object_component id="oc-3b4">
         <name>.text:PCM_getPowerState</name>
         <load_address>0x3fe0</load_address>
         <run_address>0x3fe0</run_address>
         <size>0x14</size>
         <input_file_ref idref="fl-16"/>
      </object_component>
      <object_component id="oc-3ed">
         <name>.text:copysign</name>
         <load_address>0x3ff4</load_address>
         <run_address>0x3ff4</run_address>
         <size>0x14</size>
         <input_file_ref idref="fl-f3"/>
      </object_component>
      <object_component id="oc-141">
         <name>.text:strcpy</name>
         <load_address>0x4008</load_address>
         <run_address>0x4008</run_address>
         <size>0x14</size>
         <input_file_ref idref="fl-10b"/>
      </object_component>
      <object_component id="oc-256">
         <name>.text:strlen</name>
         <load_address>0x401c</load_address>
         <run_address>0x401c</run_address>
         <size>0x14</size>
         <input_file_ref idref="fl-10c"/>
      </object_component>
      <object_component id="oc-28b">
         <name>.text:wcslen</name>
         <load_address>0x4030</load_address>
         <run_address>0x4030</run_address>
         <size>0x12</size>
         <input_file_ref idref="fl-110"/>
      </object_component>
      <object_component id="oc-21d">
         <name>.text:PCM_setCoreVoltageLevel</name>
         <load_address>0x4042</load_address>
         <run_address>0x4042</run_address>
         <size>0x10</size>
         <input_file_ref idref="fl-16"/>
      </object_component>
      <object_component id="oc-3ba">
         <name>.text:PCM_setPowerMode</name>
         <load_address>0x4052</load_address>
         <run_address>0x4052</run_address>
         <size>0x10</size>
         <input_file_ref idref="fl-16"/>
      </object_component>
      <object_component id="oc-1a">
         <name>.text:decompress:none:__TI_decompress_none</name>
         <load_address>0x4062</load_address>
         <run_address>0x4062</run_address>
         <size>0xe</size>
         <input_file_ref idref="fl-d3"/>
      </object_component>
      <object_component id="oc-67">
         <name>.text</name>
         <load_address>0x4070</load_address>
         <run_address>0x4070</run_address>
         <size>0xe</size>
         <input_file_ref idref="fl-3"/>
      </object_component>
      <object_component id="oc-f6">
         <name>.text:SysTick_getValue</name>
         <load_address>0x4080</load_address>
         <run_address>0x4080</run_address>
         <size>0xc</size>
         <input_file_ref idref="fl-1a"/>
      </object_component>
      <object_component id="oc-49">
         <name>.text:decompress:ZI:__TI_zero_init</name>
         <load_address>0x408c</load_address>
         <run_address>0x408c</run_address>
         <size>0xc</size>
         <input_file_ref idref="fl-d4"/>
      </object_component>
      <object_component id="oc-291">
         <name>.text:__aeabi_errno_addr</name>
         <load_address>0x4098</load_address>
         <run_address>0x4098</run_address>
         <size>0x8</size>
         <input_file_ref idref="fl-e5"/>
      </object_component>
      <object_component id="oc-1ad">
         <name>.text:_outc</name>
         <load_address>0x40a0</load_address>
         <run_address>0x40a0</run_address>
         <size>0x4</size>
         <input_file_ref idref="fl-de"/>
      </object_component>
      <object_component id="oc-1a7">
         <name>.text:_outs</name>
         <load_address>0x40a4</load_address>
         <run_address>0x40a4</run_address>
         <size>0x4</size>
         <input_file_ref idref="fl-de"/>
      </object_component>
      <object_component id="oc-a3">
         <name>.text:_system_pre_init</name>
         <load_address>0x40a8</load_address>
         <run_address>0x40a8</run_address>
         <size>0x4</size>
         <input_file_ref idref="fl-d8"/>
      </object_component>
      <object_component id="oc-159">
         <name>.text:abort:abort</name>
         <load_address>0x40ac</load_address>
         <run_address>0x40ac</run_address>
         <size>0x4</size>
         <input_file_ref idref="fl-da"/>
      </object_component>
      <object_component id="oc-2fc">
         <name>.const:.string:_ctypes_</name>
         <load_address>0x40b0</load_address>
         <run_address>0x40b0</run_address>
         <size>0x101</size>
         <input_file_ref idref="fl-eb"/>
      </object_component>
      <object_component id="oc-1f9">
         <name>.const:GPIO_PORT_TO_BASE</name>
         <load_address>0x41b4</load_address>
         <run_address>0x41b4</run_address>
         <size>0x30</size>
         <input_file_ref idref="fl-14"/>
      </object_component>
      <object_component id="oc-111">
         <name>.const:.string:$P$T0$1</name>
         <load_address>0x41e4</load_address>
         <run_address>0x41e4</run_address>
         <size>0x5</size>
         <input_file_ref idref="fl-6"/>
      </object_component>
      <object_component id="oc-582">
         <name>.cinit..data.load</name>
         <load_address>0x41f0</load_address>
         <run_address>0x41f0</run_address>
         <size>0xdc</size>
      </object_component>
      <object_component id="oc-580">
         <name>__TI_handler_table</name>
         <load_address>0x42cc</load_address>
         <run_address>0x42cc</run_address>
         <size>0xc</size>
      </object_component>
      <object_component id="oc-583">
         <name>.cinit..bss.load</name>
         <load_address>0x42d8</load_address>
         <run_address>0x42d8</run_address>
         <size>0x8</size>
      </object_component>
      <object_component id="oc-581">
         <name>__TI_cinit_table</name>
         <load_address>0x42e0</load_address>
         <run_address>0x42e0</run_address>
         <size>0x10</size>
      </object_component>
      <object_component id="oc-555">
         <name>.binit</name>
         <load_address>0x0</load_address>
         <run_address>0x0</run_address>
         <size>0x0</size>
      </object_component>
      <object_component id="oc-155">
         <name>.data:UART2Config</name>
         <load_address>0x20001878</load_address>
         <run_address>0x20001878</run_address>
         <size>0x24</size>
         <input_file_ref idref="fl-2"/>
      </object_component>
      <object_component id="oc-197">
         <name>.data</name>
         <load_address>0x2000192c</load_address>
         <run_address>0x2000192c</run_address>
         <size>0x4</size>
         <input_file_ref idref="fl-4"/>
      </object_component>
      <object_component id="oc-114">
         <name>.data</name>
         <load_address>0x200018c4</load_address>
         <run_address>0x200018c4</run_address>
         <size>0x10</size>
         <input_file_ref idref="fl-6"/>
      </object_component>
      <object_component id="oc-10e">
         <name>.data:ButtonKeys</name>
         <load_address>0x20001838</load_address>
         <run_address>0x20001838</run_address>
         <size>0x40</size>
         <input_file_ref idref="fl-6"/>
      </object_component>
      <object_component id="oc-117">
         <name>.data:Buttons</name>
         <load_address>0x200018b4</load_address>
         <run_address>0x200018b4</run_address>
         <size>0x10</size>
         <input_file_ref idref="fl-6"/>
      </object_component>
      <object_component id="oc-1c8">
         <name>.data:SpecialChars</name>
         <load_address>0x20001914</load_address>
         <run_address>0x20001914</run_address>
         <size>0x7</size>
         <input_file_ref idref="fl-7"/>
      </object_component>
      <object_component id="oc-1c2">
         <name>.data:pwd</name>
         <load_address>0x20001924</load_address>
         <run_address>0x20001924</run_address>
         <size>0x4</size>
         <input_file_ref idref="fl-7"/>
      </object_component>
      <object_component id="oc-1bf">
         <name>.data:entered</name>
         <load_address>0x20001920</load_address>
         <run_address>0x20001920</run_address>
         <size>0x4</size>
         <input_file_ref idref="fl-7"/>
      </object_component>
      <object_component id="oc-1c5">
         <name>.data</name>
         <load_address>0x2000191c</load_address>
         <run_address>0x2000191c</run_address>
         <size>0x4</size>
         <input_file_ref idref="fl-7"/>
      </object_component>
      <object_component id="oc-1d2">
         <name>.data:LEDs</name>
         <load_address>0x2000189c</load_address>
         <run_address>0x2000189c</run_address>
         <size>0x18</size>
         <input_file_ref idref="fl-a"/>
      </object_component>
      <object_component id="oc-d4">
         <name>.data</name>
         <load_address>0x200018d4</load_address>
         <run_address>0x200018d4</run_address>
         <size>0x10</size>
         <input_file_ref idref="fl-b"/>
      </object_component>
      <object_component id="oc-238">
         <name>.data:$O1$$</name>
         <load_address>0x200018f4</load_address>
         <run_address>0x200018f4</run_address>
         <size>0xc</size>
         <input_file_ref idref="fl-da"/>
      </object_component>
      <object_component id="oc-1a1">
         <name>.data:$O1$$</name>
         <load_address>0x2000190c</load_address>
         <run_address>0x2000190c</run_address>
         <size>0x8</size>
         <input_file_ref idref="fl-db"/>
      </object_component>
      <object_component id="oc-363">
         <name>.data</name>
         <load_address>0x20001928</load_address>
         <run_address>0x20001928</run_address>
         <size>0x4</size>
         <input_file_ref idref="fl-e5"/>
      </object_component>
      <object_component id="oc-1a4">
         <name>.data:_ftable</name>
         <load_address>0x20001680</load_address>
         <run_address>0x20001680</run_address>
         <size>0xf0</size>
         <input_file_ref idref="fl-e9"/>
      </object_component>
      <object_component id="oc-4a1">
         <name>.data</name>
         <load_address>0x200018e4</load_address>
         <run_address>0x200018e4</run_address>
         <size>0x10</size>
         <input_file_ref idref="fl-e9"/>
      </object_component>
      <object_component id="oc-467">
         <name>.data:_device</name>
         <load_address>0x20001770</load_address>
         <run_address>0x20001770</run_address>
         <size>0x78</size>
         <input_file_ref idref="fl-f5"/>
      </object_component>
      <object_component id="oc-41b">
         <name>.data:_stream</name>
         <load_address>0x200017e8</load_address>
         <run_address>0x200017e8</run_address>
         <size>0x50</size>
         <input_file_ref idref="fl-f5"/>
      </object_component>
      <object_component id="oc-496">
         <name>.data:$O1$$</name>
         <load_address>0x20001900</load_address>
         <run_address>0x20001900</run_address>
         <size>0xc</size>
         <input_file_ref idref="fl-105"/>
      </object_component>
      <object_component id="oc-513">
         <name>.bss:_CIOBUF_</name>
         <uninitialized>true</uninitialized>
         <run_address>0x20001000</run_address>
         <size>0x120</size>
         <input_file_ref idref="fl-fd"/>
      </object_component>
      <object_component id="oc-1be">
         <name>.common:button_count</name>
         <uninitialized>true</uninitialized>
         <run_address>0x2000126c</run_address>
         <size>0x4</size>
      </object_component>
      <object_component id="oc-1bd">
         <name>.common:lock_count</name>
         <uninitialized>true</uninitialized>
         <run_address>0x20001274</run_address>
         <size>0x4</size>
      </object_component>
      <object_component id="oc-1ba">
         <name>.common:state</name>
         <uninitialized>true</uninitialized>
         <run_address>0x20001278</run_address>
         <size>0x1</size>
      </object_component>
      <object_component id="oc-14d">
         <name>.common:connected</name>
         <uninitialized>true</uninitialized>
         <run_address>0x20001270</run_address>
         <size>0x4</size>
      </object_component>
      <object_component id="oc-154">
         <name>.common:password</name>
         <uninitialized>true</uninitialized>
         <run_address>0x200011c0</run_address>
         <size>0x80</size>
      </object_component>
      <object_component id="oc-11a">
         <name>.common:keys_pressed</name>
         <uninitialized>true</uninitialized>
         <run_address>0x20001240</run_address>
         <size>0x14</size>
      </object_component>
      <object_component id="oc-e1">
         <name>.common:UARTA0Data</name>
         <uninitialized>true</uninitialized>
         <run_address>0x20000000</run_address>
         <size>0x800</size>
      </object_component>
      <object_component id="oc-dd">
         <name>.common:UARTA0ReadIndex</name>
         <uninitialized>true</uninitialized>
         <run_address>0x2000125c</run_address>
         <size>0x4</size>
      </object_component>
      <object_component id="oc-e0">
         <name>.common:UARTA0WriteIndex</name>
         <uninitialized>true</uninitialized>
         <run_address>0x20001260</run_address>
         <size>0x4</size>
      </object_component>
      <object_component id="oc-e4">
         <name>.common:UARTA2Data</name>
         <uninitialized>true</uninitialized>
         <run_address>0x20000800</run_address>
         <size>0x800</size>
      </object_component>
      <object_component id="oc-e2">
         <name>.common:UARTA2ReadIndex</name>
         <uninitialized>true</uninitialized>
         <run_address>0x20001264</run_address>
         <size>0x4</size>
      </object_component>
      <object_component id="oc-e3">
         <name>.common:UARTA2WriteIndex</name>
         <uninitialized>true</uninitialized>
         <run_address>0x20001268</run_address>
         <size>0x4</size>
      </object_component>
      <object_component id="oc-4e6">
         <name>.common:__TI_tmpnams</name>
         <uninitialized>true</uninitialized>
         <run_address>0x20001120</run_address>
         <size>0xa0</size>
      </object_component>
      <object_component id="oc-4f7">
         <name>.common:parmbuf</name>
         <uninitialized>true</uninitialized>
         <run_address>0x20001254</run_address>
         <size>0x8</size>
      </object_component>
      <object_component id="oc-29">
         <name>.sysmem</name>
         <uninitialized>true</uninitialized>
         <run_address>0x20001280</run_address>
         <size>0x8</size>
         <input_file_ref idref="fl-105"/>
      </object_component>
      <object_component id="oc-585">
         <name>.sysmem</name>
         <uninitialized>true</uninitialized>
         <run_address>0x20001280</run_address>
         <size>0x0</size>
      </object_component>
      <object_component id="oc-26">
         <name>.stack</name>
         <uninitialized>true</uninitialized>
         <run_address>0x2000fe00</run_address>
         <size>0x4</size>
         <input_file_ref idref="fl-d5"/>
      </object_component>
      <object_component id="oc-584">
         <name>.stack</name>
         <uninitialized>true</uninitialized>
         <run_address>0x2000fe00</run_address>
         <size>0x0</size>
      </object_component>
      <object_component id="oc-14e">
         <name>.debug_info</name>
         <load_address>0x0</load_address>
         <run_address>0x0</run_address>
         <size>0x7c7</size>
         <input_file_ref idref="fl-2"/>
      </object_component>
      <object_component id="oc-156">
         <name>.debug_info</name>
         <load_address>0x7c7</load_address>
         <run_address>0x7c7</run_address>
         <size>0xd2</size>
         <input_file_ref idref="fl-2"/>
      </object_component>
      <object_component id="oc-aa">
         <name>.debug_info</name>
         <load_address>0x899</load_address>
         <run_address>0x899</run_address>
         <size>0x17f</size>
         <input_file_ref idref="fl-2"/>
      </object_component>
      <object_component id="oc-120">
         <name>.debug_info</name>
         <load_address>0xa18</load_address>
         <run_address>0xa18</run_address>
         <size>0x26b</size>
         <input_file_ref idref="fl-2"/>
      </object_component>
      <object_component id="oc-1df">
         <name>.debug_info</name>
         <load_address>0xc83</load_address>
         <run_address>0xc83</run_address>
         <size>0x1055</size>
         <input_file_ref idref="fl-2"/>
      </object_component>
      <object_component id="oc-1da">
         <name>.debug_info</name>
         <load_address>0x1cd8</load_address>
         <run_address>0x1cd8</run_address>
         <size>0x37e2</size>
         <input_file_ref idref="fl-2"/>
      </object_component>
      <object_component id="oc-32">
         <name>.debug_info</name>
         <load_address>0x54ba</load_address>
         <run_address>0x54ba</run_address>
         <size>0x84</size>
         <input_file_ref idref="fl-2"/>
      </object_component>
      <object_component id="oc-1e9">
         <name>.debug_info</name>
         <load_address>0x553e</load_address>
         <run_address>0x553e</run_address>
         <size>0x297</size>
         <input_file_ref idref="fl-2"/>
      </object_component>
      <object_component id="oc-1ee">
         <name>.debug_info</name>
         <load_address>0x57d5</load_address>
         <run_address>0x57d5</run_address>
         <size>0xef</size>
         <input_file_ref idref="fl-2"/>
      </object_component>
      <object_component id="oc-e6">
         <name>.debug_info</name>
         <load_address>0x58c4</load_address>
         <run_address>0x58c4</run_address>
         <size>0xbb</size>
         <input_file_ref idref="fl-2"/>
      </object_component>
      <object_component id="oc-1b5">
         <name>.debug_info</name>
         <load_address>0x597f</load_address>
         <run_address>0x597f</run_address>
         <size>0x2c</size>
         <input_file_ref idref="fl-2"/>
      </object_component>
      <object_component id="oc-eb">
         <name>.debug_info</name>
         <load_address>0x59ab</load_address>
         <run_address>0x59ab</run_address>
         <size>0xee</size>
         <input_file_ref idref="fl-2"/>
      </object_component>
      <object_component id="oc-d8">
         <name>.debug_info</name>
         <load_address>0x5a99</load_address>
         <run_address>0x5a99</run_address>
         <size>0x70</size>
         <input_file_ref idref="fl-2"/>
      </object_component>
      <object_component id="oc-81">
         <name>.debug_info</name>
         <load_address>0x5b09</load_address>
         <run_address>0x5b09</run_address>
         <size>0x2c3</size>
         <input_file_ref idref="fl-3"/>
      </object_component>
      <object_component id="oc-24">
         <name>.debug_info</name>
         <load_address>0x5dcc</load_address>
         <run_address>0x5dcc</run_address>
         <size>0xef</size>
         <input_file_ref idref="fl-3"/>
      </object_component>
      <object_component id="oc-68">
         <name>.debug_info</name>
         <load_address>0x5ebb</load_address>
         <run_address>0x5ebb</run_address>
         <size>0x1b6</size>
         <input_file_ref idref="fl-3"/>
      </object_component>
      <object_component id="oc-198">
         <name>.debug_info</name>
         <load_address>0x6071</load_address>
         <run_address>0x6071</run_address>
         <size>0xe8</size>
         <input_file_ref idref="fl-4"/>
      </object_component>
      <object_component id="oc-bc">
         <name>.debug_info</name>
         <load_address>0x6159</load_address>
         <run_address>0x6159</run_address>
         <size>0x25a</size>
         <input_file_ref idref="fl-4"/>
      </object_component>
      <object_component id="oc-150">
         <name>.debug_info</name>
         <load_address>0x63b3</load_address>
         <run_address>0x63b3</run_address>
         <size>0x757</size>
         <input_file_ref idref="fl-5"/>
      </object_component>
      <object_component id="oc-22e">
         <name>.debug_info</name>
         <load_address>0x6b0a</load_address>
         <run_address>0x6b0a</run_address>
         <size>0x110</size>
         <input_file_ref idref="fl-5"/>
      </object_component>
      <object_component id="oc-11b">
         <name>.debug_info</name>
         <load_address>0x6c1a</load_address>
         <run_address>0x6c1a</run_address>
         <size>0x906</size>
         <input_file_ref idref="fl-6"/>
      </object_component>
      <object_component id="oc-115">
         <name>.debug_info</name>
         <load_address>0x7520</load_address>
         <run_address>0x7520</run_address>
         <size>0x152</size>
         <input_file_ref idref="fl-6"/>
      </object_component>
      <object_component id="oc-10f">
         <name>.debug_info</name>
         <load_address>0x7672</load_address>
         <run_address>0x7672</run_address>
         <size>0xe1</size>
         <input_file_ref idref="fl-6"/>
      </object_component>
      <object_component id="oc-118">
         <name>.debug_info</name>
         <load_address>0x7753</load_address>
         <run_address>0x7753</run_address>
         <size>0xdb</size>
         <input_file_ref idref="fl-6"/>
      </object_component>
      <object_component id="oc-112">
         <name>.debug_info</name>
         <load_address>0x782e</load_address>
         <run_address>0x782e</run_address>
         <size>0xda</size>
         <input_file_ref idref="fl-6"/>
      </object_component>
      <object_component id="oc-7a">
         <name>.debug_info</name>
         <load_address>0x7908</load_address>
         <run_address>0x7908</run_address>
         <size>0x521</size>
         <input_file_ref idref="fl-6"/>
      </object_component>
      <object_component id="oc-20b">
         <name>.debug_info</name>
         <load_address>0x7e29</load_address>
         <run_address>0x7e29</run_address>
         <size>0x37e2</size>
         <input_file_ref idref="fl-6"/>
      </object_component>
      <object_component id="oc-210">
         <name>.debug_info</name>
         <load_address>0xb60b</load_address>
         <run_address>0xb60b</run_address>
         <size>0x62</size>
         <input_file_ref idref="fl-6"/>
      </object_component>
      <object_component id="oc-1bb">
         <name>.debug_info</name>
         <load_address>0xb66d</load_address>
         <run_address>0xb66d</run_address>
         <size>0x5fc</size>
         <input_file_ref idref="fl-7"/>
      </object_component>
      <object_component id="oc-1c9">
         <name>.debug_info</name>
         <load_address>0xbc69</load_address>
         <run_address>0xbc69</run_address>
         <size>0xe3</size>
         <input_file_ref idref="fl-7"/>
      </object_component>
      <object_component id="oc-1c3">
         <name>.debug_info</name>
         <load_address>0xbd4c</load_address>
         <run_address>0xbd4c</run_address>
         <size>0xd1</size>
         <input_file_ref idref="fl-7"/>
      </object_component>
      <object_component id="oc-1c0">
         <name>.debug_info</name>
         <load_address>0xbe1d</load_address>
         <run_address>0xbe1d</run_address>
         <size>0xd9</size>
         <input_file_ref idref="fl-7"/>
      </object_component>
      <object_component id="oc-1c6">
         <name>.debug_info</name>
         <load_address>0xbef6</load_address>
         <run_address>0xbef6</run_address>
         <size>0xe3</size>
         <input_file_ref idref="fl-7"/>
      </object_component>
      <object_component id="oc-c9">
         <name>.debug_info</name>
         <load_address>0xbfd9</load_address>
         <run_address>0xbfd9</run_address>
         <size>0xa89</size>
         <input_file_ref idref="fl-7"/>
      </object_component>
      <object_component id="oc-148">
         <name>.debug_info</name>
         <load_address>0xca62</load_address>
         <run_address>0xca62</run_address>
         <size>0x195</size>
         <input_file_ref idref="fl-9"/>
      </object_component>
      <object_component id="oc-1e4">
         <name>.debug_info</name>
         <load_address>0xcbf7</load_address>
         <run_address>0xcbf7</run_address>
         <size>0x8b</size>
         <input_file_ref idref="fl-9"/>
      </object_component>
      <object_component id="oc-2d3">
         <name>.debug_info</name>
         <load_address>0xcc82</load_address>
         <run_address>0xcc82</run_address>
         <size>0x652</size>
         <input_file_ref idref="fl-a"/>
      </object_component>
      <object_component id="oc-1d3">
         <name>.debug_info</name>
         <load_address>0xd2d4</load_address>
         <run_address>0xd2d4</run_address>
         <size>0xd3</size>
         <input_file_ref idref="fl-a"/>
      </object_component>
      <object_component id="oc-cf">
         <name>.debug_info</name>
         <load_address>0xd3a7</load_address>
         <run_address>0xd3a7</run_address>
         <size>0x5fe</size>
         <input_file_ref idref="fl-a"/>
      </object_component>
      <object_component id="oc-39c">
         <name>.debug_info</name>
         <load_address>0xd9a5</load_address>
         <run_address>0xd9a5</run_address>
         <size>0x62</size>
         <input_file_ref idref="fl-a"/>
      </object_component>
      <object_component id="oc-152">
         <name>.debug_info</name>
         <load_address>0xda07</load_address>
         <run_address>0xda07</run_address>
         <size>0x7fc</size>
         <input_file_ref idref="fl-b"/>
      </object_component>
      <object_component id="oc-d5">
         <name>.debug_info</name>
         <load_address>0xe203</load_address>
         <run_address>0xe203</run_address>
         <size>0x160</size>
         <input_file_ref idref="fl-b"/>
      </object_component>
      <object_component id="oc-6e">
         <name>.debug_info</name>
         <load_address>0xe363</load_address>
         <run_address>0xe363</run_address>
         <size>0x71f</size>
         <input_file_ref idref="fl-b"/>
      </object_component>
      <object_component id="oc-de">
         <name>.debug_info</name>
         <load_address>0xea82</load_address>
         <run_address>0xea82</run_address>
         <size>0x653</size>
         <input_file_ref idref="fl-c"/>
      </object_component>
      <object_component id="oc-74">
         <name>.debug_info</name>
         <load_address>0xf0d5</load_address>
         <run_address>0xf0d5</run_address>
         <size>0x61b</size>
         <input_file_ref idref="fl-c"/>
      </object_component>
      <object_component id="oc-424">
         <name>.debug_info</name>
         <load_address>0xf6f0</load_address>
         <run_address>0xf6f0</run_address>
         <size>0x803</size>
         <input_file_ref idref="fl-11"/>
      </object_component>
      <object_component id="oc-224">
         <name>.debug_info</name>
         <load_address>0xfef3</load_address>
         <run_address>0xfef3</run_address>
         <size>0x1e1</size>
         <input_file_ref idref="fl-11"/>
      </object_component>
      <object_component id="oc-3a3">
         <name>.debug_info</name>
         <load_address>0x100d4</load_address>
         <run_address>0x100d4</run_address>
         <size>0x431a</size>
         <input_file_ref idref="fl-11"/>
      </object_component>
      <object_component id="oc-47a">
         <name>.debug_info</name>
         <load_address>0x143ee</load_address>
         <run_address>0x143ee</run_address>
         <size>0x1b5</size>
         <input_file_ref idref="fl-11"/>
      </object_component>
      <object_component id="oc-21b">
         <name>.debug_info</name>
         <load_address>0x145a3</load_address>
         <run_address>0x145a3</run_address>
         <size>0x220</size>
         <input_file_ref idref="fl-12"/>
      </object_component>
      <object_component id="oc-2d7">
         <name>.debug_info</name>
         <load_address>0x147c3</load_address>
         <run_address>0x147c3</run_address>
         <size>0x6fd</size>
         <input_file_ref idref="fl-14"/>
      </object_component>
      <object_component id="oc-1fa">
         <name>.debug_info</name>
         <load_address>0x14ec0</load_address>
         <run_address>0x14ec0</run_address>
         <size>0x131</size>
         <input_file_ref idref="fl-14"/>
      </object_component>
      <object_component id="oc-104">
         <name>.debug_info</name>
         <load_address>0x14ff1</load_address>
         <run_address>0x14ff1</run_address>
         <size>0x256</size>
         <input_file_ref idref="fl-14"/>
      </object_component>
      <object_component id="oc-fd">
         <name>.debug_info</name>
         <load_address>0x15247</load_address>
         <run_address>0x15247</run_address>
         <size>0x254</size>
         <input_file_ref idref="fl-14"/>
      </object_component>
      <object_component id="oc-1ce">
         <name>.debug_info</name>
         <load_address>0x1549b</load_address>
         <run_address>0x1549b</run_address>
         <size>0x254</size>
         <input_file_ref idref="fl-14"/>
      </object_component>
      <object_component id="oc-10c">
         <name>.debug_info</name>
         <load_address>0x156ef</load_address>
         <run_address>0x156ef</run_address>
         <size>0x27a</size>
         <input_file_ref idref="fl-14"/>
      </object_component>
      <object_component id="oc-1f7">
         <name>.debug_info</name>
         <load_address>0x15969</load_address>
         <run_address>0x15969</run_address>
         <size>0x25a</size>
         <input_file_ref idref="fl-14"/>
      </object_component>
      <object_component id="oc-f4">
         <name>.debug_info</name>
         <load_address>0x15bc3</load_address>
         <run_address>0x15bc3</run_address>
         <size>0x260</size>
         <input_file_ref idref="fl-14"/>
      </object_component>
      <object_component id="oc-2dd">
         <name>.debug_info</name>
         <load_address>0x15e23</load_address>
         <run_address>0x15e23</run_address>
         <size>0x3a1</size>
         <input_file_ref idref="fl-16"/>
      </object_component>
      <object_component id="oc-21f">
         <name>.debug_info</name>
         <load_address>0x161c4</load_address>
         <run_address>0x161c4</run_address>
         <size>0x21c</size>
         <input_file_ref idref="fl-16"/>
      </object_component>
      <object_component id="oc-3aa">
         <name>.debug_info</name>
         <load_address>0x163e0</load_address>
         <run_address>0x163e0</run_address>
         <size>0x1e7</size>
         <input_file_ref idref="fl-16"/>
      </object_component>
      <object_component id="oc-3b0">
         <name>.debug_info</name>
         <load_address>0x165c7</load_address>
         <run_address>0x165c7</run_address>
         <size>0x1f5</size>
         <input_file_ref idref="fl-16"/>
      </object_component>
      <object_component id="oc-42a">
         <name>.debug_info</name>
         <load_address>0x167bc</load_address>
         <run_address>0x167bc</run_address>
         <size>0x342</size>
         <input_file_ref idref="fl-16"/>
      </object_component>
      <object_component id="oc-3bb">
         <name>.debug_info</name>
         <load_address>0x16afe</load_address>
         <run_address>0x16afe</run_address>
         <size>0x1fe</size>
         <input_file_ref idref="fl-16"/>
      </object_component>
      <object_component id="oc-3b5">
         <name>.debug_info</name>
         <load_address>0x16cfc</load_address>
         <run_address>0x16cfc</run_address>
         <size>0x1a8</size>
         <input_file_ref idref="fl-16"/>
      </object_component>
      <object_component id="oc-f7">
         <name>.debug_info</name>
         <load_address>0x16ea4</load_address>
         <run_address>0x16ea4</run_address>
         <size>0x1af</size>
         <input_file_ref idref="fl-1a"/>
      </object_component>
      <object_component id="oc-8d">
         <name>.debug_info</name>
         <load_address>0x17053</load_address>
         <run_address>0x17053</run_address>
         <size>0x29e</size>
         <input_file_ref idref="fl-d2"/>
      </object_component>
      <object_component id="oc-18">
         <name>.debug_info</name>
         <load_address>0x172f1</load_address>
         <run_address>0x172f1</run_address>
         <size>0x250</size>
         <input_file_ref idref="fl-d2"/>
      </object_component>
      <object_component id="oc-2d">
         <name>.debug_info</name>
         <load_address>0x17541</load_address>
         <run_address>0x17541</run_address>
         <size>0x60</size>
         <input_file_ref idref="fl-d2"/>
      </object_component>
      <object_component id="oc-131">
         <name>.debug_info</name>
         <load_address>0x175a1</load_address>
         <run_address>0x175a1</run_address>
         <size>0x46</size>
         <input_file_ref idref="fl-d2"/>
      </object_component>
      <object_component id="oc-88">
         <name>.debug_info</name>
         <load_address>0x175e7</load_address>
         <run_address>0x175e7</run_address>
         <size>0x39</size>
         <input_file_ref idref="fl-d2"/>
      </object_component>
      <object_component id="oc-42">
         <name>.debug_info</name>
         <load_address>0x17620</load_address>
         <run_address>0x17620</run_address>
         <size>0x2a8</size>
         <input_file_ref idref="fl-d3"/>
      </object_component>
      <object_component id="oc-1b">
         <name>.debug_info</name>
         <load_address>0x178c8</load_address>
         <run_address>0x178c8</run_address>
         <size>0x1ea</size>
         <input_file_ref idref="fl-d3"/>
      </object_component>
      <object_component id="oc-3d">
         <name>.debug_info</name>
         <load_address>0x17ab2</load_address>
         <run_address>0x17ab2</run_address>
         <size>0x46</size>
         <input_file_ref idref="fl-d3"/>
      </object_component>
      <object_component id="oc-8f">
         <name>.debug_info</name>
         <load_address>0x17af8</load_address>
         <run_address>0x17af8</run_address>
         <size>0x2c</size>
         <input_file_ref idref="fl-d3"/>
      </object_component>
      <object_component id="oc-9c">
         <name>.debug_info</name>
         <load_address>0x17b24</load_address>
         <run_address>0x17b24</run_address>
         <size>0x31e</size>
         <input_file_ref idref="fl-d4"/>
      </object_component>
      <object_component id="oc-4c">
         <name>.debug_info</name>
         <load_address>0x17e42</load_address>
         <run_address>0x17e42</run_address>
         <size>0x1b5</size>
         <input_file_ref idref="fl-d4"/>
      </object_component>
      <object_component id="oc-97">
         <name>.debug_info</name>
         <load_address>0x17ff7</load_address>
         <run_address>0x17ff7</run_address>
         <size>0x46</size>
         <input_file_ref idref="fl-d4"/>
      </object_component>
      <object_component id="oc-138">
         <name>.debug_info</name>
         <load_address>0x1803d</load_address>
         <run_address>0x1803d</run_address>
         <size>0x2c</size>
         <input_file_ref idref="fl-d4"/>
      </object_component>
      <object_component id="oc-27">
         <name>.debug_info</name>
         <load_address>0x18069</load_address>
         <run_address>0x18069</run_address>
         <size>0x10b</size>
         <input_file_ref idref="fl-d5"/>
      </object_component>
      <object_component id="oc-56">
         <name>.debug_info</name>
         <load_address>0x18174</load_address>
         <run_address>0x18174</run_address>
         <size>0x1af</size>
         <input_file_ref idref="fl-d5"/>
      </object_component>
      <object_component id="oc-23f">
         <name>.debug_info</name>
         <load_address>0x18323</load_address>
         <run_address>0x18323</run_address>
         <size>0x552</size>
         <input_file_ref idref="fl-d6"/>
      </object_component>
      <object_component id="oc-166">
         <name>.debug_info</name>
         <load_address>0x18875</load_address>
         <run_address>0x18875</run_address>
         <size>0x1a6</size>
         <input_file_ref idref="fl-d6"/>
      </object_component>
      <object_component id="oc-2e9">
         <name>.debug_info</name>
         <load_address>0x18a1b</load_address>
         <run_address>0x18a1b</run_address>
         <size>0x39</size>
         <input_file_ref idref="fl-d6"/>
      </object_component>
      <object_component id="oc-3c1">
         <name>.debug_info</name>
         <load_address>0x18a54</load_address>
         <run_address>0x18a54</run_address>
         <size>0x39</size>
         <input_file_ref idref="fl-d6"/>
      </object_component>
      <object_component id="oc-2ee">
         <name>.debug_info</name>
         <load_address>0x18a8d</load_address>
         <run_address>0x18a8d</run_address>
         <size>0x39</size>
         <input_file_ref idref="fl-d6"/>
      </object_component>
[...]
         <name>__TI_enable_exit_profile_output</name>
         <value>0x200018fc</value>
         <object_component_ref idref="oc-238"/>
      </symbol>
      <symbol id="sm-487">
         <name>exit</name>
         <value>0x39ed</value>
         <object_component_ref idref="oc-15f"/>
      </symbol>
      <symbol id="sm-49c">
         <name>_nop</name>
         <value>0xb43</value>
         <object_component_ref idref="oc-2a3"/>
      </symbol>
      <symbol id="sm-49d">
         <name>_lock</name>
         <value>0x2000190c</value>
         <object_component_ref idref="oc-1a1"/>
      </symbol>
      <symbol id="sm-49e">
         <name>_unlock</name>
         <value>0x20001910</value>
         <object_component_ref idref="oc-1a1"/>
      </symbol>
      <symbol id="sm-4b9">
         <name>memcpy</name>
         <value>0x2d73</value>
         <object_component_ref idref="oc-37"/>
      </symbol>
      <symbol id="sm-4ba">
         <name>__aeabi_memcpy</name>
         <value>0x2d73</value>
         <object_component_ref idref="oc-37"/>
      </symbol>
      <symbol id="sm-4bb">
         <name>__aeabi_memcpy8</name>
         <value>0x2d73</value>
         <object_component_ref idref="oc-37"/>
      </symbol>
      <symbol id="sm-4bc">
         <name>__aeabi_memcpy4</name>
         <value>0x2d73</value>
         <object_component_ref idref="oc-37"/>
      </symbol>
      <symbol id="sm-4cb">
         <name>__aeabi_memset</name>
         <value>0x3147</value>
         <object_component_ref idref="oc-9d"/>
      </symbol>
      <symbol id="sm-4cc">
         <name>memset</name>
         <value>0x314d</value>
         <object_component_ref idref="oc-9d"/>
      </symbol>
      <symbol id="sm-4cd">
         <name>__aeabi_memset8</name>
         <value>0x3147</value>
         <object_component_ref idref="oc-9d"/>
      </symbol>
      <symbol id="sm-4ce">
         <name>__aeabi_memset4</name>
         <value>0x3147</value>
         <object_component_ref idref="oc-9d"/>
      </symbol>
      <symbol id="sm-4cf">
         <name>__aeabi_memclr8</name>
         <value>0x3145</value>
         <object_component_ref idref="oc-9d"/>
      </symbol>
      <symbol id="sm-4d0">
         <name>__aeabi_memclr4</name>
         <value>0x3145</value>
         <object_component_ref idref="oc-9d"/>
      </symbol>
      <symbol id="sm-4d1">
         <name>__aeabi_memclr</name>
         <value>0x3145</value>
         <object_component_ref idref="oc-9d"/>
      </symbol>
      <symbol id="sm-4fd">
         <name>printf</name>
         <value>0x3455</value>
         <object_component_ref idref="oc-c2"/>
      </symbol>
      <symbol id="sm-667">
         <name>__TI_printfi</name>
         <value>0xe5</value>
         <object_component_ref idref="oc-19b"/>
      </symbol>
      <symbol id="sm-689">
         <name>__aeabi_cdcmpeq</name>
         <value>0x2f31</value>
         <object_component_ref idref="oc-268"/>
      </symbol>
      <symbol id="sm-68a">
         <name>__aeabi_cdcmple</name>
         <value>0x2f31</value>
         <object_component_ref idref="oc-268"/>
      </symbol>
      <symbol id="sm-68b">
         <name>__aeabi_cdrcmple</name>
         <value>0x2fb7</value>
         <object_component_ref idref="oc-312"/>
      </symbol>
      <symbol id="sm-695">
         <name>__aeabi_d2iz</name>
         <value>0x3a35</value>
         <object_component_ref idref="oc-317"/>
      </symbol>
      <symbol id="sm-6a9">
         <name>__aeabi_ddiv</name>
         <value>0x2389</value>
         <object_component_ref idref="oc-30d"/>
      </symbol>
      <symbol id="sm-6b4">
         <name>__aeabi_dmul</name>
         <value>0x2a11</value>
         <object_component_ref idref="oc-308"/>
      </symbol>
      <symbol id="sm-6cb">
         <name>__aeabi_dsub</name>
         <value>0x1db1</value>
         <object_component_ref idref="oc-327"/>
      </symbol>
      <symbol id="sm-6cc">
         <name>__aeabi_dadd</name>
         <value>0x1dbb</value>
         <object_component_ref idref="oc-327"/>
      </symbol>
      <symbol id="sm-6e2">
         <name>__aeabi_errno_addr</name>
         <value>0x4099</value>
         <object_component_ref idref="oc-291"/>
      </symbol>
      <symbol id="sm-6e3">
         <name>errno</name>
         <value>0x20001928</value>
         <object_component_ref idref="oc-363"/>
      </symbol>
      <symbol id="sm-6ed">
         <name>__aeabi_i2d</name>
         <value>0x3de5</value>
         <object_component_ref idref="oc-322"/>
      </symbol>
      <symbol id="sm-6fa">
         <name>__aeabi_uldivmod</name>
         <value>0x2e0f</value>
         <object_component_ref idref="oc-301"/>
      </symbol>
      <symbol id="sm-704">
         <name>__aeabi_idiv0</name>
         <value>0x1f67</value>
         <object_component_ref idref="oc-3d4"/>
      </symbol>
      <symbol id="sm-705">
         <name>__aeabi_ldiv0</name>
         <value>0x1f67</value>
         <object_component_ref idref="oc-3d4"/>
      </symbol>
      <symbol id="sm-71a">
         <name>__TI_tmpnams</name>
         <value>0x20001120</value>
      </symbol>
      <symbol id="sm-71b">
         <name>__aeabi_stdout</name>
         <value>0x200018ec</value>
         <object_component_ref idref="oc-4a1"/>
      </symbol>
      <symbol id="sm-71c">
         <name>__aeabi_stderr</name>
         <value>0x200018f0</value>
         <object_component_ref idref="oc-4a1"/>
      </symbol>
      <symbol id="sm-71d">
         <name>__aeabi_stdin</name>
         <value>0x200018e8</value>
         <object_component_ref idref="oc-4a1"/>
      </symbol>
      <symbol id="sm-71e">
         <name>_ftable</name>
         <value>0x20001680</value>
         <object_component_ref idref="oc-1a4"/>
      </symbol>
      <symbol id="sm-71f">
         <name>__TI_ft_end</name>
         <value>0x200018e4</value>
         <object_component_ref idref="oc-4a1"/>
      </symbol>
      <symbol id="sm-735">
         <name>atoi</name>
         <value>0x3959</value>
         <object_component_ref idref="oc-25c"/>
      </symbol>
      <symbol id="sm-740">
         <name>_ctypes_</name>
         <value>0x40b0</value>
         <object_component_ref idref="oc-2fc"/>
      </symbol>
      <symbol id="sm-755">
         <name>putc</name>
         <value>0x2ea5</value>
         <object_component_ref idref="oc-2b8"/>
      </symbol>
      <symbol id="sm-756">
         <name>fputc</name>
         <value>0x2ea5</value>
         <object_component_ref idref="oc-2b8"/>
      </symbol>
      <symbol id="sm-766">
         <name>__TI_doflush</name>
         <value>0x390d</value>
         <object_component_ref idref="oc-38a"/>
      </symbol>
      <symbol id="sm-77e">
         <name>__TI_wrt_ok</name>
         <value>0x3585</value>
         <object_component_ref idref="oc-37e"/>
      </symbol>
      <symbol id="sm-79c">
         <name>fputs</name>
         <value>0x25e5</value>
         <object_component_ref idref="oc-2b1"/>
      </symbol>
      <symbol id="sm-7bc">
         <name>frexpl</name>
         <value>0x34bd</value>
         <object_component_ref idref="oc-347"/>
      </symbol>
      <symbol id="sm-7bd">
         <name>frexp</name>
         <value>0x34bd</value>
         <object_component_ref idref="oc-347"/>
      </symbol>
      <symbol id="sm-7d4">
         <name>fseek</name>
         <value>0x3521</value>
         <object_component_ref idref="oc-409"/>
      </symbol>
      <symbol id="sm-7f1">
         <name>scalbn</name>
         <value>0x26f9</value>
         <object_component_ref idref="oc-34d"/>
      </symbol>
      <symbol id="sm-7f2">
         <name>scalbnl</name>
         <value>0x26f9</value>
         <object_component_ref idref="oc-34d"/>
      </symbol>
      <symbol id="sm-7f3">
         <name>ldexpl</name>
         <value>0x26f9</value>
         <object_component_ref idref="oc-34d"/>
      </symbol>
      <symbol id="sm-7f4">
         <name>ldexp</name>
         <value>0x26f9</value>
         <object_component_ref idref="oc-34d"/>
      </symbol>
      <symbol id="sm-7fe">
         <name>copysign</name>
         <value>0x3ff5</value>
         <object_component_ref idref="oc-3ed"/>
      </symbol>
      <symbol id="sm-7ff">
         <name>copysignl</name>
         <value>0x3ff5</value>
         <object_component_ref idref="oc-3ed"/>
      </symbol>
      <symbol id="sm-814">
         <name>lseek</name>
         <value>0x3eb9</value>
         <object_component_ref idref="oc-440"/>
      </symbol>
      <symbol id="sm-830">
         <name>_stream</name>
         <value>0x200017e8</value>
         <object_component_ref idref="oc-41b"/>
      </symbol>
      <symbol id="sm-831">
         <name>_device</name>
         <value>0x20001770</value>
         <object_component_ref idref="oc-467"/>
      </symbol>
      <symbol id="sm-832">
         <name>write</name>
         <value>0x3f09</value>
         <object_component_ref idref="oc-390"/>
      </symbol>
      <symbol id="sm-843">
         <name>HOSTclose</name>
         <value>0x3a7d</value>
         <object_component_ref idref="oc-4ad"/>
      </symbol>
      <symbol id="sm-854">
         <name>HOSTlseek</name>
         <value>0x331d</value>
         <object_component_ref idref="oc-4bf"/>
      </symbol>
      <symbol id="sm-866">
         <name>parmbuf</name>
         <value>0x20001254</value>
      </symbol>
      <symbol id="sm-867">
         <name>HOSTopen</name>
         <value>0x35e9</value>
         <object_component_ref idref="oc-4a7"/>
      </symbol>
      <symbol id="sm-878">
         <name>HOSTread</name>
         <value>0x3761</value>
         <object_component_ref idref="oc-4b3"/>
      </symbol>
      <symbol id="sm-889">
         <name>HOSTrename</name>
         <value>0x3385</value>
         <object_component_ref idref="oc-4cb"/>
      </symbol>
      <symbol id="sm-89a">
         <name>HOSTunlink</name>
         <value>0x3ac1</value>
         <object_component_ref idref="oc-4c5"/>
      </symbol>
      <symbol id="sm-8ab">
         <name>HOSTwrite</name>
         <value>0x37b9</value>
         <object_component_ref idref="oc-4b9"/>
      </symbol>
      <symbol id="sm-8cf">
         <name>__TI_readmsg</name>
         <value>0x3d51</value>
         <object_component_ref idref="oc-4f1"/>
      </symbol>
      <symbol id="sm-8d0">
         <name>C$$IO$$</name>
         <value>0x3c37</value>
         <object_component_ref idref="oc-4eb"/>
      </symbol>
      <symbol id="sm-8d1">
         <name>__CIOBUF_</name>
         <value>0x20001000</value>
         <object_component_ref idref="oc-513"/>
      </symbol>
      <symbol id="sm-8d2">
         <name>__TI_writemsg</name>
         <value>0x3c09</value>
         <object_component_ref idref="oc-4eb"/>
      </symbol>
      <symbol id="sm-8e1">
         <name>ltoa</name>
         <value>0x3867</value>
         <object_component_ref idref="oc-31c"/>
      </symbol>
      <symbol id="sm-8f1">
         <name>memccpy</name>
         <value>0x3f97</value>
         <object_component_ref idref="oc-285"/>
      </symbol>
      <symbol id="sm-901">
         <name>memchr</name>
         <value>0x3f77</value>
         <object_component_ref idref="oc-384"/>
      </symbol>
      <symbol id="sm-91d">
         <name>setvbuf</name>
         <value>0x2b0d</value>
         <object_component_ref idref="oc-40f"/>
      </symbol>
      <symbol id="sm-932">
         <name>__TI_cleanup</name>
         <value>0x3d1d</value>
         <object_component_ref idref="oc-454"/>
      </symbol>
      <symbol id="sm-947">
         <name>__TI_closefile</name>
         <value>0x3239</value>
         <object_component_ref idref="oc-49b"/>
      </symbol>
      <symbol id="sm-95b">
         <name>close</name>
         <value>0x36a9</value>
         <object_component_ref idref="oc-4da"/>
      </symbol>
      <symbol id="sm-9d1">
         <name>_sys_memory</name>
         <value>0x20001280</value>
         <object_component_ref idref="oc-29"/>
      </symbol>
      <symbol id="sm-9d2">
         <name>free</name>
         <value>0x2be9</value>
         <object_component_ref idref="oc-448"/>
      </symbol>
      <symbol id="sm-9d3">
         <name>malloc</name>
         <value>0x31c1</value>
         <object_component_ref idref="oc-44e"/>
      </symbol>
      <symbol id="sm-9d4">
         <name>minit</name>
         <value>0x3c79</value>
         <object_component_ref idref="oc-484"/>
      </symbol>
      <symbol id="sm-9f8">
         <name>finddevice</name>
         <value>0x3db5</value>
         <object_component_ref idref="oc-52f"/>
      </symbol>
      <symbol id="sm-9f9">
         <name>getdevice</name>
         <value>0x3b49</value>
         <object_component_ref idref="oc-509"/>
      </symbol>
      <symbol id="sm-a0a">
         <name>strchr</name>
         <value>0x3fcb</value>
         <object_component_ref idref="oc-353"/>
      </symbol>
      <symbol id="sm-a19">
         <name>strcmp</name>
         <value>0x3fb3</value>
         <object_component_ref idref="oc-544"/>
      </symbol>
      <symbol id="sm-a27">
         <name>strcpy</name>
         <value>0x4009</value>
         <object_component_ref idref="oc-141"/>
      </symbol>
      <symbol id="sm-a35">
         <name>strlen</name>
         <value>0x401d</value>
         <object_component_ref idref="oc-256"/>
      </symbol>
      <symbol id="sm-a46">
         <name>strncpy</name>
         <value>0x3cb1</value>
         <object_component_ref idref="oc-529"/>
      </symbol>
      <symbol id="sm-a56">
         <name>unlink</name>
         <value>0x3e15</value>
         <object_component_ref idref="oc-4e0"/>
      </symbol>
      <symbol id="sm-a6f">
         <name>wcslen</name>
         <value>0x4031</value>
         <object_component_ref idref="oc-28b"/>
      </symbol>
      <symbol id="sm-a70">
         <name>__TI_static_base__</name>
         <value>0x0</value>
      </symbol>
      <symbol id="sm-a73">
         <name>__mpu_init</name>
         <value>0x0</value>
      </symbol>
      <symbol id="sm-a74">
         <name>_system_post_cinit</name>
         <value>0x0</value>
      </symbol>
      <symbol id="sm-a75">
         <name>NMI_Handler</name>
         <value>0x407d</value>
      </symbol>
      <symbol id="sm-a76">
         <name>HardFault_Handler</name>
         <value>0x407d</value>
      </symbol>
      <symbol id="sm-a77">
         <name>MemManage_Handler</name>
         <value>0x407d</value>
      </symbol>
      <symbol id="sm-a78">
         <name>BusFault_Handler</name>
         <value>0x407d</value>
      </symbol>
      <symbol id="sm-a79">
         <name>UsageFault_Handler</name>
         <value>0x407d</value>
      </symbol>
      <symbol id="sm-a7a">
         <name>SVC_Handler</name>
         <value>0x407d</value>
      </symbol>
      <symbol id="sm-a7b">
         <name>DebugMon_Handler</name>
         <value>0x407d</value>
      </symbol>
      <symbol id="sm-a7c">
         <name>PendSV_Handler</name>
         <value>0x407d</value>
      </symbol>
      <symbol id="sm-a7d">
         <name>SysTick_Handler</name>
         <value>0x1fe1</value>
      </symbol>
      <symbol id="sm-a7e">
         <name>PSS_IRQHandler</name>
         <value>0x407d</value>
      </symbol>
      <symbol id="sm-a7f">
         <name>CS_IRQHandler</name>
         <value>0x407d</value>
      </symbol>
      <symbol id="sm-a80">
         <name>PCM_IRQHandler</name>
         <value>0x407d</value>
      </symbol>
      <symbol id="sm-a81">
         <name>WDT_A_IRQHandler</name>
         <value>0x407d</value>
      </symbol>
      <symbol id="sm-a82">
         <name>FPU_IRQHandler</name>
         <value>0x407d</value>
      </symbol>
      <symbol id="sm-a83">
         <name>FLCTL_IRQHandler</name>
         <value>0x407d</value>
      </symbol>
      <symbol id="sm-a84">
         <name>COMP_E0_IRQHandler</name>
         <value>0x407d</value>
      </symbol>
      <symbol id="sm-a85">
         <name>COMP_E1_IRQHandler</name>
         <value>0x407d</value>
      </symbol>
      <symbol id="sm-a86">
         <name>TA0_0_IRQHandler</name>
         <value>0x407d</value>
      </symbol>
      <symbol id="sm-a87">
         <name>TA0_N_IRQHandler</name>
         <value>0x407d</value>
      </symbol>
      <symbol id="sm-a88">
         <name>TA1_0_IRQHandler</name>
         <value>0x407d</value>
      </symbol>
      <symbol id="sm-a89">
         <name>TA1_N_IRQHandler</name>
         <value>0x407d</value>
      </symbol>
      <symbol id="sm-a8a">
         <name>TA2_0_IRQHandler</name>
         <value>0x407d</value>
      </symbol>
      <symbol id="sm-a8b">
         <name>TA2_N_IRQHandler</name>
         <value>0x407d</value>
      </symbol>
      <symbol id="sm-a8c">
         <name>TA3_0_IRQHandler</name>
         <value>0x407d</value>
      </symbol>
      <symbol id="sm-a8d">
         <name>TA3_N_IRQHandler</name>
         <value>0x407d</value>
      </symbol>
      <symbol id="sm-a8e">
         <name>EUSCIA0_IRQHandler</name>
         <value>0x11c5</value>
      </symbol>
      <symbol id="sm-a8f">
         <name>EUSCIA1_IRQHandler</name>
         <value>0x407d</value>
      </symbol>
      <symbol id="sm-a90">
         <name>EUSCIA2_IRQHandler</name>
         <value>0x1249</value>
      </symbol>
      <symbol id="sm-a91">
         <name>EUSCIA3_IRQHandler</name>
         <value>0x407d</value>
      </symbol>
      <symbol id="sm-a92">
         <name>EUSCIB0_IRQHandler</name>
         <value>0x407d</value>
      </symbol>
      <symbol id="sm-a93">
         <name>EUSCIB1_IRQHandler</name>
         <value>0x407d</value>
      </symbol>
      <symbol id="sm-a94">
         <name>EUSCIB2_IRQHandler</name>
         <value>0x407d</value>
      </symbol>
      <symbol id="sm-a95">
         <name>EUSCIB3_IRQHandler</name>
         <value>0x407d</value>
      </symbol>
      <symbol id="sm-a96">
         <name>ADC14_IRQHandler</name>
         <value>0x407d</value>
      </symbol>
      <symbol id="sm-a97">
         <name>T32_INT1_IRQHandler</name>
         <value>0x407d</value>
      </symbol>
      <symbol id="sm-a98">
         <name>T32_INT2_IRQHandler</name>
         <value>0x407d</value>
      </symbol>
      <symbol id="sm-a99">
         <name>T32_INTC_IRQHandler</name>
         <value>0x407d</value>
      </symbol>
      <symbol id="sm-a9a">
         <name>AES256_IRQHandler</name>
         <value>0x407d</value>
      </symbol>
      <symbol id="sm-a9b">
         <name>RTC_C_IRQHandler</name>
         <value>0x407d</value>
      </symbol>
      <symbol id="sm-a9c">
         <name>DMA_ERR_IRQHandler</name>
         <value>0x407d</value>
      </symbol>
      <symbol id="sm-a9d">
         <name>DMA_INT3_IRQHandler</name>
         <value>0x407d</value>
      </symbol>
      <symbol id="sm-a9e">
         <name>DMA_INT2_IRQHandler</name>
         <value>0x407d</value>
      </symbol>
      <symbol id="sm-a9f">
         <name>DMA_INT1_IRQHandler</name>
         <value>0x407d</value>
      </symbol>
      <symbol id="sm-aa0">
         <name>DMA_INT0_IRQHandler</name>
         <value>0x407d</value>
      </symbol>
      <symbol id="sm-aa1">
         <name>PORT1_IRQHandler</name>
         <value>0x407d</value>
      </symbol>
      <symbol id="sm-aa2">
         <name>PORT2_IRQHandler</name>
         <value>0x407d</value>
      </symbol>
      <symbol id="sm-aa3">
         <name>PORT3_IRQHandler</name>
         <value>0x407d</value>
      </symbol>
      <symbol id="sm-aa4">
         <name>PORT4_IRQHandler</name>
         <value>0x407d</value>
      </symbol>
      <symbol id="sm-aa5">
         <name>PORT5_IRQHandler</name>
         <value>0x407d</value>
      </symbol>
      <symbol id="sm-aa6">
         <name>PORT6_IRQHandler</name>
         <value>0x13b7</value>
      </symbol>
      <symbol id="sm-aa7">
         <name>remove</name>
         <value>0x3e15</value>
      </symbol>
   </symbol_table>
   <title>Link successful</title>
</link_info>
