******************************************************************************
                  TI ARM Linker PC v18.1.5                     
******************************************************************************
>> Linked Mon Apr 15 14:56:53 2019

OUTPUT FILE NAME:   <dawgSystem.out>
ENTRY POINT SYMBOL: "_c_int00_noargs"  address: 00003c41


MEMORY CONFIGURATION

         name            origin    length      used     unused   attr    fill
----------------------  --------  ---------  --------  --------  ----  --------
  MAIN                  00000000   00040000  000042e9  0003bd17  R  X
  INFO                  00200000   00004000  00000000  00004000  R  X
  SRAM_CODE             01000000   00010000  00001b29  0000e4d7  RW X
  SRAM_DATA             20000000   00010000  00001b29  0000e4d7  RW  


SEGMENT ALLOCATION MAP

run origin  load origin   length   init length attrs members
----------  ----------- ---------- ----------- ----- -------
00000000    00000000    000042f0   000042f0    r-x
  00000000    00000000    000000e4   000000e4    r-- .intvecs
  000000e4    000000e4    00003fcc   00003fcc    r-x .text
  000040b0    000040b0    00000139   00000139    r-- .const
  000041f0    000041f0    00000100   00000100    r-- .cinit
20000000    20000000    00001930   00000000    rw-
  20000000    20000000    00001279   00000000    rw- .bss
  20001280    20001280    00000400   00000000    rw- .sysmem
  20001680    20001680    000002b0   00000000    rw- .data
2000fe00    2000fe00    00000200   00000000    rw-
  2000fe00    2000fe00    00000200   00000000    rw- .stack


SECTION ALLOCATION MAP

 output                                  attributes/
section   page    origin      length       input sections
--------  ----  ----------  ----------   ----------------
.intvecs   0    00000000    000000e4     
                  00000000    000000e4     startup_msp432p401r_ccs.obj (.intvecs:retain)

.text      0    000000e4    00003fcc     
                  000000e4    00000a5e     rtsv7M4_T_le_v4SPD16_eabi.lib : _printfi.c.obj (.text:__TI_printfi)
                  00000b42    00000002                                   : _lock.c.obj (.text:_nop)
                  00000b44    0000042c     LOCK_handler.obj (.text)
                  00000f70    00000370     UART_Driver.obj (.text)
                  000012e0    0000035c     KEYPAD_driver.obj (.text)
                  0000163c    00000334     system_msp432p401r.obj (.text)
                  00001970    00000270     rtsv7M4_T_le_v4SPD16_eabi.lib : _printfi.c.obj (.text:_pconv_a)
                  00001be0    000001d0                                   : _printfi.c.obj (.text:_pconv_g)
                  00001db0    000001b6                                   : fd_add_t2.asm.obj (.text)
                  00001f66    00000002                                   : div0.asm.obj (.text)
                  00001f68    00000188     TIMER_handle.obj (.text)
                  000020f0    0000015c     msp432p4xx_driverlib.lib : pcm.o (.text:__PCM_setPowerModeAdvanced)
                  0000224c    0000013c     rtsv7M4_T_le_v4SPD16_eabi.lib : _printfi.c.obj (.text:_pconv_e)
                  00002388    00000136                                   : fd_div_t2.asm.obj (.text)
                  000024be    00000002     --HOLE-- [fill = 0]
                  000024c0    00000124                                   : _printfi.c.obj (.text:fcvt)
                  000025e4    00000114                                   : fputs.c.obj (.text:fputs)
                  000026f8    00000110                                   : s_scalbn.c.obj (.text:scalbn)
                  00002808    00000108     msp432p4xx_driverlib.lib : pcm.o (.text:__PCM_setCoreVoltageLevelAdvanced)
                  00002910    00000100     LED_driver.obj (.text)
                  00002a10    000000fc     rtsv7M4_T_le_v4SPD16_eabi.lib : fd_mul_t2.asm.obj (.text)
                  00002b0c    000000dc                                   : setvbuf.c.obj (.text:setvbuf)
                  00002be8    000000d8                                   : memory.c.obj (.text:free)
                  00002cc0    000000b1                                   : _printfi.c.obj (.text:_ltostr)
                  00002d71    00000001     --HOLE-- [fill = 0]
                  00002d72    0000009c                                   : memcpy_t2.asm.obj (.text)
                  00002e0e    00000096                                   : ull_div_t2.asm.obj (.text)
                  00002ea4    0000008c                                   : fputc.c.obj (.text:fputc)
                  00002f30    00000086                                   : fd_cmp_t2.asm.obj (.text:__aeabi_cdcmple)
                  00002fb6    00000086                                   : fd_cmp_t2.asm.obj (.text:__aeabi_cdrcmple)
                  0000303c    00000084     msp432p4xx_driverlib.lib : gpio.o (.text:GPIO_getEnabledInterruptStatus)
                  000030c0    00000084     main.obj (.text)
                  00003144    0000007a     rtsv7M4_T_le_v4SPD16_eabi.lib : memset_t2.asm.obj (.text)
                  000031be    00000002     --HOLE-- [fill = 0]
                  000031c0    00000078                                   : memory.c.obj (.text:malloc)
                  00003238    00000074                                   : fclose.c.obj (.text:__TI_closefile)
                  000032ac    0000006e                                   : _printfi.c.obj (.text:_mcpy)
                  0000331a    00000002     --HOLE-- [fill = 0]
                  0000331c    00000068                                   : hostlseek.c.obj (.text:HOSTlseek)
                  00003384    00000068                                   : hostrename.c.obj (.text:HOSTrename)
                  000033ec    00000068                                   : copy_decompress_lzss.c.obj (.text:decompress:lzss:__TI_decompress_lzss)
                  00003454    00000068                                   : printf.c.obj (.text:printf)
                  000034bc    00000064                                   : s_frexp.c.obj (.text:frexp)
                  00003520    00000064                                   : fseek.c.obj (.text:fseek)
                  00003584    00000062                                   : _io_perm.c.obj (.text:__TI_wrt_ok)
                  000035e6    00000002     --HOLE-- [fill = 0]
                  000035e8    00000060                                   : hostopen.c.obj (.text:HOSTopen)
                  00003648    0000005e     msp432p4xx_driverlib.lib : pcm.o (.text:PCM_getCoreVoltageLevel)
                  000036a6    00000002     --HOLE-- [fill = 0]
                  000036a8    0000005c     rtsv7M4_T_le_v4SPD16_eabi.lib : close.c.obj (.text:close)
                  00003704    0000005a     msp432p4xx_driverlib.lib : pcm.o (.text:PCM_getPowerMode)
                  0000375e    00000002     --HOLE-- [fill = 0]
                  00003760    00000058     rtsv7M4_T_le_v4SPD16_eabi.lib : hostread.c.obj (.text:HOSTread)
                  000037b8    00000058                                   : hostwrite.c.obj (.text:HOSTwrite)
                  00003810    00000056                                   : _printfi.c.obj (.text:_pconv_f)
                  00003866    00000054                                   : ltoa.c.obj (.text:ltoa)
                  000038ba    00000052                                   : _printfi.c.obj (.text:_ecpy)
                  0000390c    0000004c                                   : fflush.c.obj (.text:__TI_doflush)
                  00003958    0000004c                                   : atoi.c.obj (.text:atoi)
                  000039a4    00000048     msp432p4xx_driverlib.lib : flash.o (.text:FlashCtl_setWaitState)
                  000039ec    00000048     rtsv7M4_T_le_v4SPD16_eabi.lib : exit.c.obj (.text:exit)
                  00003a34    00000048                                   : fd_toi_t2.asm.obj (.text)
                  00003a7c    00000044                                   : hostclose.c.obj (.text:HOSTclose)
                  00003ac0    00000044                                   : hostunlink.c.obj (.text:HOSTunlink)
                  00003b04    00000044                                   : autoinit.c.obj (.text:__TI_auto_init_nobinit_nopinit:__TI_auto_init_nobinit_nopinit)
                  00003b48    00000044                                   : getdevice.c.obj (.text:getdevice)
                  00003b8c    0000003e                                   : _printfi.c.obj (.text:_fcpy)
                  00003bca    00000002     --HOLE-- [fill = 0]
                  00003bcc    0000003c                                   : memory.c.obj (.text:minsert)
                  00003c08    00000038                                   : trgmsg.c.obj (.text:__TI_writemsg)
                  00003c40    00000038                                   : boot_cortex_m.c.obj (.text:_c_int00_noargs:_c_int00_noargs)
                  00003c78    00000038                                   : memory.c.obj (.text:minit)
                  00003cb0    00000036                                   : strncpy.c.obj (.text:strncpy)
                  00003ce6    00000002     --HOLE-- [fill = 0]
                  00003ce8    00000034     msp432p4xx_driverlib.lib : cs.o (.text:CS_setDCOCenteredFrequency)
                  00003d1c    00000034     rtsv7M4_T_le_v4SPD16_eabi.lib : fopen.c.obj (.text:__TI_cleanup)
                  00003d50    00000034                                   : trgmsg.c.obj (.text:__TI_readmsg)
                  00003d84    00000030     msp432p4xx_driverlib.lib : gpio.o (.text:GPIO_getInputPinValue)
                  00003db4    00000030     rtsv7M4_T_le_v4SPD16_eabi.lib : getdevice.c.obj (.text:finddevice)
                  00003de4    0000002e                                   : i_tofd_t2.asm.obj (.text)
                  00003e12    00000002     --HOLE-- [fill = 0]
                  00003e14    0000002c                                   : unlink.c.obj (.text:unlink)
                  00003e40    00000028     msp432p4xx_driverlib.lib : gpio.o (.text:GPIO_setOutputHighOnPin)
                  00003e68    00000028                              : gpio.o (.text:GPIO_setOutputLowOnPin)
                  00003e90    00000028                              : gpio.o (.text:GPIO_toggleOutputOnPin)
                  00003eb8    00000028     rtsv7M4_T_le_v4SPD16_eabi.lib : lseek.c.obj (.text:lseek)
                  00003ee0    00000028                                   : memory.c.obj (.text:mremove)
                  00003f08    00000028                                   : write.c.obj (.text:write)
                  00003f30    00000024     msp432p4xx_driverlib.lib : gpio.o (.text:GPIO_getInterruptStatus)
                  00003f54    00000022     CS_Driver.obj (.text)
                  00003f76    00000020     rtsv7M4_T_le_v4SPD16_eabi.lib : memchr.c.obj (.text:memchr)
                  00003f96    0000001c                                   : memccpy.c.obj (.text:memccpy)
                  00003fb2    00000018                                   : strcmp.c.obj (.text:strcmp)
                  00003fca    00000016                                   : strchr.c.obj (.text:strchr)
                  00003fe0    00000014     msp432p4xx_driverlib.lib : pcm.o (.text:PCM_getPowerState)
                  00003ff4    00000014     rtsv7M4_T_le_v4SPD16_eabi.lib : s_copysign.c.obj (.text:copysign)
                  00004008    00000014                                   : strcpy.c.obj (.text:strcpy)
                  0000401c    00000014                                   : strlen.c.obj (.text:strlen)
                  00004030    00000012                                   : wcslen.c.obj (.text:wcslen)
                  00004042    00000010     msp432p4xx_driverlib.lib : pcm.o (.text:PCM_setCoreVoltageLevel)
                  00004052    00000010                              : pcm.o (.text:PCM_setPowerMode)
                  00004062    0000000e     rtsv7M4_T_le_v4SPD16_eabi.lib : copy_decompress_none.c.obj (.text:decompress:none:__TI_decompress_none)
                  00004070    0000000e     startup_msp432p401r_ccs.obj (.text)
                  0000407e    00000002     --HOLE-- [fill = 0]
                  00004080    0000000c     msp432p4xx_driverlib.lib : systick.o (.text:SysTick_getValue)
                  0000408c    0000000c     rtsv7M4_T_le_v4SPD16_eabi.lib : copy_zero_init.c.obj (.text:decompress:ZI:__TI_zero_init)
                  00004098    00000008                                   : errno.c.obj (.text:__aeabi_errno_addr)
                  000040a0    00000004                                   : printf.c.obj (.text:_outc)
                  000040a4    00000004                                   : printf.c.obj (.text:_outs)
                  000040a8    00000004                                   : pre_init.c.obj (.text:_system_pre_init)
                  000040ac    00000004                                   : exit.c.obj (.text:abort:abort)

.const     0    000040b0    00000139     
                  000040b0    00000101     rtsv7M4_T_le_v4SPD16_eabi.lib : ctype.c.obj (.const:.string:_ctypes_)
                  000041b1    00000003     --HOLE-- [fill = 0]
                  000041b4    00000030     msp432p4xx_driverlib.lib : gpio.o (.const:GPIO_PORT_TO_BASE)
                  000041e4    00000005     KEYPAD_driver.obj (.const:.string:$P$T0$1)

.cinit     0    000041f0    00000100     
                  000041f0    000000dc     (.cinit..data.load) [load image, compression = lzss]
                  000042cc    0000000c     (__TI_handler_table)
                  000042d8    00000008     (.cinit..bss.load) [load image, compression = zero_init]
                  000042e0    00000010     (__TI_cinit_table)

.init_array 
*          0    00000000    00000000     UNINITIALIZED

.binit     0    00000000    00000000     

.bss       0    20000000    00001279     UNINITIALIZED
                  20000000    00000800     (.common:UARTA0Data)
                  20000800    00000800     (.common:UARTA2Data)
                  20001000    00000120     rtsv7M4_T_le_v4SPD16_eabi.lib : trgmsg.c.obj (.bss:_CIOBUF_)
                  20001120    000000a0     (.common:__TI_tmpnams)
                  200011c0    00000080     (.common:password)
                  20001240    00000014     (.common:keys_pressed)
                  20001254    00000008     (.common:parmbuf)
                  2000125c    00000004     (.common:UARTA0ReadIndex)
                  20001260    00000004     (.common:UARTA0WriteIndex)
                  20001264    00000004     (.common:UARTA2ReadIndex)
                  20001268    00000004     (.common:UARTA2WriteIndex)
                  2000126c    00000004     (.common:button_count)
                  20001270    00000004     (.common:connected)
                  20001274    00000004     (.common:lock_count)
                  20001278    00000001     (.common:state)

.sysmem    0    20001280    00000400     UNINITIALIZED
                  20001280    00000008     rtsv7M4_T_le_v4SPD16_eabi.lib : memory.c.obj (.sysmem)
                  20001288    000003f8     --HOLE--

.data      0    20001680    000002b0     UNINITIALIZED
                  20001680    000000f0     rtsv7M4_T_le_v4SPD16_eabi.lib : defs.c.obj (.data:_ftable)
                  20001770    00000078                                   : write.c.obj (.data:_device)
                  200017e8    00000050                                   : write.c.obj (.data:_stream)
                  20001838    00000040     KEYPAD_driver.obj (.data:ButtonKeys)
                  20001878    00000024     main.obj (.data:UART2Config)
                  2000189c    00000018     LED_driver.obj (.data:LEDs)
                  200018b4    00000010     KEYPAD_driver.obj (.data:Buttons)
                  200018c4    00000010     KEYPAD_driver.obj (.data)
                  200018d4    00000010     TIMER_handle.obj (.data)
                  200018e4    00000010     rtsv7M4_T_le_v4SPD16_eabi.lib : defs.c.obj (.data)
                  200018f4    0000000c                                   : exit.c.obj (.data:$O1$$)
                  20001900    0000000c                                   : memory.c.obj (.data:$O1$$)
                  2000190c    00000008                                   : _lock.c.obj (.data:$O1$$)
                  20001914    00000007     LOCK_handler.obj (.data:SpecialChars)
                  2000191b    00000001     --HOLE--
                  2000191c    00000004     LOCK_handler.obj (.data)
                  20001920    00000004     LOCK_handler.obj (.data:entered)
                  20001924    00000004     LOCK_handler.obj (.data:pwd)
                  20001928    00000004     rtsv7M4_T_le_v4SPD16_eabi.lib : errno.c.obj (.data)
                  2000192c    00000004     system_msp432p401r.obj (.data)

.stack     0    2000fe00    00000200     UNINITIALIZED
                  2000fe00    00000004     rtsv7M4_T_le_v4SPD16_eabi.lib : boot_cortex_m.c.obj (.stack)
                  2000fe04    000001fc     --HOLE--

MODULE SUMMARY

       Module                        code    ro data   rw data
       ------                        ----    -------   -------
    .\
       system_msp432p401r.obj        820     0         8      
       main.obj                      132     0         354    
       startup_msp432p401r_ccs.obj   14      228       0      
    +--+-----------------------------+-------+---------+---------+
       Total:                        966     228       362    
                                                              
    .\Devices\
       LOCK_handler.obj              1068    0         38     
       KEYPAD_driver.obj             860     5         232    
    +--+-----------------------------+-------+---------+---------+
       Total:                        1928    5         270    
                                                              
    .\Hardware\
       UART_Driver.obj               880     0         8224   
       TIMER_handle.obj              392     0         32     
       LED_driver.obj                256     0         48     
       CS_Driver.obj                 34      0         0      
    +--+-----------------------------+-------+---------+---------+
       Total:                        1562    0         8304   
                                                              
    C:/ti/simplelink_msp432p4_sdk_2_40_00_10/source/ti/devices/msp432p4xx/driverlib/ccs/msp432p4xx_driverlib.lib
       pcm.o                         848     0         0      
       gpio.o                        336     48        0      
       flash.o                       72      0         0      
       cs.o                          52      0         0      
       systick.o                     12      0         0      
    +--+-----------------------------+-------+---------+---------+
       Total:                        1320    48        0      
                                                              
    C:\ti\ccsv8\tools\compiler\ti-cgt-arm_18.1.5.LTS\lib\rtsv7M4_T_le_v4SPD16_eabi.lib
       _printfi.c.obj                4867    0         0      
       defs.c.obj                    0       0         832    
       trgmsg.c.obj                  108     0         576    
       memory.c.obj                  492     0         24     
       write.c.obj                   40      0         400    
       fd_add_t2.asm.obj             438     0         0      
       fd_div_t2.asm.obj             310     0         0      
       fputs.c.obj                   276     0         0      
       s_scalbn.c.obj                272     0         0      
       fd_cmp_t2.asm.obj             268     0         0      
       ctype.c.obj                   0       257       0      
       fd_mul_t2.asm.obj             252     0         0      
       setvbuf.c.obj                 220     0         0      
       memcpy_t2.asm.obj             156     0         0      
       ull_div_t2.asm.obj            150     0         0      
       fputc.c.obj                   140     0         0      
       memset_t2.asm.obj             122     0         0      
       fclose.c.obj                  116     0         0      
       getdevice.c.obj               116     0         0      
       hostopen.c.obj                96      0         16     
       printf.c.obj                  112     0         0      
       copy_decompress_lzss.c.obj    104     0         0      
       hostlseek.c.obj               104     0         0      
       hostrename.c.obj              104     0         0      
       exit.c.obj                    76      0         24     
       fseek.c.obj                   100     0         0      
       s_frexp.c.obj                 100     0         0      
       _io_perm.c.obj                98      0         0      
       close.c.obj                   92      0         0      
       hostread.c.obj                88      0         0      
       hostwrite.c.obj               88      0         0      
       ltoa.c.obj                    84      0         0      
       atoi.c.obj                    76      0         0      
       fflush.c.obj                  76      0         0      
       fd_toi_t2.asm.obj             72      0         0      
       autoinit.c.obj                68      0         0      
       hostclose.c.obj               68      0         0      
       hostunlink.c.obj              68      0         0      
       boot_cortex_m.c.obj           56      0         0      
       strncpy.c.obj                 54      0         0      
       fopen.c.obj                   52      0         0      
       i_tofd_t2.asm.obj             46      0         0      
       unlink.c.obj                  44      0         0      
       lseek.c.obj                   40      0         0      
       memchr.c.obj                  32      0         0      
       memccpy.c.obj                 28      0         0      
       strcmp.c.obj                  24      0         0      
       strchr.c.obj                  22      0         0      
       s_copysign.c.obj              20      0         0      
       strcpy.c.obj                  20      0         0      
       strlen.c.obj                  20      0         0      
       _lock.c.obj                   2       0         16     
       wcslen.c.obj                  18      0         0      
       errno.c.obj                   8       0         8      
       copy_decompress_none.c.obj    14      0         0      
       copy_zero_init.c.obj          12      0         0      
       pre_init.c.obj                4       0         0      
       div0.asm.obj                  2       0         0      
    +--+-----------------------------+-------+---------+---------+
       Total:                        10535   257       1896   
                                                              
       Heap:                         0       0         2048   
       Stack:                        0       0         1024   
       Linker Generated:             0       256       0      
    +--+-----------------------------+-------+---------+---------+
       Grand Total:                  16311   794       13904  


LINKER GENERATED COPY TABLES

__TI_cinit_table @ 000042e0 records: 2, size/record: 8, table size: 16
	.data: load addr=000041f0, load size=000000dc bytes, run addr=20001680, run size=000002b0 bytes, compression=lzss
	.bss: load addr=000042d8, load size=00000008 bytes, run addr=20000000, run size=00001279 bytes, compression=zero_init


LINKER GENERATED HANDLER TABLE

__TI_handler_table @ 000042cc records: 3, size/record: 4, table size: 12
	index: 0, handler: __TI_decompress_lzss
	index: 1, handler: __TI_decompress_none
	index: 2, handler: __TI_zero_init


GLOBAL SYMBOLS: SORTED ALPHABETICALLY BY Name 

address   name                           
-------   ----                           
0000407d  ADC14_IRQHandler               
0000407d  AES256_IRQHandler              
0000407d  BusFault_Handler               
20001838  ButtonKeys                     
200018b4  Buttons                        
000040ad  C$$EXIT                        
00003c37  C$$IO$$                        
0000407d  COMP_E0_IRQHandler             
0000407d  COMP_E1_IRQHandler             
0000407d  CS_IRQHandler                  
00003f55  CS_Init                        
00003ce9  CS_setDCOCenteredFrequency     
0000407d  DMA_ERR_IRQHandler             
0000407d  DMA_INT0_IRQHandler            
0000407d  DMA_INT1_IRQHandler            
0000407d  DMA_INT2_IRQHandler            
0000407d  DMA_INT3_IRQHandler            
0000407d  DebugMon_Handler               
0000407d  Default_Handler                
000011c5  EUSCIA0_IRQHandler             
000011c5  EUSCIA0_IRQHandler             
0000407d  EUSCIA1_IRQHandler             
00001249  EUSCIA2_IRQHandler             
00001249  EUSCIA2_IRQHandler             
0000407d  EUSCIA3_IRQHandler             
0000407d  EUSCIB0_IRQHandler             
0000407d  EUSCIB1_IRQHandler             
0000407d  EUSCIB2_IRQHandler             
0000407d  EUSCIB3_IRQHandler             
0000407d  FLCTL_IRQHandler               
0000407d  FPU_IRQHandler                 
000039a5  FlashCtl_setWaitState          
0000303d  GPIO_getEnabledInterruptStatus 
00003d85  GPIO_getInputPinValue          
00003f31  GPIO_getInterruptStatus        
00003e41  GPIO_setOutputHighOnPin        
00003e69  GPIO_setOutputLowOnPin         
00001561  GPIO_status                    
00003e91  GPIO_toggleOutputOnPin         
00003a7d  HOSTclose                      
0000331d  HOSTlseek                      
000035e9  HOSTopen                       
00003761  HOSTread                       
00003385  HOSTrename                     
00003ac1  HOSTunlink                     
000037b9  HOSTwrite                      
0000407d  HardFault_Handler              
2000189c  LEDs                           
0000407d  MemManage_Handler              
0000407d  NMI_Handler                    
0000407d  PCM_IRQHandler                 
00003649  PCM_getCoreVoltageLevel        
00003705  PCM_getPowerMode               
00003fe1  PCM_getPowerState              
00004043  PCM_setCoreVoltageLevel        
00004053  PCM_setPowerMode               
0000407d  PORT1_IRQHandler               
0000407d  PORT2_IRQHandler               
0000407d  PORT3_IRQHandler               
0000407d  PORT4_IRQHandler               
0000407d  PORT5_IRQHandler               
000013b7  PORT6_IRQHandler               
000013b7  PORT6_IRQHandler               
0000407d  PSS_IRQHandler                 
0000407d  PendSV_Handler                 
0000407d  RTC_C_IRQHandler               
00004071  Reset_Handler                  
0000407d  SVC_Handler                    
00001fe1  SysTick_Handler                
00001fe1  SysTick_Handler                
00004081  SysTick_getValue               
2000192c  SystemCoreClock                
0000163d  SystemCoreClockUpdate          
000018b5  SystemInit                     
0000407d  T32_INT1_IRQHandler            
0000407d  T32_INT2_IRQHandler            
0000407d  T32_INTC_IRQHandler            
0000407d  TA0_0_IRQHandler               
0000407d  TA0_N_IRQHandler               
0000407d  TA1_0_IRQHandler               
0000407d  TA1_N_IRQHandler               
0000407d  TA2_0_IRQHandler               
0000407d  TA2_N_IRQHandler               
0000407d  TA3_0_IRQHandler               
0000407d  TA3_N_IRQHandler               
00001f69  Timer_Init                     
20001878  UART2Config                    
20000000  UARTA0Data                     
2000125c  UARTA0ReadIndex                
20001260  UARTA0WriteIndex               
20000800  UARTA2Data                     
20001264  UARTA2ReadIndex                
20001268  UARTA2WriteIndex               
00001159  UART_Available                 
00001191  UART_Flush                     
00000f71  UART_Init                      
00001061  UART_Read                      
00001025  UART_Write                     
0000407d  UsageFault_Handler             
4000480c  WDTCTL_SYM                     
0000407d  WDT_A_IRQHandler               
20001000  __CIOBUF_                      
20010000  __STACK_END                    
00000200  __STACK_SIZE                   
00000400  __SYSMEM_SIZE                  
000042e0  __TI_CINIT_Base                
000042f0  __TI_CINIT_Limit               
000042cc  __TI_Handler_Table_Base        
000042d8  __TI_Handler_Table_Limit       
00003b05  __TI_auto_init_nobinit_nopinit 
00003d1d  __TI_cleanup                   
200018f4  __TI_cleanup_ptr               
00003239  __TI_closefile                 
000033ed  __TI_decompress_lzss           
00004063  __TI_decompress_none           
0000390d  __TI_doflush                   
200018f8  __TI_dtors_ptr                 
200018fc  __TI_enable_exit_profile_output
200018e4  __TI_ft_end                    
ffffffff  __TI_pprof_out_hndl            
000000e5  __TI_printfi                   
ffffffff  __TI_prof_data_size            
ffffffff  __TI_prof_data_start           
00003d51  __TI_readmsg                   
00000000  __TI_static_base__             
20001120  __TI_tmpnams                   
00003c09  __TI_writemsg                  
00003585  __TI_wrt_ok                    
0000408d  __TI_zero_init                 
00002f31  __aeabi_cdcmpeq                
00002f31  __aeabi_cdcmple                
00002fb7  __aeabi_cdrcmple               
00003a35  __aeabi_d2iz                   
00001dbb  __aeabi_dadd                   
00002389  __aeabi_ddiv                   
00002a11  __aeabi_dmul                   
00001db1  __aeabi_dsub                   
00004099  __aeabi_errno_addr             
00003de5  __aeabi_i2d                    
00001f67  __aeabi_idiv0                  
00001f67  __aeabi_ldiv0                  
00003145  __aeabi_memclr                 
00003145  __aeabi_memclr4                
00003145  __aeabi_memclr8                
00002d73  __aeabi_memcpy                 
00002d73  __aeabi_memcpy4                
00002d73  __aeabi_memcpy8                
00003147  __aeabi_memset                 
00003147  __aeabi_memset4                
00003147  __aeabi_memset8                
200018f0  __aeabi_stderr                 
200018e8  __aeabi_stdin                  
200018ec  __aeabi_stdout                 
00002e0f  __aeabi_uldivmod               
ffffffff  __binit__                      
ffffffff  __c_args__                     
UNDEFED   __mpu_init                     
2000fe00  __stack                        
00003c41  _c_int00_noargs                
000040b0  _ctypes_                       
20001770  _device                        
20001680  _ftable                        
2000190c  _lock                          
00000b43  _nop                           
200017e8  _stream                        
20001280  _sys_memory                    
UNDEFED   _system_post_cinit             
000040a9  _system_pre_init               
20001910  _unlock                        
000040ad  abort                          
00003959  atoi                           
ffffffff  binit                          
2000126c  button_count                   
00000d5d  clearLock                      
000036a9  close                          
20001270  connected                      
00003ff5  copysign                       
00003ff5  copysignl                      
20001928  errno                          
000039ed  exit                           
00003db5  finddevice                     
00002ea5  fputc                          
000025e5  fputs                          
00002be9  free                           
000034bd  frexp                          
000034bd  frexpl                         
00003521  fseek                          
00000e01  getLockCount                   
00000d11  getLockState                   
00001fdb  get_kp_count                   
00001faf  get_locking                    
00001fc5  get_unlocking                  
00003b49  getdevice                      
000029c7  green_off                      
000029b7  green_on                       
00000000  interruptVectors               
00000e07  isPwdChanging                  
00000e83  isSpecialChar                  
000012e1  keypad_init                    
20001240  keys_pressed                   
200018cc  last_time_pressed              
000026f9  ldexp                          
000026f9  ldexpl                         
00002911  leds_init                      
00000dd1  lockIsBusy                     
00000b7d  lock_button_pressed            
20001274  lock_count                     
00000b45  lock_init                      
00003eb9  lseek                          
00003867  ltoa                           
000030c1  main                           
000031c1  malloc                         
00003f97  memccpy                        
00003f77  memchr                         
00002d73  memcpy                         
0000314d  memset                         
00003c79  minit                          
20001254  parmbuf                        
200011c0  password                       
00000d99  passwords_match                
200018c4  period                         
00000d2b  printPassword                  
00003455  printf                         
00002ea5  putc                           
00002997  red_off                        
00002987  red_on                         
00003e15  remove                         
000026f9  scalbn                         
000026f9  scalbnl                        
00000df1  setLockCount                   
00000d17  setLockState                   
00000e2d  setNewPwd                      
00000e11  setPwdChanging                 
00001fcb  set_kp_count                   
00001f9f  set_locking                    
00001f8f  set_overflow_count             
00001fb5  set_unlocking                  
00002b0d  setvbuf                        
20001278  state                          
00003fcb  strchr                         
00003fb3  strcmp                         
00004009  strcpy                         
0000401d  strlen                         
00003cb1  strncpy                        
200018c8  threshold                      
000029d7  toggle_green                   
000029a7  toggle_red                     
00002977  toggle_yellow                  
00003e15  unlink                         
200018d0  verifying                      
00004031  wcslen                         
00003f09  write                          
00002967  yellow_off                     
00002957  yellow_on                      


GLOBAL SYMBOLS: SORTED BY Symbol Address 

address   name                           
-------   ----                           
00000000  __TI_static_base__             
00000000  interruptVectors               
000000e5  __TI_printfi                   
00000200  __STACK_SIZE                   
00000400  __SYSMEM_SIZE                  
00000b43  _nop                           
00000b45  lock_init                      
00000b7d  lock_button_pressed            
00000d11  getLockState                   
00000d17  setLockState                   
00000d2b  printPassword                  
00000d5d  clearLock                      
00000d99  passwords_match                
00000dd1  lockIsBusy                     
00000df1  setLockCount                   
00000e01  getLockCount                   
00000e07  isPwdChanging                  
00000e11  setPwdChanging                 
00000e2d  setNewPwd                      
00000e83  isSpecialChar                  
00000f71  UART_Init                      
00001025  UART_Write                     
00001061  UART_Read                      
00001159  UART_Available                 
00001191  UART_Flush                     
000011c5  EUSCIA0_IRQHandler             
000011c5  EUSCIA0_IRQHandler             
00001249  EUSCIA2_IRQHandler             
00001249  EUSCIA2_IRQHandler             
000012e1  keypad_init                    
000013b7  PORT6_IRQHandler               
000013b7  PORT6_IRQHandler               
00001561  GPIO_status                    
0000163d  SystemCoreClockUpdate          
000018b5  SystemInit                     
00001db1  __aeabi_dsub                   
00001dbb  __aeabi_dadd                   
00001f67  __aeabi_idiv0                  
00001f67  __aeabi_ldiv0                  
00001f69  Timer_Init                     
00001f8f  set_overflow_count             
00001f9f  set_locking                    
00001faf  get_locking                    
00001fb5  set_unlocking                  
00001fc5  get_unlocking                  
00001fcb  set_kp_count                   
00001fdb  get_kp_count                   
00001fe1  SysTick_Handler                
00001fe1  SysTick_Handler                
00002389  __aeabi_ddiv                   
000025e5  fputs                          
000026f9  ldexp                          
000026f9  ldexpl                         
000026f9  scalbn                         
000026f9  scalbnl                        
00002911  leds_init                      
00002957  yellow_on                      
00002967  yellow_off                     
00002977  toggle_yellow                  
00002987  red_on                         
00002997  red_off                        
000029a7  toggle_red                     
000029b7  green_on                       
000029c7  green_off                      
000029d7  toggle_green                   
00002a11  __aeabi_dmul                   
00002b0d  setvbuf                        
00002be9  free                           
00002d73  __aeabi_memcpy                 
00002d73  __aeabi_memcpy4                
00002d73  __aeabi_memcpy8                
00002d73  memcpy                         
00002e0f  __aeabi_uldivmod               
00002ea5  fputc                          
00002ea5  putc                           
00002f31  __aeabi_cdcmpeq                
00002f31  __aeabi_cdcmple                
00002fb7  __aeabi_cdrcmple               
0000303d  GPIO_getEnabledInterruptStatus 
000030c1  main                           
00003145  __aeabi_memclr                 
00003145  __aeabi_memclr4                
00003145  __aeabi_memclr8                
00003147  __aeabi_memset                 
00003147  __aeabi_memset4                
00003147  __aeabi_memset8                
0000314d  memset                         
000031c1  malloc                         
00003239  __TI_closefile                 
0000331d  HOSTlseek                      
00003385  HOSTrename                     
000033ed  __TI_decompress_lzss           
00003455  printf                         
000034bd  frexp                          
000034bd  frexpl                         
00003521  fseek                          
00003585  __TI_wrt_ok                    
000035e9  HOSTopen                       
00003649  PCM_getCoreVoltageLevel        
000036a9  close                          
00003705  PCM_getPowerMode               
00003761  HOSTread                       
000037b9  HOSTwrite                      
00003867  ltoa                           
0000390d  __TI_doflush                   
00003959  atoi                           
000039a5  FlashCtl_setWaitState          
000039ed  exit                           
00003a35  __aeabi_d2iz                   
00003a7d  HOSTclose                      
00003ac1  HOSTunlink                     
00003b05  __TI_auto_init_nobinit_nopinit 
00003b49  getdevice                      
00003c09  __TI_writemsg                  
00003c37  C$$IO$$                        
00003c41  _c_int00_noargs                
00003c79  minit                          
00003cb1  strncpy                        
00003ce9  CS_setDCOCenteredFrequency     
00003d1d  __TI_cleanup                   
00003d51  __TI_readmsg                   
00003d85  GPIO_getInputPinValue          
00003db5  finddevice                     
00003de5  __aeabi_i2d                    
00003e15  remove                         
00003e15  unlink                         
00003e41  GPIO_setOutputHighOnPin        
00003e69  GPIO_setOutputLowOnPin         
00003e91  GPIO_toggleOutputOnPin         
00003eb9  lseek                          
00003f09  write                          
00003f31  GPIO_getInterruptStatus        
00003f55  CS_Init                        
00003f77  memchr                         
00003f97  memccpy                        
00003fb3  strcmp                         
00003fcb  strchr                         
00003fe1  PCM_getPowerState              
00003ff5  copysign                       
00003ff5  copysignl                      
00004009  strcpy                         
0000401d  strlen                         
00004031  wcslen                         
00004043  PCM_setCoreVoltageLevel        
00004053  PCM_setPowerMode               
00004063  __TI_decompress_none           
00004071  Reset_Handler                  
0000407d  ADC14_IRQHandler               
0000407d  AES256_IRQHandler              
0000407d  BusFault_Handler               
0000407d  COMP_E0_IRQHandler             
0000407d  COMP_E1_IRQHandler             
0000407d  CS_IRQHandler                  
0000407d  DMA_ERR_IRQHandler             
0000407d  DMA_INT0_IRQHandler            
0000407d  DMA_INT1_IRQHandler            
0000407d  DMA_INT2_IRQHandler            
0000407d  DMA_INT3_IRQHandler            
0000407d  DebugMon_Handler               
0000407d  Default_Handler                
0000407d  EUSCIA1_IRQHandler             
0000407d  EUSCIA3_IRQHandler             
0000407d  EUSCIB0_IRQHandler             
0000407d  EUSCIB1_IRQHandler             
0000407d  EUSCIB2_IRQHandler             
0000407d  EUSCIB3_IRQHandler             
0000407d  FLCTL_IRQHandler               
0000407d  FPU_IRQHandler                 
0000407d  HardFault_Handler              
0000407d  MemManage_Handler              
0000407d  NMI_Handler                    
0000407d  PCM_IRQHandler                 
0000407d  PORT1_IRQHandler               
0000407d  PORT2_IRQHandler               
0000407d  PORT3_IRQHandler               
0000407d  PORT4_IRQHandler               
0000407d  PORT5_IRQHandler               
0000407d  PSS_IRQHandler                 
0000407d  PendSV_Handler                 
0000407d  RTC_C_IRQHandler               
0000407d  SVC_Handler                    
0000407d  T32_INT1_IRQHandler            
0000407d  T32_INT2_IRQHandler            
0000407d  T32_INTC_IRQHandler            
0000407d  TA0_0_IRQHandler               
0000407d  TA0_N_IRQHandler               
0000407d  TA1_0_IRQHandler               
0000407d  TA1_N_IRQHandler               
0000407d  TA2_0_IRQHandler               
0000407d  TA2_N_IRQHandler               
0000407d  TA3_0_IRQHandler               
0000407d  TA3_N_IRQHandler               
0000407d  UsageFault_Handler             
0000407d  WDT_A_IRQHandler               
00004081  SysTick_getValue               
0000408d  __TI_zero_init                 
00004099  __aeabi_errno_addr             
000040a9  _system_pre_init               
000040ad  C$$EXIT                        
000040ad  abort                          
000040b0  _ctypes_                       
000042cc  __TI_Handler_Table_Base        
000042d8  __TI_Handler_Table_Limit       
000042e0  __TI_CINIT_Base                
000042f0  __TI_CINIT_Limit               
20000000  UARTA0Data                     
20000800  UARTA2Data                     
20001000  __CIOBUF_                      
20001120  __TI_tmpnams                   
200011c0  password                       
20001240  keys_pressed                   
20001254  parmbuf                        
2000125c  UARTA0ReadIndex                
20001260  UARTA0WriteIndex               
20001264  UARTA2ReadIndex                
20001268  UARTA2WriteIndex               
2000126c  button_count                   
20001270  connected                      
20001274  lock_count                     
20001278  state                          
20001280  _sys_memory                    
20001680  _ftable                        
20001770  _device                        
200017e8  _stream                        
20001838  ButtonKeys                     
20001878  UART2Config                    
2000189c  LEDs                           
200018b4  Buttons                        
200018c4  period                         
200018c8  threshold                      
200018cc  last_time_pressed              
200018d0  verifying                      
200018e4  __TI_ft_end                    
200018e8  __aeabi_stdin                  
200018ec  __aeabi_stdout                 
200018f0  __aeabi_stderr                 
200018f4  __TI_cleanup_ptr               
200018f8  __TI_dtors_ptr                 
200018fc  __TI_enable_exit_profile_output
2000190c  _lock                          
20001910  _unlock                        
20001928  errno                          
2000192c  SystemCoreClock                
2000fe00  __stack                        
20010000  __STACK_END                    
4000480c  WDTCTL_SYM                     
ffffffff  __TI_pprof_out_hndl            
ffffffff  __TI_prof_data_size            
ffffffff  __TI_prof_data_start           
ffffffff  __binit__                      
ffffffff  __c_args__                     
ffffffff  binit                          
UNDEFED   __mpu_init                     
UNDEFED   _system_post_cinit             

[254 symbols]
