<?xml version="1.0" encoding="ISO-8859-1" ?>
<link_info>
   <banner>TI ARM Linker PC v18.1.5.LTS</banner>
   <copyright>Copyright (c) 1996-2018 Texas Instruments Incorporated</copyright>
   <link_time>0x5cb3cb66</link_time>
   <link_errors>0x0</link_errors>
   <output_file>dawgSystem.out</output_file>
   <entry_point>
      <name>_c_int00_noargs</name>
      <address>0x3ab1</address>
   </entry_point>
   <input_file_list>
      <input_file id="fl-2">
         <path>.\</path>
         <kind>object</kind>
         <file>main.obj</file>
         <name>main.obj</name>
      </input_file>
      <input_file id="fl-3">
         <path>.\</path>
         <kind>object</kind>
         <file>startup_msp432p401r_ccs.obj</file>
         <name>startup_msp432p401r_ccs.obj</name>
      </input_file>
      <input_file id="fl-4">
         <path>.\</path>
         <kind>object</kind>
         <file>system_msp432p401r.obj</file>
         <name>system_msp432p401r.obj</name>
      </input_file>
      <input_file id="fl-5">
         <path>.\Devices\</path>
         <kind>object</kind>
         <file>HC05_driver.obj</file>
         <name>HC05_driver.obj</name>
      </input_file>
      <input_file id="fl-6">
         <path>.\Devices\</path>
         <kind>object</kind>
         <file>KEYPAD_driver.obj</file>
         <name>KEYPAD_driver.obj</name>
      </input_file>
      <input_file id="fl-7">
         <path>.\Devices\</path>
         <kind>object</kind>
         <file>LOCK_handler.obj</file>
         <name>LOCK_handler.obj</name>
      </input_file>
      <input_file id="fl-8">
         <path>.\Devices\</path>
         <kind>object</kind>
         <file>MSPIO.obj</file>
         <name>MSPIO.obj</name>
      </input_file>
      <input_file id="fl-9">
         <path>.\Hardware\</path>
         <kind>object</kind>
         <file>CS_Driver.obj</file>
         <name>CS_Driver.obj</name>
      </input_file>
      <input_file id="fl-a">
         <path>.\Hardware\</path>
         <kind>object</kind>
         <file>LED_driver.obj</file>
         <name>LED_driver.obj</name>
      </input_file>
      <input_file id="fl-b">
         <path>.\Hardware\</path>
         <kind>object</kind>
         <file>TIMER_handle.obj</file>
         <name>TIMER_handle.obj</name>
      </input_file>
      <input_file id="fl-c">
         <path>.\Hardware\</path>
         <kind>object</kind>
         <file>UART_Driver.obj</file>
         <name>UART_Driver.obj</name>
      </input_file>
      <input_file id="fl-10">
         <kind>object</kind>
         <file>&lt;internal&gt;</file>
         <name>&lt;internal&gt;</name>
      </input_file>
      <input_file id="fl-11">
         <path>C:\ti\simplelink_msp432p4_sdk_2_40_00_10\source\ti\devices\msp432p4xx\driverlib\ccs\</path>
         <kind>archive</kind>
         <file>msp432p4xx_driverlib.lib</file>
         <name>cs.o</name>
      </input_file>
      <input_file id="fl-12">
         <path>C:\ti\simplelink_msp432p4_sdk_2_40_00_10\source\ti\devices\msp432p4xx\driverlib\ccs\</path>
         <kind>archive</kind>
         <file>msp432p4xx_driverlib.lib</file>
         <name>flash.o</name>
      </input_file>
      <input_file id="fl-13">
         <path>C:\ti\simplelink_msp432p4_sdk_2_40_00_10\source\ti\devices\msp432p4xx\driverlib\ccs\</path>
         <kind>archive</kind>
         <file>msp432p4xx_driverlib.lib</file>
         <name>cpu.o</name>
      </input_file>
      <input_file id="fl-14">
         <path>C:\ti\simplelink_msp432p4_sdk_2_40_00_10\source\ti\devices\msp432p4xx\driverlib\ccs\</path>
         <kind>archive</kind>
         <file>msp432p4xx_driverlib.lib</file>
         <name>gpio.o</name>
      </input_file>
      <input_file id="fl-15">
         <path>C:\ti\simplelink_msp432p4_sdk_2_40_00_10\source\ti\devices\msp432p4xx\driverlib\ccs\</path>
         <kind>archive</kind>
         <file>msp432p4xx_driverlib.lib</file>
         <name>interrupt.o</name>
      </input_file>
      <input_file id="fl-16">
         <path>C:\ti\simplelink_msp432p4_sdk_2_40_00_10\source\ti\devices\msp432p4xx\driverlib\ccs\</path>
         <kind>archive</kind>
         <file>msp432p4xx_driverlib.lib</file>
         <name>pcm.o</name>
      </input_file>
      <input_file id="fl-17">
         <path>C:\ti\simplelink_msp432p4_sdk_2_40_00_10\source\ti\devices\msp432p4xx\driverlib\ccs\</path>
         <kind>archive</kind>
         <file>msp432p4xx_driverlib.lib</file>
         <name>rtc_c.o</name>
      </input_file>
      <input_file id="fl-18">
         <path>C:\ti\simplelink_msp432p4_sdk_2_40_00_10\source\ti\devices\msp432p4xx\driverlib\ccs\</path>
         <kind>archive</kind>
         <file>msp432p4xx_driverlib.lib</file>
         <name>sysctl_a.o</name>
      </input_file>
      <input_file id="fl-19">
         <path>C:\ti\simplelink_msp432p4_sdk_2_40_00_10\source\ti\devices\msp432p4xx\driverlib\ccs\</path>
         <kind>archive</kind>
         <file>msp432p4xx_driverlib.lib</file>
         <name>sysctl.o</name>
      </input_file>
      <input_file id="fl-1a">
         <path>C:\ti\simplelink_msp432p4_sdk_2_40_00_10\source\ti\devices\msp432p4xx\driverlib\ccs\</path>
         <kind>archive</kind>
         <file>msp432p4xx_driverlib.lib</file>
         <name>systick.o</name>
      </input_file>
      <input_file id="fl-1b">
         <path>C:\ti\simplelink_msp432p4_sdk_2_40_00_10\source\ti\devices\msp432p4xx\driverlib\ccs\</path>
         <kind>archive</kind>
         <file>msp432p4xx_driverlib.lib</file>
         <name>wdt_a.o</name>
      </input_file>
      <input_file id="fl-d2">
         <path>C:\ti\ccsv8\tools\compiler\ti-cgt-arm_18.1.5.LTS\lib\</path>
         <kind>archive</kind>
         <file>rtsv7M4_T_le_v4SPD16_eabi.lib</file>
         <name>copy_decompress_lzss.c.obj</name>
      </input_file>
      <input_file id="fl-d3">
         <path>C:\ti\ccsv8\tools\compiler\ti-cgt-arm_18.1.5.LTS\lib\</path>
         <kind>archive</kind>
         <file>rtsv7M4_T_le_v4SPD16_eabi.lib</file>
         <name>copy_decompress_none.c.obj</name>
      </input_file>
      <input_file id="fl-d4">
         <path>C:\ti\ccsv8\tools\compiler\ti-cgt-arm_18.1.5.LTS\lib\</path>
         <kind>archive</kind>
         <file>rtsv7M4_T_le_v4SPD16_eabi.lib</file>
         <name>copy_zero_init.c.obj</name>
      </input_file>
      <input_file id="fl-d5">
         <path>C:\ti\ccsv8\tools\compiler\ti-cgt-arm_18.1.5.LTS\lib\</path>
         <kind>archive</kind>
         <file>rtsv7M4_T_le_v4SPD16_eabi.lib</file>
         <name>boot_cortex_m.c.obj</name>
      </input_file>
      <input_file id="fl-d6">
         <path>C:\ti\ccsv8\tools\compiler\ti-cgt-arm_18.1.5.LTS\lib\</path>
         <kind>archive</kind>
         <file>rtsv7M4_T_le_v4SPD16_eabi.lib</file>
         <name>autoinit.c.obj</name>
      </input_file>
      <input_file id="fl-d7">
         <path>C:\ti\ccsv8\tools\compiler\ti-cgt-arm_18.1.5.LTS\lib\</path>
         <kind>archive</kind>
         <file>rtsv7M4_T_le_v4SPD16_eabi.lib</file>
         <name>args_main.c.obj</name>
      </input_file>
      <input_file id="fl-d8">
         <path>C:\ti\ccsv8\tools\compiler\ti-cgt-arm_18.1.5.LTS\lib\</path>
         <kind>archive</kind>
         <file>rtsv7M4_T_le_v4SPD16_eabi.lib</file>
         <name>pre_init.c.obj</name>
      </input_file>
      <input_file id="fl-d9">
         <path>C:\ti\ccsv8\tools\compiler\ti-cgt-arm_18.1.5.LTS\lib\</path>
         <kind>archive</kind>
         <file>rtsv7M4_T_le_v4SPD16_eabi.lib</file>
         <name>cpy_tbl.c.obj</name>
      </input_file>
      <input_file id="fl-da">
         <path>C:\ti\ccsv8\tools\compiler\ti-cgt-arm_18.1.5.LTS\lib\</path>
         <kind>archive</kind>
         <file>rtsv7M4_T_le_v4SPD16_eabi.lib</file>
         <name>exit.c.obj</name>
      </input_file>
      <input_file id="fl-db">
         <path>C:\ti\ccsv8\tools\compiler\ti-cgt-arm_18.1.5.LTS\lib\</path>
         <kind>archive</kind>
         <file>rtsv7M4_T_le_v4SPD16_eabi.lib</file>
         <name>_lock.c.obj</name>
      </input_file>
      <input_file id="fl-dc">
         <path>C:\ti\ccsv8\tools\compiler\ti-cgt-arm_18.1.5.LTS\lib\</path>
         <kind>archive</kind>
         <file>rtsv7M4_T_le_v4SPD16_eabi.lib</file>
         <name>memcpy_t2.asm.obj</name>
      </input_file>
      <input_file id="fl-dd">
         <path>C:\ti\ccsv8\tools\compiler\ti-cgt-arm_18.1.5.LTS\lib\</path>
         <kind>archive</kind>
         <file>rtsv7M4_T_le_v4SPD16_eabi.lib</file>
         <name>memset_t2.asm.obj</name>
      </input_file>
      <input_file id="fl-de">
         <path>C:\ti\ccsv8\tools\compiler\ti-cgt-arm_18.1.5.LTS\lib\</path>
         <kind>archive</kind>
         <file>rtsv7M4_T_le_v4SPD16_eabi.lib</file>
         <name>printf.c.obj</name>
      </input_file>
      <input_file id="fl-df">
         <path>C:\ti\ccsv8\tools\compiler\ti-cgt-arm_18.1.5.LTS\lib\</path>
         <kind>archive</kind>
         <file>rtsv7M4_T_le_v4SPD16_eabi.lib</file>
         <name>_printfi.c.obj</name>
      </input_file>
      <input_file id="fl-e0">
         <path>C:\ti\ccsv8\tools\compiler\ti-cgt-arm_18.1.5.LTS\lib\</path>
         <kind>archive</kind>
         <file>rtsv7M4_T_le_v4SPD16_eabi.lib</file>
         <name>fd_cmp_t2.asm.obj</name>
      </input_file>
      <input_file id="fl-e1">
         <path>C:\ti\ccsv8\tools\compiler\ti-cgt-arm_18.1.5.LTS\lib\</path>
         <kind>archive</kind>
         <file>rtsv7M4_T_le_v4SPD16_eabi.lib</file>
         <name>fd_toi_t2.asm.obj</name>
      </input_file>
      <input_file id="fl-e2">
         <path>C:\ti\ccsv8\tools\compiler\ti-cgt-arm_18.1.5.LTS\lib\</path>
         <kind>archive</kind>
         <file>rtsv7M4_T_le_v4SPD16_eabi.lib</file>
         <name>fd_div_t2.asm.obj</name>
      </input_file>
      <input_file id="fl-e3">
         <path>C:\ti\ccsv8\tools\compiler\ti-cgt-arm_18.1.5.LTS\lib\</path>
         <kind>archive</kind>
         <file>rtsv7M4_T_le_v4SPD16_eabi.lib</file>
         <name>fd_mul_t2.asm.obj</name>
      </input_file>
      <input_file id="fl-e4">
         <path>C:\ti\ccsv8\tools\compiler\ti-cgt-arm_18.1.5.LTS\lib\</path>
         <kind>archive</kind>
         <file>rtsv7M4_T_le_v4SPD16_eabi.lib</file>
         <name>fd_add_t2.asm.obj</name>
      </input_file>
      <input_file id="fl-e5">
         <path>C:\ti\ccsv8\tools\compiler\ti-cgt-arm_18.1.5.LTS\lib\</path>
         <kind>archive</kind>
         <file>rtsv7M4_T_le_v4SPD16_eabi.lib</file>
         <name>errno.c.obj</name>
      </input_file>
      <input_file id="fl-e6">
         <path>C:\ti\ccsv8\tools\compiler\ti-cgt-arm_18.1.5.LTS\lib\</path>
         <kind>archive</kind>
         <file>rtsv7M4_T_le_v4SPD16_eabi.lib</file>
         <name>i_tofd_t2.asm.obj</name>
      </input_file>
      <input_file id="fl-e7">
         <path>C:\ti\ccsv8\tools\compiler\ti-cgt-arm_18.1.5.LTS\lib\</path>
         <kind>archive</kind>
         <file>rtsv7M4_T_le_v4SPD16_eabi.lib</file>
         <name>ull_div_t2.asm.obj</name>
      </input_file>
      <input_file id="fl-e8">
         <path>C:\ti\ccsv8\tools\compiler\ti-cgt-arm_18.1.5.LTS\lib\</path>
         <kind>archive</kind>
         <file>rtsv7M4_T_le_v4SPD16_eabi.lib</file>
         <name>div0.asm.obj</name>
      </input_file>
      <input_file id="fl-e9">
         <path>C:\ti\ccsv8\tools\compiler\ti-cgt-arm_18.1.5.LTS\lib\</path>
         <kind>archive</kind>
         <file>rtsv7M4_T_le_v4SPD16_eabi.lib</file>
         <name>defs.c.obj</name>
      </input_file>
      <input_file id="fl-ea">
         <path>C:\ti\ccsv8\tools\compiler\ti-cgt-arm_18.1.5.LTS\lib\</path>
         <kind>archive</kind>
         <file>rtsv7M4_T_le_v4SPD16_eabi.lib</file>
         <name>atoi.c.obj</name>
      </input_file>
      <input_file id="fl-eb">
         <path>C:\ti\ccsv8\tools\compiler\ti-cgt-arm_18.1.5.LTS\lib\</path>
         <kind>archive</kind>
         <file>rtsv7M4_T_le_v4SPD16_eabi.lib</file>
         <name>ctype.c.obj</name>
      </input_file>
      <input_file id="fl-ec">
         <path>C:\ti\ccsv8\tools\compiler\ti-cgt-arm_18.1.5.LTS\lib\</path>
         <kind>archive</kind>
         <file>rtsv7M4_T_le_v4SPD16_eabi.lib</file>
         <name>fputc.c.obj</name>
      </input_file>
      <input_file id="fl-ed">
         <path>C:\ti\ccsv8\tools\compiler\ti-cgt-arm_18.1.5.LTS\lib\</path>
         <kind>archive</kind>
         <file>rtsv7M4_T_le_v4SPD16_eabi.lib</file>
         <name>fflush.c.obj</name>
      </input_file>
      <input_file id="fl-ee">
         <path>C:\ti\ccsv8\tools\compiler\ti-cgt-arm_18.1.5.LTS\lib\</path>
         <kind>archive</kind>
         <file>rtsv7M4_T_le_v4SPD16_eabi.lib</file>
         <name>_io_perm.c.obj</name>
      </input_file>
      <input_file id="fl-ef">
         <path>C:\ti\ccsv8\tools\compiler\ti-cgt-arm_18.1.5.LTS\lib\</path>
         <kind>archive</kind>
         <file>rtsv7M4_T_le_v4SPD16_eabi.lib</file>
         <name>fputs.c.obj</name>
      </input_file>
      <input_file id="fl-f0">
         <path>C:\ti\ccsv8\tools\compiler\ti-cgt-arm_18.1.5.LTS\lib\</path>
         <kind>archive</kind>
         <file>rtsv7M4_T_le_v4SPD16_eabi.lib</file>
         <name>s_frexp.c.obj</name>
      </input_file>
      <input_file id="fl-f1">
         <path>C:\ti\ccsv8\tools\compiler\ti-cgt-arm_18.1.5.LTS\lib\</path>
         <kind>archive</kind>
         <file>rtsv7M4_T_le_v4SPD16_eabi.lib</file>
         <name>fseek.c.obj</name>
      </input_file>
      <input_file id="fl-f2">
         <path>C:\ti\ccsv8\tools\compiler\ti-cgt-arm_18.1.5.LTS\lib\</path>
         <kind>archive</kind>
         <file>rtsv7M4_T_le_v4SPD16_eabi.lib</file>
         <name>s_scalbn.c.obj</name>
      </input_file>
      <input_file id="fl-f3">
         <path>C:\ti\ccsv8\tools\compiler\ti-cgt-arm_18.1.5.LTS\lib\</path>
         <kind>archive</kind>
         <file>rtsv7M4_T_le_v4SPD16_eabi.lib</file>
         <name>s_copysign.c.obj</name>
      </input_file>
      <input_file id="fl-f4">
         <path>C:\ti\ccsv8\tools\compiler\ti-cgt-arm_18.1.5.LTS\lib\</path>
         <kind>archive</kind>
         <file>rtsv7M4_T_le_v4SPD16_eabi.lib</file>
         <name>lseek.c.obj</name>
      </input_file>
      <input_file id="fl-f5">
         <path>C:\ti\ccsv8\tools\compiler\ti-cgt-arm_18.1.5.LTS\lib\</path>
         <kind>archive</kind>
         <file>rtsv7M4_T_le_v4SPD16_eabi.lib</file>
         <name>write.c.obj</name>
      </input_file>
      <input_file id="fl-f6">
         <path>C:\ti\ccsv8\tools\compiler\ti-cgt-arm_18.1.5.LTS\lib\</path>
         <kind>archive</kind>
         <file>rtsv7M4_T_le_v4SPD16_eabi.lib</file>
         <name>hostclose.c.obj</name>
      </input_file>
      <input_file id="fl-f7">
         <path>C:\ti\ccsv8\tools\compiler\ti-cgt-arm_18.1.5.LTS\lib\</path>
         <kind>archive</kind>
         <file>rtsv7M4_T_le_v4SPD16_eabi.lib</file>
         <name>hostlseek.c.obj</name>
      </input_file>
      <input_file id="fl-f8">
         <path>C:\ti\ccsv8\tools\compiler\ti-cgt-arm_18.1.5.LTS\lib\</path>
         <kind>archive</kind>
         <file>rtsv7M4_T_le_v4SPD16_eabi.lib</file>
         <name>hostopen.c.obj</name>
      </input_file>
      <input_file id="fl-f9">
         <path>C:\ti\ccsv8\tools\compiler\ti-cgt-arm_18.1.5.LTS\lib\</path>
         <kind>archive</kind>
         <file>rtsv7M4_T_le_v4SPD16_eabi.lib</file>
         <name>hostread.c.obj</name>
      </input_file>
      <input_file id="fl-fa">
         <path>C:\ti\ccsv8\tools\compiler\ti-cgt-arm_18.1.5.LTS\lib\</path>
         <kind>archive</kind>
         <file>rtsv7M4_T_le_v4SPD16_eabi.lib</file>
         <name>hostrename.c.obj</name>
      </input_file>
      <input_file id="fl-fb">
         <path>C:\ti\ccsv8\tools\compiler\ti-cgt-arm_18.1.5.LTS\lib\</path>
         <kind>archive</kind>
         <file>rtsv7M4_T_le_v4SPD16_eabi.lib</file>
         <name>hostunlink.c.obj</name>
      </input_file>
      <input_file id="fl-fc">
         <path>C:\ti\ccsv8\tools\compiler\ti-cgt-arm_18.1.5.LTS\lib\</path>
         <kind>archive</kind>
         <file>rtsv7M4_T_le_v4SPD16_eabi.lib</file>
         <name>hostwrite.c.obj</name>
      </input_file>
      <input_file id="fl-fd">
         <path>C:\ti\ccsv8\tools\compiler\ti-cgt-arm_18.1.5.LTS\lib\</path>
         <kind>archive</kind>
         <file>rtsv7M4_T_le_v4SPD16_eabi.lib</file>
         <name>trgmsg.c.obj</name>
      </input_file>
      <input_file id="fl-fe">
         <path>C:\ti\ccsv8\tools\compiler\ti-cgt-arm_18.1.5.LTS\lib\</path>
         <kind>archive</kind>
         <file>rtsv7M4_T_le_v4SPD16_eabi.lib</file>
         <name>ltoa.c.obj</name>
      </input_file>
      <input_file id="fl-ff">
         <path>C:\ti\ccsv8\tools\compiler\ti-cgt-arm_18.1.5.LTS\lib\</path>
         <kind>archive</kind>
         <file>rtsv7M4_T_le_v4SPD16_eabi.lib</file>
         <name>memccpy.c.obj</name>
      </input_file>
      <input_file id="fl-100">
         <path>C:\ti\ccsv8\tools\compiler\ti-cgt-arm_18.1.5.LTS\lib\</path>
         <kind>archive</kind>
         <file>rtsv7M4_T_le_v4SPD16_eabi.lib</file>
         <name>memchr.c.obj</name>
      </input_file>
      <input_file id="fl-101">
         <path>C:\ti\ccsv8\tools\compiler\ti-cgt-arm_18.1.5.LTS\lib\</path>
         <kind>archive</kind>
         <file>rtsv7M4_T_le_v4SPD16_eabi.lib</file>
         <name>setvbuf.c.obj</name>
      </input_file>
      <input_file id="fl-102">
         <path>C:\ti\ccsv8\tools\compiler\ti-cgt-arm_18.1.5.LTS\lib\</path>
         <kind>archive</kind>
         <file>rtsv7M4_T_le_v4SPD16_eabi.lib</file>
         <name>fopen.c.obj</name>
      </input_file>
      <input_file id="fl-103">
         <path>C:\ti\ccsv8\tools\compiler\ti-cgt-arm_18.1.5.LTS\lib\</path>
         <kind>archive</kind>
         <file>rtsv7M4_T_le_v4SPD16_eabi.lib</file>
         <name>fclose.c.obj</name>
      </input_file>
      <input_file id="fl-104">
         <path>C:\ti\ccsv8\tools\compiler\ti-cgt-arm_18.1.5.LTS\lib\</path>
         <kind>archive</kind>
         <file>rtsv7M4_T_le_v4SPD16_eabi.lib</file>
         <name>close.c.obj</name>
      </input_file>
      <input_file id="fl-105">
         <path>C:\ti\ccsv8\tools\compiler\ti-cgt-arm_18.1.5.LTS\lib\</path>
         <kind>archive</kind>
         <file>rtsv7M4_T_le_v4SPD16_eabi.lib</file>
         <name>memory.c.obj</name>
      </input_file>
      <input_file id="fl-106">
         <path>C:\ti\ccsv8\tools\compiler\ti-cgt-arm_18.1.5.LTS\lib\</path>
         <kind>archive</kind>
         <file>rtsv7M4_T_le_v4SPD16_eabi.lib</file>
         <name>open.c.obj</name>
      </input_file>
      <input_file id="fl-107">
         <path>C:\ti\ccsv8\tools\compiler\ti-cgt-arm_18.1.5.LTS\lib\</path>
         <kind>archive</kind>
         <file>rtsv7M4_T_le_v4SPD16_eabi.lib</file>
         <name>getdevice.c.obj</name>
      </input_file>
      <input_file id="fl-108">
         <path>C:\ti\ccsv8\tools\compiler\ti-cgt-arm_18.1.5.LTS\lib\</path>
         <kind>archive</kind>
         <file>rtsv7M4_T_le_v4SPD16_eabi.lib</file>
         <name>remove.c.obj</name>
      </input_file>
      <input_file id="fl-109">
         <path>C:\ti\ccsv8\tools\compiler\ti-cgt-arm_18.1.5.LTS\lib\</path>
         <kind>archive</kind>
         <file>rtsv7M4_T_le_v4SPD16_eabi.lib</file>
         <name>strchr.c.obj</name>
      </input_file>
      <input_file id="fl-10a">
         <path>C:\ti\ccsv8\tools\compiler\ti-cgt-arm_18.1.5.LTS\lib\</path>
         <kind>archive</kind>
         <file>rtsv7M4_T_le_v4SPD16_eabi.lib</file>
         <name>strcmp.c.obj</name>
      </input_file>
      <input_file id="fl-10b">
         <path>C:\ti\ccsv8\tools\compiler\ti-cgt-arm_18.1.5.LTS\lib\</path>
         <kind>archive</kind>
         <file>rtsv7M4_T_le_v4SPD16_eabi.lib</file>
         <name>strcpy.c.obj</name>
      </input_file>
      <input_file id="fl-10c">
         <path>C:\ti\ccsv8\tools\compiler\ti-cgt-arm_18.1.5.LTS\lib\</path>
         <kind>archive</kind>
         <file>rtsv7M4_T_le_v4SPD16_eabi.lib</file>
         <name>strlen.c.obj</name>
      </input_file>
      <input_file id="fl-10d">
         <path>C:\ti\ccsv8\tools\compiler\ti-cgt-arm_18.1.5.LTS\lib\</path>
         <kind>archive</kind>
         <file>rtsv7M4_T_le_v4SPD16_eabi.lib</file>
         <name>strncmp.c.obj</name>
      </input_file>
      <input_file id="fl-10e">
         <path>C:\ti\ccsv8\tools\compiler\ti-cgt-arm_18.1.5.LTS\lib\</path>
         <kind>archive</kind>
         <file>rtsv7M4_T_le_v4SPD16_eabi.lib</file>
         <name>strncpy.c.obj</name>
      </input_file>
      <input_file id="fl-10f">
         <path>C:\ti\ccsv8\tools\compiler\ti-cgt-arm_18.1.5.LTS\lib\</path>
         <kind>archive</kind>
         <file>rtsv7M4_T_le_v4SPD16_eabi.lib</file>
         <name>unlink.c.obj</name>
      </input_file>
      <input_file id="fl-110">
         <path>C:\ti\ccsv8\tools\compiler\ti-cgt-arm_18.1.5.LTS\lib\</path>
         <kind>archive</kind>
         <file>rtsv7M4_T_le_v4SPD16_eabi.lib</file>
         <name>wcslen.c.obj</name>
      </input_file>
   </input_file_list>
   <object_component_list>
      <object_component id="oc-23">
         <name>.intvecs:retain</name>
         <load_address>0x0</load_address>
         <run_address>0x0</run_address>
         <size>0xe4</size>
         <input_file_ref idref="fl-3"/>
      </object_component>
      <object_component id="oc-19b">
         <name>.text:__TI_printfi</name>
         <load_address>0xe4</load_address>
         <run_address>0xe4</run_address>
         <size>0xa5e</size>
         <input_file_ref idref="fl-df"/>
      </object_component>
      <object_component id="oc-29d">
         <name>.text:_nop</name>
         <load_address>0xb42</load_address>
         <run_address>0xb42</run_address>
         <size>0x2</size>
         <input_file_ref idref="fl-db"/>
      </object_component>
      <object_component id="oc-73">
         <name>.text</name>
         <load_address>0xb44</load_address>
         <run_address>0xb44</run_address>
         <size>0x370</size>
         <input_file_ref idref="fl-c"/>
      </object_component>
      <object_component id="oc-79">
         <name>.text</name>
         <load_address>0xeb4</load_address>
         <run_address>0xeb4</run_address>
         <size>0x35c</size>
         <input_file_ref idref="fl-6"/>
      </object_component>
      <object_component id="oc-bb">
         <name>.text</name>
         <load_address>0x1210</load_address>
         <run_address>0x1210</run_address>
         <size>0x334</size>
         <input_file_ref idref="fl-4"/>
      </object_component>
      <object_component id="oc-c8">
         <name>.text</name>
         <load_address>0x1544</load_address>
         <run_address>0x1544</run_address>
         <size>0x274</size>
         <input_file_ref idref="fl-7"/>
      </object_component>
      <object_component id="oc-279">
         <name>.text:_pconv_a</name>
         <load_address>0x17b8</load_address>
         <run_address>0x17b8</run_address>
         <size>0x270</size>
         <input_file_ref idref="fl-df"/>
      </object_component>
      <object_component id="oc-267">
         <name>.text:_pconv_g</name>
         <load_address>0x1a28</load_address>
         <run_address>0x1a28</run_address>
         <size>0x1d0</size>
         <input_file_ref idref="fl-df"/>
      </object_component>
      <object_component id="oc-31d">
         <name>.text</name>
         <load_address>0x1bf8</load_address>
         <run_address>0x1bf8</run_address>
         <size>0x1b6</size>
         <input_file_ref idref="fl-e4"/>
      </object_component>
      <object_component id="oc-3ca">
         <name>.text</name>
         <load_address>0x1dae</load_address>
         <run_address>0x1dae</run_address>
         <size>0x2</size>
         <input_file_ref idref="fl-e8"/>
      </object_component>
      <object_component id="oc-6d">
         <name>.text</name>
         <load_address>0x1db0</load_address>
         <run_address>0x1db0</run_address>
         <size>0x1b0</size>
         <input_file_ref idref="fl-b"/>
      </object_component>
      <object_component id="oc-41e">
         <name>.text:__PCM_setPowerModeAdvanced</name>
         <load_address>0x1f60</load_address>
         <run_address>0x1f60</run_address>
         <size>0x15c</size>
         <input_file_ref idref="fl-16"/>
      </object_component>
      <object_component id="oc-273">
         <name>.text:_pconv_e</name>
         <load_address>0x20bc</load_address>
         <run_address>0x20bc</run_address>
         <size>0x13c</size>
         <input_file_ref idref="fl-df"/>
      </object_component>
      <object_component id="oc-303">
         <name>.text</name>
         <load_address>0x21f8</load_address>
         <run_address>0x21f8</run_address>
         <size>0x136</size>
         <input_file_ref idref="fl-e2"/>
      </object_component>
      <object_component id="oc-32f">
         <name>.text:fcvt</name>
         <load_address>0x2330</load_address>
         <run_address>0x2330</run_address>
         <size>0x124</size>
         <input_file_ref idref="fl-df"/>
      </object_component>
      <object_component id="oc-2ab">
         <name>.text:fputs</name>
         <load_address>0x2454</load_address>
         <run_address>0x2454</run_address>
         <size>0x114</size>
         <input_file_ref idref="fl-ef"/>
      </object_component>
      <object_component id="oc-343">
         <name>.text:scalbn</name>
         <load_address>0x2568</load_address>
         <run_address>0x2568</run_address>
         <size>0x110</size>
         <input_file_ref idref="fl-f2"/>
      </object_component>
      <object_component id="oc-2d1">
         <name>.text:__PCM_setCoreVoltageLevelAdvanced</name>
         <load_address>0x2678</load_address>
         <run_address>0x2678</run_address>
         <size>0x108</size>
         <input_file_ref idref="fl-16"/>
      </object_component>
      <object_component id="oc-ce">
         <name>.text</name>
         <load_address>0x2780</load_address>
         <run_address>0x2780</run_address>
         <size>0x100</size>
         <input_file_ref idref="fl-a"/>
      </object_component>
      <object_component id="oc-2fe">
         <name>.text</name>
         <load_address>0x2880</load_address>
         <run_address>0x2880</run_address>
         <size>0xfc</size>
         <input_file_ref idref="fl-e3"/>
      </object_component>
      <object_component id="oc-405">
         <name>.text:setvbuf</name>
         <load_address>0x297c</load_address>
         <run_address>0x297c</run_address>
         <size>0xdc</size>
         <input_file_ref idref="fl-101"/>
      </object_component>
      <object_component id="oc-43e">
         <name>.text:free</name>
         <load_address>0x2a58</load_address>
         <run_address>0x2a58</run_address>
         <size>0xd8</size>
         <input_file_ref idref="fl-105"/>
      </object_component>
      <object_component id="oc-25c">
         <name>.text:_ltostr</name>
         <load_address>0x2b30</load_address>
         <run_address>0x2b30</run_address>
         <size>0xb1</size>
         <input_file_ref idref="fl-df"/>
      </object_component>
      <object_component id="oc-37">
         <name>.text</name>
         <load_address>0x2be2</load_address>
         <run_address>0x2be2</run_address>
         <size>0x9c</size>
         <input_file_ref idref="fl-dc"/>
      </object_component>
      <object_component id="oc-2f7">
         <name>.text</name>
         <load_address>0x2c7e</load_address>
         <run_address>0x2c7e</run_address>
         <size>0x96</size>
         <input_file_ref idref="fl-e7"/>
      </object_component>
      <object_component id="oc-2b2">
         <name>.text:fputc</name>
         <load_address>0x2d14</load_address>
         <run_address>0x2d14</run_address>
         <size>0x8c</size>
         <input_file_ref idref="fl-ec"/>
      </object_component>
      <object_component id="oc-262">
         <name>.text:__aeabi_cdcmple</name>
         <load_address>0x2da0</load_address>
         <run_address>0x2da0</run_address>
         <size>0x86</size>
         <input_file_ref idref="fl-e0"/>
      </object_component>
      <object_component id="oc-308">
         <name>.text:__aeabi_cdrcmple</name>
         <load_address>0x2e26</load_address>
         <run_address>0x2e26</run_address>
         <size>0x86</size>
         <input_file_ref idref="fl-e0"/>
      </object_component>
      <object_component id="oc-f0">
         <name>.text:GPIO_getEnabledInterruptStatus</name>
         <load_address>0x2eac</load_address>
         <run_address>0x2eac</run_address>
         <size>0x84</size>
         <input_file_ref idref="fl-14"/>
      </object_component>
      <object_component id="oc-a9">
         <name>.text</name>
         <load_address>0x2f30</load_address>
         <run_address>0x2f30</run_address>
         <size>0x84</size>
         <input_file_ref idref="fl-2"/>
      </object_component>
      <object_component id="oc-9d">
         <name>.text</name>
         <load_address>0x2fb4</load_address>
         <run_address>0x2fb4</run_address>
         <size>0x7a</size>
         <input_file_ref idref="fl-dd"/>
      </object_component>
      <object_component id="oc-444">
         <name>.text:malloc</name>
         <load_address>0x3030</load_address>
         <run_address>0x3030</run_address>
         <size>0x78</size>
         <input_file_ref idref="fl-105"/>
      </object_component>
      <object_component id="oc-491">
         <name>.text:__TI_closefile</name>
         <load_address>0x30a8</load_address>
         <run_address>0x30a8</run_address>
         <size>0x74</size>
         <input_file_ref idref="fl-103"/>
      </object_component>
      <object_component id="oc-328">
         <name>.text:_mcpy</name>
         <load_address>0x311c</load_address>
         <run_address>0x311c</run_address>
         <size>0x6e</size>
         <input_file_ref idref="fl-df"/>
      </object_component>
      <object_component id="oc-4b5">
         <name>.text:HOSTlseek</name>
         <load_address>0x318c</load_address>
         <run_address>0x318c</run_address>
         <size>0x68</size>
         <input_file_ref idref="fl-f7"/>
      </object_component>
      <object_component id="oc-4c1">
         <name>.text:HOSTrename</name>
         <load_address>0x31f4</load_address>
         <run_address>0x31f4</run_address>
         <size>0x68</size>
         <input_file_ref idref="fl-fa"/>
      </object_component>
      <object_component id="oc-14">
         <name>.text:decompress:lzss:__TI_decompress_lzss</name>
         <load_address>0x325c</load_address>
         <run_address>0x325c</run_address>
         <size>0x68</size>
         <input_file_ref idref="fl-d2"/>
      </object_component>
      <object_component id="oc-c2">
         <name>.text:printf</name>
         <load_address>0x32c4</load_address>
         <run_address>0x32c4</run_address>
         <size>0x68</size>
         <input_file_ref idref="fl-de"/>
      </object_component>
      <object_component id="oc-33d">
         <name>.text:frexp</name>
         <load_address>0x332c</load_address>
         <run_address>0x332c</run_address>
         <size>0x64</size>
         <input_file_ref idref="fl-f0"/>
      </object_component>
      <object_component id="oc-3ff">
         <name>.text:fseek</name>
         <load_address>0x3390</load_address>
         <run_address>0x3390</run_address>
         <size>0x64</size>
         <input_file_ref idref="fl-f1"/>
      </object_component>
      <object_component id="oc-374">
         <name>.text:__TI_wrt_ok</name>
         <load_address>0x33f4</load_address>
         <run_address>0x33f4</run_address>
         <size>0x62</size>
         <input_file_ref idref="fl-ee"/>
      </object_component>
      <object_component id="oc-49d">
         <name>.text:HOSTopen</name>
         <load_address>0x3458</load_address>
         <run_address>0x3458</run_address>
         <size>0x60</size>
         <input_file_ref idref="fl-f8"/>
      </object_component>
      <object_component id="oc-3a4">
         <name>.text:PCM_getCoreVoltageLevel</name>
         <load_address>0x34b8</load_address>
         <run_address>0x34b8</run_address>
         <size>0x5e</size>
         <input_file_ref idref="fl-16"/>
      </object_component>
      <object_component id="oc-4d0">
         <name>.text:close</name>
         <load_address>0x3518</load_address>
         <run_address>0x3518</run_address>
         <size>0x5c</size>
         <input_file_ref idref="fl-104"/>
      </object_component>
      <object_component id="oc-39e">
         <name>.text:PCM_getPowerMode</name>
         <load_address>0x3574</load_address>
         <run_address>0x3574</run_address>
         <size>0x5a</size>
         <input_file_ref idref="fl-16"/>
      </object_component>
      <object_component id="oc-4a9">
         <name>.text:HOSTread</name>
         <load_address>0x35d0</load_address>
         <run_address>0x35d0</run_address>
         <size>0x58</size>
         <input_file_ref idref="fl-f9"/>
      </object_component>
      <object_component id="oc-4af">
         <name>.text:HOSTwrite</name>
         <load_address>0x3628</load_address>
         <run_address>0x3628</run_address>
         <size>0x58</size>
         <input_file_ref idref="fl-fc"/>
      </object_component>
      <object_component id="oc-26d">
         <name>.text:_pconv_f</name>
         <load_address>0x3680</load_address>
         <run_address>0x3680</run_address>
         <size>0x56</size>
         <input_file_ref idref="fl-df"/>
      </object_component>
      <object_component id="oc-312">
         <name>.text:ltoa</name>
         <load_address>0x36d6</load_address>
         <run_address>0x36d6</run_address>
         <size>0x54</size>
         <input_file_ref idref="fl-fe"/>
      </object_component>
      <object_component id="oc-322">
         <name>.text:_ecpy</name>
         <load_address>0x372a</load_address>
         <run_address>0x372a</run_address>
         <size>0x52</size>
         <input_file_ref idref="fl-df"/>
      </object_component>
      <object_component id="oc-380">
         <name>.text:__TI_doflush</name>
         <load_address>0x377c</load_address>
         <run_address>0x377c</run_address>
         <size>0x4c</size>
         <input_file_ref idref="fl-ed"/>
      </object_component>
      <object_component id="oc-256">
         <name>.text:atoi</name>
         <load_address>0x37c8</load_address>
         <run_address>0x37c8</run_address>
         <size>0x4c</size>
         <input_file_ref idref="fl-ea"/>
      </object_component>
      <object_component id="oc-211">
         <name>.text:FlashCtl_setWaitState</name>
         <load_address>0x3814</load_address>
         <run_address>0x3814</run_address>
         <size>0x48</size>
         <input_file_ref idref="fl-12"/>
      </object_component>
      <object_component id="oc-15f">
         <name>.text:exit</name>
         <load_address>0x385c</load_address>
         <run_address>0x385c</run_address>
         <size>0x48</size>
         <input_file_ref idref="fl-da"/>
      </object_component>
      <object_component id="oc-30d">
         <name>.text</name>
         <load_address>0x38a4</load_address>
         <run_address>0x38a4</run_address>
         <size>0x48</size>
         <input_file_ref idref="fl-e1"/>
      </object_component>
      <object_component id="oc-4a3">
         <name>.text:HOSTclose</name>
         <load_address>0x38ec</load_address>
         <run_address>0x38ec</run_address>
         <size>0x44</size>
         <input_file_ref idref="fl-f6"/>
      </object_component>
      <object_component id="oc-4bb">
         <name>.text:HOSTunlink</name>
         <load_address>0x3930</load_address>
         <run_address>0x3930</run_address>
         <size>0x44</size>
         <input_file_ref idref="fl-fb"/>
      </object_component>
      <object_component id="oc-165">
         <name>.text:__TI_auto_init_nobinit_nopinit:__TI_auto_init_nobinit_nopinit</name>
         <load_address>0x3974</load_address>
         <run_address>0x3974</run_address>
         <size>0x44</size>
         <input_file_ref idref="fl-d6"/>
      </object_component>
      <object_component id="oc-4ff">
         <name>.text:getdevice</name>
         <load_address>0x39b8</load_address>
         <run_address>0x39b8</run_address>
         <size>0x44</size>
         <input_file_ref idref="fl-107"/>
      </object_component>
      <object_component id="oc-335">
         <name>.text:_fcpy</name>
         <load_address>0x39fc</load_address>
         <run_address>0x39fc</run_address>
         <size>0x3e</size>
         <input_file_ref idref="fl-df"/>
      </object_component>
      <object_component id="oc-486">
         <name>.text:minsert</name>
         <load_address>0x3a3c</load_address>
         <run_address>0x3a3c</run_address>
         <size>0x3c</size>
         <input_file_ref idref="fl-105"/>
      </object_component>
      <object_component id="oc-4e1">
         <name>.text:__TI_writemsg</name>
         <load_address>0x3a78</load_address>
         <run_address>0x3a78</run_address>
         <size>0x38</size>
         <input_file_ref idref="fl-fd"/>
      </object_component>
      <object_component id="oc-55">
         <name>.text:_c_int00_noargs:_c_int00_noargs</name>
         <load_address>0x3ab0</load_address>
         <run_address>0x3ab0</run_address>
         <size>0x38</size>
         <input_file_ref idref="fl-d5"/>
      </object_component>
      <object_component id="oc-47a">
         <name>.text:minit</name>
         <load_address>0x3ae8</load_address>
         <run_address>0x3ae8</run_address>
         <size>0x38</size>
         <input_file_ref idref="fl-105"/>
      </object_component>
      <object_component id="oc-51f">
         <name>.text:strncpy</name>
         <load_address>0x3b20</load_address>
         <run_address>0x3b20</run_address>
         <size>0x36</size>
         <input_file_ref idref="fl-10e"/>
      </object_component>
      <object_component id="oc-21d">
         <name>.text:CS_setDCOCenteredFrequency</name>
         <load_address>0x3b58</load_address>
         <run_address>0x3b58</run_address>
         <size>0x34</size>
         <input_file_ref idref="fl-11"/>
      </object_component>
      <object_component id="oc-44a">
         <name>.text:__TI_cleanup</name>
         <load_address>0x3b8c</load_address>
         <run_address>0x3b8c</run_address>
         <size>0x34</size>
         <input_file_ref idref="fl-102"/>
      </object_component>
      <object_component id="oc-4e7">
         <name>.text:__TI_readmsg</name>
         <load_address>0x3bc0</load_address>
         <run_address>0x3bc0</run_address>
         <size>0x34</size>
         <input_file_ref idref="fl-fd"/>
      </object_component>
      <object_component id="oc-108">
         <name>.text:GPIO_getInputPinValue</name>
         <load_address>0x3bf4</load_address>
         <run_address>0x3bf4</run_address>
         <size>0x30</size>
         <input_file_ref idref="fl-14"/>
      </object_component>
      <object_component id="oc-525">
         <name>.text:finddevice</name>
         <load_address>0x3c24</load_address>
         <run_address>0x3c24</run_address>
         <size>0x30</size>
         <input_file_ref idref="fl-107"/>
      </object_component>
      <object_component id="oc-318">
         <name>.text</name>
         <load_address>0x3c54</load_address>
         <run_address>0x3c54</run_address>
         <size>0x2e</size>
         <input_file_ref idref="fl-e6"/>
      </object_component>
      <object_component id="oc-4d6">
         <name>.text:unlink</name>
         <load_address>0x3c84</load_address>
         <run_address>0x3c84</run_address>
         <size>0x2c</size>
         <input_file_ref idref="fl-10f"/>
      </object_component>
      <object_component id="oc-102">
         <name>.text:GPIO_setOutputHighOnPin</name>
         <load_address>0x3cb0</load_address>
         <run_address>0x3cb0</run_address>
         <size>0x28</size>
         <input_file_ref idref="fl-14"/>
      </object_component>
      <object_component id="oc-fc">
         <name>.text:GPIO_setOutputLowOnPin</name>
         <load_address>0x3cd8</load_address>
         <run_address>0x3cd8</run_address>
         <size>0x28</size>
         <input_file_ref idref="fl-14"/>
      </object_component>
      <object_component id="oc-1c6">
         <name>.text:GPIO_toggleOutputOnPin</name>
         <load_address>0x3d00</load_address>
         <run_address>0x3d00</run_address>
         <size>0x28</size>
         <input_file_ref idref="fl-14"/>
      </object_component>
      <object_component id="oc-436">
         <name>.text:lseek</name>
         <load_address>0x3d28</load_address>
         <run_address>0x3d28</run_address>
         <size>0x28</size>
         <input_file_ref idref="fl-f4"/>
      </object_component>
      <object_component id="oc-480">
         <name>.text:mremove</name>
         <load_address>0x3d50</load_address>
         <run_address>0x3d50</run_address>
         <size>0x28</size>
         <input_file_ref idref="fl-105"/>
      </object_component>
      <object_component id="oc-386">
         <name>.text:write</name>
         <load_address>0x3d78</load_address>
         <run_address>0x3d78</run_address>
         <size>0x28</size>
         <input_file_ref idref="fl-f5"/>
      </object_component>
      <object_component id="oc-1ed">
         <name>.text:GPIO_getInterruptStatus</name>
         <load_address>0x3da0</load_address>
         <run_address>0x3da0</run_address>
         <size>0x24</size>
         <input_file_ref idref="fl-14"/>
      </object_component>
      <object_component id="oc-147">
         <name>.text</name>
         <load_address>0x3dc4</load_address>
         <run_address>0x3dc4</run_address>
         <size>0x22</size>
         <input_file_ref idref="fl-9"/>
      </object_component>
      <object_component id="oc-37a">
         <name>.text:memchr</name>
         <load_address>0x3de6</load_address>
         <run_address>0x3de6</run_address>
         <size>0x20</size>
         <input_file_ref idref="fl-100"/>
      </object_component>
      <object_component id="oc-27f">
         <name>.text:memccpy</name>
         <load_address>0x3e06</load_address>
         <run_address>0x3e06</run_address>
         <size>0x1c</size>
         <input_file_ref idref="fl-ff"/>
      </object_component>
      <object_component id="oc-53a">
         <name>.text:strcmp</name>
         <load_address>0x3e22</load_address>
         <run_address>0x3e22</run_address>
         <size>0x18</size>
         <input_file_ref idref="fl-10a"/>
      </object_component>
      <object_component id="oc-349">
         <name>.text:strchr</name>
         <load_address>0x3e3a</load_address>
         <run_address>0x3e3a</run_address>
         <size>0x16</size>
         <input_file_ref idref="fl-109"/>
      </object_component>
      <object_component id="oc-3aa">
         <name>.text:PCM_getPowerState</name>
         <load_address>0x3e50</load_address>
         <run_address>0x3e50</run_address>
         <size>0x14</size>
         <input_file_ref idref="fl-16"/>
      </object_component>
      <object_component id="oc-3e3">
         <name>.text:copysign</name>
         <load_address>0x3e64</load_address>
         <run_address>0x3e64</run_address>
         <size>0x14</size>
         <input_file_ref idref="fl-f3"/>
      </object_component>
      <object_component id="oc-141">
         <name>.text:strcpy</name>
         <load_address>0x3e78</load_address>
         <run_address>0x3e78</run_address>
         <size>0x14</size>
         <input_file_ref idref="fl-10b"/>
      </object_component>
      <object_component id="oc-250">
         <name>.text:strlen</name>
         <load_address>0x3e8c</load_address>
         <run_address>0x3e8c</run_address>
         <size>0x14</size>
         <input_file_ref idref="fl-10c"/>
      </object_component>
      <object_component id="oc-285">
         <name>.text:wcslen</name>
         <load_address>0x3ea0</load_address>
         <run_address>0x3ea0</run_address>
         <size>0x12</size>
         <input_file_ref idref="fl-110"/>
      </object_component>
      <object_component id="oc-217">
         <name>.text:PCM_setCoreVoltageLevel</name>
         <load_address>0x3eb2</load_address>
         <run_address>0x3eb2</run_address>
         <size>0x10</size>
         <input_file_ref idref="fl-16"/>
      </object_component>
      <object_component id="oc-3b0">
         <name>.text:PCM_setPowerMode</name>
         <load_address>0x3ec2</load_address>
         <run_address>0x3ec2</run_address>
         <size>0x10</size>
         <input_file_ref idref="fl-16"/>
      </object_component>
      <object_component id="oc-1a">
         <name>.text:decompress:none:__TI_decompress_none</name>
         <load_address>0x3ed2</load_address>
         <run_address>0x3ed2</run_address>
         <size>0xe</size>
         <input_file_ref idref="fl-d3"/>
      </object_component>
      <object_component id="oc-67">
         <name>.text</name>
         <load_address>0x3ee0</load_address>
         <run_address>0x3ee0</run_address>
         <size>0xe</size>
         <input_file_ref idref="fl-3"/>
      </object_component>
      <object_component id="oc-f6">
         <name>.text:SysTick_getValue</name>
         <load_address>0x3ef0</load_address>
         <run_address>0x3ef0</run_address>
         <size>0xc</size>
         <input_file_ref idref="fl-1a"/>
      </object_component>
      <object_component id="oc-49">
         <name>.text:decompress:ZI:__TI_zero_init</name>
         <load_address>0x3efc</load_address>
         <run_address>0x3efc</run_address>
         <size>0xc</size>
         <input_file_ref idref="fl-d4"/>
      </object_component>
      <object_component id="oc-28b">
         <name>.text:__aeabi_errno_addr</name>
         <load_address>0x3f08</load_address>
         <run_address>0x3f08</run_address>
         <size>0x8</size>
         <input_file_ref idref="fl-e5"/>
      </object_component>
      <object_component id="oc-1ad">
         <name>.text:_outc</name>
         <load_address>0x3f10</load_address>
         <run_address>0x3f10</run_address>
         <size>0x4</size>
         <input_file_ref idref="fl-de"/>
      </object_component>
      <object_component id="oc-1a7">
         <name>.text:_outs</name>
         <load_address>0x3f14</load_address>
         <run_address>0x3f14</run_address>
         <size>0x4</size>
         <input_file_ref idref="fl-de"/>
      </object_component>
      <object_component id="oc-a3">
         <name>.text:_system_pre_init</name>
         <load_address>0x3f18</load_address>
         <run_address>0x3f18</run_address>
         <size>0x4</size>
         <input_file_ref idref="fl-d8"/>
      </object_component>
      <object_component id="oc-159">
         <name>.text:abort:abort</name>
         <load_address>0x3f1c</load_address>
         <run_address>0x3f1c</run_address>
         <size>0x4</size>
         <input_file_ref idref="fl-da"/>
      </object_component>
      <object_component id="oc-2f2">
         <name>.const:.string:_ctypes_</name>
         <load_address>0x3f20</load_address>
         <run_address>0x3f20</run_address>
         <size>0x101</size>
         <input_file_ref idref="fl-eb"/>
      </object_component>
      <object_component id="oc-1f3">
         <name>.const:GPIO_PORT_TO_BASE</name>
         <load_address>0x4024</load_address>
         <run_address>0x4024</run_address>
         <size>0x30</size>
         <input_file_ref idref="fl-14"/>
      </object_component>
      <object_component id="oc-111">
         <name>.const:.string:$P$T0$1</name>
         <load_address>0x4054</load_address>
         <run_address>0x4054</run_address>
         <size>0x5</size>
         <input_file_ref idref="fl-6"/>
      </object_component>
      <object_component id="oc-578">
         <name>.cinit..data.load</name>
         <load_address>0x4060</load_address>
         <run_address>0x4060</run_address>
         <size>0xd5</size>
      </object_component>
      <object_component id="oc-576">
         <name>__TI_handler_table</name>
         <load_address>0x4138</load_address>
         <run_address>0x4138</run_address>
         <size>0xc</size>
      </object_component>
      <object_component id="oc-579">
         <name>.cinit..bss.load</name>
         <load_address>0x4148</load_address>
         <run_address>0x4148</run_address>
         <size>0x8</size>
      </object_component>
      <object_component id="oc-577">
         <name>__TI_cinit_table</name>
         <load_address>0x4150</load_address>
         <run_address>0x4150</run_address>
         <size>0x10</size>
      </object_component>
      <object_component id="oc-54b">
         <name>.binit</name>
         <load_address>0x0</load_address>
         <run_address>0x0</run_address>
         <size>0x0</size>
      </object_component>
      <object_component id="oc-155">
         <name>.data:UART2Config</name>
         <load_address>0x20001878</load_address>
         <run_address>0x20001878</run_address>
         <size>0x24</size>
         <input_file_ref idref="fl-2"/>
      </object_component>
      <object_component id="oc-197">
         <name>.data</name>
         <load_address>0x20001920</load_address>
         <run_address>0x20001920</run_address>
         <size>0x4</size>
         <input_file_ref idref="fl-4"/>
      </object_component>
      <object_component id="oc-114">
         <name>.data</name>
         <load_address>0x200018c4</load_address>
         <run_address>0x200018c4</run_address>
         <size>0x10</size>
         <input_file_ref idref="fl-6"/>
      </object_component>
      <object_component id="oc-10e">
         <name>.data:ButtonKeys</name>
         <load_address>0x20001838</load_address>
         <run_address>0x20001838</run_address>
         <size>0x40</size>
         <input_file_ref idref="fl-6"/>
      </object_component>
      <object_component id="oc-117">
         <name>.data:Buttons</name>
         <load_address>0x200018b4</load_address>
         <run_address>0x200018b4</run_address>
         <size>0x10</size>
         <input_file_ref idref="fl-6"/>
      </object_component>
      <object_component id="oc-1c2">
         <name>.data:pwd</name>
         <load_address>0x20001918</load_address>
         <run_address>0x20001918</run_address>
         <size>0x4</size>
         <input_file_ref idref="fl-7"/>
      </object_component>
      <object_component id="oc-1bf">
         <name>.data:entered</name>
         <load_address>0x20001914</load_address>
         <run_address>0x20001914</run_address>
         <size>0x4</size>
         <input_file_ref idref="fl-7"/>
      </object_component>
      <object_component id="oc-1cc">
         <name>.data:LEDs</name>
         <load_address>0x2000189c</load_address>
         <run_address>0x2000189c</run_address>
         <size>0x18</size>
         <input_file_ref idref="fl-a"/>
      </object_component>
      <object_component id="oc-d4">
         <name>.data</name>
         <load_address>0x200018d4</load_address>
         <run_address>0x200018d4</run_address>
         <size>0x10</size>
         <input_file_ref idref="fl-b"/>
      </object_component>
      <object_component id="oc-232">
         <name>.data:$O1$$</name>
         <load_address>0x200018f4</load_address>
         <run_address>0x200018f4</run_address>
         <size>0xc</size>
         <input_file_ref idref="fl-da"/>
      </object_component>
      <object_component id="oc-1a1">
         <name>.data:$O1$$</name>
         <load_address>0x2000190c</load_address>
         <run_address>0x2000190c</run_address>
         <size>0x8</size>
         <input_file_ref idref="fl-db"/>
      </object_component>
      <object_component id="oc-359">
         <name>.data</name>
         <load_address>0x2000191c</load_address>
         <run_address>0x2000191c</run_address>
         <size>0x4</size>
         <input_file_ref idref="fl-e5"/>
      </object_component>
      <object_component id="oc-1a4">
         <name>.data:_ftable</name>
         <load_address>0x20001680</load_address>
         <run_address>0x20001680</run_address>
         <size>0xf0</size>
         <input_file_ref idref="fl-e9"/>
      </object_component>
      <object_component id="oc-497">
         <name>.data</name>
         <load_address>0x200018e4</load_address>
         <run_address>0x200018e4</run_address>
         <size>0x10</size>
         <input_file_ref idref="fl-e9"/>
      </object_component>
      <object_component id="oc-45d">
         <name>.data:_device</name>
         <load_address>0x20001770</load_address>
         <run_address>0x20001770</run_address>
         <size>0x78</size>
         <input_file_ref idref="fl-f5"/>
      </object_component>
      <object_component id="oc-411">
         <name>.data:_stream</name>
         <load_address>0x200017e8</load_address>
         <run_address>0x200017e8</run_address>
         <size>0x50</size>
         <input_file_ref idref="fl-f5"/>
      </object_component>
      <object_component id="oc-48c">
         <name>.data:$O1$$</name>
         <load_address>0x20001900</load_address>
         <run_address>0x20001900</run_address>
         <size>0xc</size>
         <input_file_ref idref="fl-105"/>
      </object_component>
      <object_component id="oc-509">
         <name>.bss:_CIOBUF_</name>
         <uninitialized>true</uninitialized>
         <run_address>0x20001000</run_address>
         <size>0x120</size>
         <input_file_ref idref="fl-fd"/>
      </object_component>
      <object_component id="oc-1be">
         <name>.common:button_count</name>
         <uninitialized>true</uninitialized>
         <run_address>0x2000126c</run_address>
         <size>0x4</size>
      </object_component>
      <object_component id="oc-1bd">
         <name>.common:lock_count</name>
         <uninitialized>true</uninitialized>
         <run_address>0x20001274</run_address>
         <size>0x4</size>
      </object_component>
      <object_component id="oc-1ba">
         <name>.common:state</name>
         <uninitialized>true</uninitialized>
         <run_address>0x20001278</run_address>
         <size>0x1</size>
      </object_component>
      <object_component id="oc-14d">
         <name>.common:connected</name>
         <uninitialized>true</uninitialized>
         <run_address>0x20001270</run_address>
         <size>0x4</size>
      </object_component>
      <object_component id="oc-154">
         <name>.common:password</name>
         <uninitialized>true</uninitialized>
         <run_address>0x200011c0</run_address>
         <size>0x80</size>
      </object_component>
      <object_component id="oc-11a">
         <name>.common:keys_pressed</name>
         <uninitialized>true</uninitialized>
         <run_address>0x20001240</run_address>
         <size>0x14</size>
      </object_component>
      <object_component id="oc-e1">
         <name>.common:UARTA0Data</name>
         <uninitialized>true</uninitialized>
         <run_address>0x20000000</run_address>
         <size>0x800</size>
      </object_component>
      <object_component id="oc-dd">
         <name>.common:UARTA0ReadIndex</name>
         <uninitialized>true</uninitialized>
         <run_address>0x2000125c</run_address>
         <size>0x4</size>
      </object_component>
      <object_component id="oc-e0">
         <name>.common:UARTA0WriteIndex</name>
         <uninitialized>true</uninitialized>
         <run_address>0x20001260</run_address>
         <size>0x4</size>
      </object_component>
      <object_component id="oc-e4">
         <name>.common:UARTA2Data</name>
         <uninitialized>true</uninitialized>
         <run_address>0x20000800</run_address>
         <size>0x800</size>
      </object_component>
      <object_component id="oc-e2">
         <name>.common:UARTA2ReadIndex</name>
         <uninitialized>true</uninitialized>
         <run_address>0x20001264</run_address>
         <size>0x4</size>
      </object_component>
      <object_component id="oc-e3">
         <name>.common:UARTA2WriteIndex</name>
         <uninitialized>true</uninitialized>
         <run_address>0x20001268</run_address>
         <size>0x4</size>
      </object_component>
      <object_component id="oc-4dc">
         <name>.common:__TI_tmpnams</name>
         <uninitialized>true</uninitialized>
         <run_address>0x20001120</run_address>
         <size>0xa0</size>
      </object_component>
      <object_component id="oc-4ed">
         <name>.common:parmbuf</name>
         <uninitialized>true</uninitialized>
         <run_address>0x20001254</run_address>
         <size>0x8</size>
      </object_component>
      <object_component id="oc-29">
         <name>.sysmem</name>
         <uninitialized>true</uninitialized>
         <run_address>0x20001280</run_address>
         <size>0x8</size>
         <input_file_ref idref="fl-105"/>
      </object_component>
      <object_component id="oc-57b">
         <name>.sysmem</name>
         <uninitialized>true</uninitialized>
         <run_address>0x20001280</run_address>
         <size>0x0</size>
      </object_component>
      <object_component id="oc-26">
         <name>.stack</name>
         <uninitialized>true</uninitialized>
         <run_address>0x2000fe00</run_address>
         <size>0x4</size>
         <input_file_ref idref="fl-d5"/>
      </object_component>
      <object_component id="oc-57a">
         <name>.stack</name>
         <uninitialized>true</uninitialized>
         <run_address>0x2000fe00</run_address>
         <size>0x0</size>
      </object_component>
      <object_component id="oc-150">
         <name>.debug_info</name>
         <load_address>0x0</load_address>
         <run_address>0x0</run_address>
         <size>0x7c7</size>
         <input_file_ref idref="fl-2"/>
      </object_component>
      <object_component id="oc-156">
         <name>.debug_info</name>
         <load_address>0x7c7</load_address>
         <run_address>0x7c7</run_address>
         <size>0xd2</size>
         <input_file_ref idref="fl-2"/>
      </object_component>
      <object_component id="oc-aa">
         <name>.debug_info</name>
         <load_address>0x899</load_address>
         <run_address>0x899</run_address>
         <size>0x17f</size>
         <input_file_ref idref="fl-2"/>
      </object_component>
      <object_component id="oc-120">
         <name>.debug_info</name>
         <load_address>0xa18</load_address>
         <run_address>0xa18</run_address>
         <size>0x26b</size>
         <input_file_ref idref="fl-2"/>
      </object_component>
      <object_component id="oc-1d9">
         <name>.debug_info</name>
         <load_address>0xc83</load_address>
         <run_address>0xc83</run_address>
         <size>0x1055</size>
         <input_file_ref idref="fl-2"/>
      </object_component>
      <object_component id="oc-1d4">
         <name>.debug_info</name>
         <load_address>0x1cd8</load_address>
         <run_address>0x1cd8</run_address>
         <size>0x37e2</size>
         <input_file_ref idref="fl-2"/>
      </object_component>
      <object_component id="oc-32">
         <name>.debug_info</name>
         <load_address>0x54ba</load_address>
         <run_address>0x54ba</run_address>
         <size>0x84</size>
         <input_file_ref idref="fl-2"/>
      </object_component>
      <object_component id="oc-1e3">
         <name>.debug_info</name>
         <load_address>0x553e</load_address>
         <run_address>0x553e</run_address>
         <size>0x297</size>
         <input_file_ref idref="fl-2"/>
      </object_component>
      <object_component id="oc-1e8">
         <name>.debug_info</name>
         <load_address>0x57d5</load_address>
         <run_address>0x57d5</run_address>
         <size>0xef</size>
         <input_file_ref idref="fl-2"/>
      </object_component>
      <object_component id="oc-e6">
         <name>.debug_info</name>
         <load_address>0x58c4</load_address>
         <run_address>0x58c4</run_address>
         <size>0xbb</size>
         <input_file_ref idref="fl-2"/>
      </object_component>
      <object_component id="oc-1b5">
         <name>.debug_info</name>
         <load_address>0x597f</load_address>
         <run_address>0x597f</run_address>
         <size>0x2c</size>
         <input_file_ref idref="fl-2"/>
      </object_component>
      <object_component id="oc-eb">
         <name>.debug_info</name>
         <load_address>0x59ab</load_address>
         <run_address>0x59ab</run_address>
         <size>0xee</size>
         <input_file_ref idref="fl-2"/>
      </object_component>
      <object_component id="oc-d8">
         <name>.debug_info</name>
         <load_address>0x5a99</load_address>
         <run_address>0x5a99</run_address>
         <size>0x70</size>
         <input_file_ref idref="fl-2"/>
      </object_component>
      <object_component id="oc-81">
         <name>.debug_info</name>
         <load_address>0x5b09</load_address>
         <run_address>0x5b09</run_address>
         <size>0x2c3</size>
         <input_file_ref idref="fl-3"/>
      </object_component>
      <object_component id="oc-24">
         <name>.debug_info</name>
         <load_address>0x5dcc</load_address>
         <run_address>0x5dcc</run_address>
         <size>0xef</size>
         <input_file_ref idref="fl-3"/>
      </object_component>
      <object_component id="oc-68">
         <name>.debug_info</name>
         <load_address>0x5ebb</load_address>
         <run_address>0x5ebb</run_address>
         <size>0x1b6</size>
         <input_file_ref idref="fl-3"/>
      </object_component>
      <object_component id="oc-198">
         <name>.debug_info</name>
         <load_address>0x6071</load_address>
         <run_address>0x6071</run_address>
         <size>0xe8</size>
         <input_file_ref idref="fl-4"/>
      </object_component>
      <object_component id="oc-bc">
         <name>.debug_info</name>
         <load_address>0x6159</load_address>
         <run_address>0x6159</run_address>
         <size>0x25a</size>
         <input_file_ref idref="fl-4"/>
      </object_component>
      <object_component id="oc-152">
         <name>.debug_info</name>
         <load_address>0x63b3</load_address>
         <run_address>0x63b3</run_address>
         <size>0x757</size>
         <input_file_ref idref="fl-5"/>
      </object_component>
      <object_component id="oc-22a">
         <name>.debug_info</name>
         <load_address>0x6b0a</load_address>
         <run_address>0x6b0a</run_address>
         <size>0x110</size>
         <input_file_ref idref="fl-5"/>
      </object_component>
      <object_component id="oc-11b">
         <name>.debug_info</name>
         <load_address>0x6c1a</load_address>
         <run_address>0x6c1a</run_address>
         <size>0x906</size>
         <input_file_ref idref="fl-6"/>
      </object_component>
      <object_component id="oc-115">
         <name>.debug_info</name>
         <load_address>0x7520</load_address>
         <run_address>0x7520</run_address>
         <size>0x152</size>
         <input_file_ref idref="fl-6"/>
      </object_component>
      <object_component id="oc-10f">
         <name>.debug_info</name>
         <load_address>0x7672</load_address>
         <run_address>0x7672</run_address>
         <size>0xe1</size>
         <input_file_ref idref="fl-6"/>
      </object_component>
      <object_component id="oc-118">
         <name>.debug_info</name>
         <load_address>0x7753</load_address>
         <run_address>0x7753</run_address>
         <size>0xdb</size>
         <input_file_ref idref="fl-6"/>
      </object_component>
      <object_component id="oc-112">
         <name>.debug_info</name>
         <load_address>0x782e</load_address>
         <run_address>0x782e</run_address>
         <size>0xda</size>
         <input_file_ref idref="fl-6"/>
      </object_component>
      <object_component id="oc-7a">
         <name>.debug_info</name>
         <load_address>0x7908</load_address>
         <run_address>0x7908</run_address>
         <size>0x521</size>
         <input_file_ref idref="fl-6"/>
      </object_component>
      <object_component id="oc-205">
         <name>.debug_info</name>
         <load_address>0x7e29</load_address>
         <run_address>0x7e29</run_address>
         <size>0x37e2</size>
         <input_file_ref idref="fl-6"/>
      </object_component>
      <object_component id="oc-20a">
         <name>.debug_info</name>
         <load_address>0xb60b</load_address>
         <run_address>0xb60b</run_address>
         <size>0x62</size>
         <input_file_ref idref="fl-6"/>
      </object_component>
      <object_component id="oc-1bb">
         <name>.debug_info</name>
         <load_address>0xb66d</load_address>
         <run_address>0xb66d</run_address>
         <size>0x317</size>
         <input_file_ref idref="fl-7"/>
      </object_component>
      <object_component id="oc-1c3">
         <name>.debug_info</name>
         <load_address>0xb984</load_address>
         <run_address>0xb984</run_address>
         <size>0xd1</size>
         <input_file_ref idref="fl-7"/>
      </object_component>
      <object_component id="oc-1c0">
         <name>.debug_info</name>
         <load_address>0xba55</load_address>
         <run_address>0xba55</run_address>
         <size>0xd9</size>
         <input_file_ref idref="fl-7"/>
      </object_component>
      <object_component id="oc-c9">
         <name>.debug_info</name>
         <load_address>0xbb2e</load_address>
         <run_address>0xbb2e</run_address>
         <size>0x704</size>
         <input_file_ref idref="fl-7"/>
      </object_component>
      <object_component id="oc-148">
         <name>.debug_info</name>
         <load_address>0xc232</load_address>
         <run_address>0xc232</run_address>
         <size>0x195</size>
         <input_file_ref idref="fl-9"/>
      </object_component>
      <object_component id="oc-1de">
         <name>.debug_info</name>
         <load_address>0xc3c7</load_address>
         <run_address>0xc3c7</run_address>
         <size>0x8b</size>
         <input_file_ref idref="fl-9"/>
      </object_component>
      <object_component id="oc-2c9">
         <name>.debug_info</name>
         <load_address>0xc452</load_address>
         <run_address>0xc452</run_address>
         <size>0x652</size>
         <input_file_ref idref="fl-a"/>
      </object_component>
      <object_component id="oc-1cd">
         <name>.debug_info</name>
         <load_address>0xcaa4</load_address>
         <run_address>0xcaa4</run_address>
         <size>0xd3</size>
         <input_file_ref idref="fl-a"/>
      </object_component>
      <object_component id="oc-cf">
         <name>.debug_info</name>
         <load_address>0xcb77</load_address>
         <run_address>0xcb77</run_address>
         <size>0x5fe</size>
         <input_file_ref idref="fl-a"/>
      </object_component>
      <object_component id="oc-392">
         <name>.debug_info</name>
         <load_address>0xd175</load_address>
         <run_address>0xd175</run_address>
         <size>0x62</size>
         <input_file_ref idref="fl-a"/>
      </object_component>
      <object_component id="oc-14e">
         <name>.debug_info</name>
         <load_address>0xd1d7</load_address>
         <run_address>0xd1d7</run_address>
         <size>0x7fc</size>
         <input_file_ref idref="fl-b"/>
      </object_component>
      <object_component id="oc-d5">
         <name>.debug_info</name>
         <load_address>0xd9d3</load_address>
         <run_address>0xd9d3</run_address>
         <size>0x160</size>
         <input_file_ref idref="fl-b"/>
      </object_component>
      <object_component id="oc-6e">
         <name>.debug_info</name>
         <load_address>0xdb33</load_address>
         <run_address>0xdb33</run_address>
         <size>0x710</size>
         <input_file_ref idref="fl-b"/>
      </object_component>
      <object_component id="oc-de">
         <name>.debug_info</name>
         <load_address>0xe243</load_address>
         <run_address>0xe243</run_address>
         <size>0x653</size>
         <input_file_ref idref="fl-c"/>
      </object_component>
      <object_component id="oc-74">
         <name>.debug_info</name>
         <load_address>0xe896</load_address>
         <run_address>0xe896</run_address>
         <size>0x61b</size>
         <input_file_ref idref="fl-c"/>
      </object_component>
      <object_component id="oc-41a">
         <name>.debug_info</name>
         <load_address>0xeeb1</load_address>
         <run_address>0xeeb1</run_address>
         <size>0x803</size>
         <input_file_ref idref="fl-11"/>
      </object_component>
      <object_component id="oc-21f">
         <name>.debug_info</name>
         <load_address>0xf6b4</load_address>
         <run_address>0xf6b4</run_address>
         <size>0x1e1</size>
         <input_file_ref idref="fl-11"/>
      </object_component>
      <object_component id="oc-399">
         <name>.debug_info</name>
         <load_address>0xf895</load_address>
         <run_address>0xf895</run_address>
         <size>0x431a</size>
         <input_file_ref idref="fl-11"/>
      </object_component>
      <object_component id="oc-470">
         <name>.debug_info</name>
         <load_address>0x13baf</load_address>
         <run_address>0x13baf</run_address>
         <size>0x1b5</size>
         <input_file_ref idref="fl-11"/>
      </object_component>
      <object_component id="oc-214">
         <name>.debug_info</name>
         <load_address>0x13d64</load_address>
         <run_address>0x13d64</run_address>
         <size>0x220</size>
         <input_file_ref idref="fl-12"/>
      </object_component>
      <object_component id="oc-2cd">
         <name>.debug_info</name>
         <load_address>0x13f84</load_address>
         <run_address>0x13f84</run_address>
         <size>0x6fd</size>
         <input_file_ref idref="fl-14"/>
      </object_component>
      <object_component id="oc-1f4">
         <name>.debug_info</name>
         <load_address>0x14681</load_address>
         <run_address>0x14681</run_address>
         <size>0x131</size>
         <input_file_ref idref="fl-14"/>
      </object_component>
      <object_component id="oc-103">
         <name>.debug_info</name>
         <load_address>0x147b2</load_address>
         <run_address>0x147b2</run_address>
         <size>0x256</size>
         <input_file_ref idref="fl-14"/>
      </object_component>
      <object_component id="oc-fd">
         <name>.debug_info</name>
         <load_address>0x14a08</load_address>
         <run_address>0x14a08</run_address>
         <size>0x254</size>
         <input_file_ref idref="fl-14"/>
      </object_component>
      <object_component id="oc-1c7">
         <name>.debug_info</name>
         <load_address>0x14c5c</load_address>
         <run_address>0x14c5c</run_address>
         <size>0x254</size>
         <input_file_ref idref="fl-14"/>
      </object_component>
      <object_component id="oc-109">
         <name>.debug_info</name>
         <load_address>0x14eb0</load_address>
         <run_address>0x14eb0</run_address>
         <size>0x27a</size>
         <input_file_ref idref="fl-14"/>
      </object_component>
      <object_component id="oc-1ee">
         <name>.debug_info</name>
         <load_address>0x1512a</load_address>
         <run_address>0x1512a</run_address>
         <size>0x25a</size>
         <input_file_ref idref="fl-14"/>
      </object_component>
      <object_component id="oc-f1">
         <name>.debug_info</name>
         <load_address>0x15384</load_address>
         <run_address>0x15384</run_address>
         <size>0x260</size>
         <input_file_ref idref="fl-14"/>
      </object_component>
      <object_component id="oc-2d3">
         <name>.debug_info</name>
         <load_address>0x155e4</load_address>
         <run_address>0x155e4</run_address>
         <size>0x3a1</size>
         <input_file_ref idref="fl-16"/>
      </object_component>
      <object_component id="oc-219">
         <name>.debug_info</name>
         <load_address>0x15985</load_address>
         <run_address>0x15985</run_address>
         <size>0x21c</size>
         <input_file_ref idref="fl-16"/>
      </object_component>
      <object_component id="oc-3a0">
         <name>.debug_info</name>
         <load_address>0x15ba1</load_address>
         <run_address>0x15ba1</run_address>
         <size>0x1e7</size>
         <input_file_ref idref="fl-16"/>
      </object_component>
      <object_component id="oc-3a6">
         <name>.debug_info</name>
         <load_address>0x15d88</load_address>
         <run_address>0x15d88</run_address>
         <size>0x1f5</size>
         <input_file_ref idref="fl-16"/>
      </object_component>
      <object_component id="oc-420">
         <name>.debug_info</name>
         <load_address>0x15f7d</load_address>
         <run_address>0x15f7d</run_address>
         <size>0x342</size>
         <input_file_ref idref="fl-16"/>
      </object_component>
      <object_component id="oc-3b2">
         <name>.debug_info</name>
         <load_address>0x162bf</load_address>
         <run_address>0x162bf</run_address>
         <size>0x1fe</size>
         <input_file_ref idref="fl-16"/>
      </object_component>
      <object_component id="oc-3ac">
         <name>.debug_info</name>
         <load_address>0x164bd</load_address>
         <run_address>0x164bd</run_address>
         <size>0x1a8</size>
         <input_file_ref idref="fl-16"/>
      </object_component>
      <object_component id="oc-f7">
         <name>.debug_info</name>
         <load_address>0x16665</load_address>
         <run_address>0x16665</run_address>
         <size>0x1af</size>
         <input_file_ref idref="fl-1a"/>
      </object_component>
      <object_component id="oc-8d">
         <name>.debug_info</name>
         <load_address>0x16814</load_address>
         <run_address>0x16814</run_address>
         <size>0x29e</size>
         <input_file_ref idref="fl-d2"/>
      </object_component>
      <object_component id="oc-18">
         <name>.debug_info</name>
         <load_address>0x16ab2</load_address>
         <run_address>0x16ab2</run_address>
         <size>0x250</size>
         <input_file_ref idref="fl-d2"/>
      </object_component>
      <object_component id="oc-2d">
         <name>.debug_info</name>
         <load_address>0x16d02</load_address>
         <run_address>0x16d02</run_address>
         <size>0x60</size>
         <input_file_ref idref="fl-d2"/>
      </object_component>
      <object_component id="oc-131">
         <name>.debug_info</name>
         <load_address>0x16d62</load_address>
         <run_address>0x16d62</run_address>
         <size>0x46</size>
         <input_file_ref idref="fl-d2"/>
      </object_component>
      <object_component id="oc-88">
         <name>.debug_info</name>
         <load_address>0x16da8</load_address>
         <run_address>0x16da8</run_address>
         <size>0x39</size>
         <input_file_ref idref="fl-d2"/>
      </object_component>
      <object_component id="oc-42">
         <name>.debug_info</name>
         <load_address>0x16de1</load_address>
         <run_address>0x16de1</run_address>
         <size>0x2a8</size>
         <input_file_ref idref="fl-d3"/>
      </object_component>
      <object_component id="oc-1d">
         <name>.debug_info</name>
         <load_address>0x17089</load_address>
         <run_address>0x17089</run_address>
         <size>0x1ea</size>
         <input_file_ref idref="fl-d3"/>
      </object_component>
      <object_component id="oc-3d">
         <name>.debug_info</name>
         <load_address>0x17273</load_address>
         <run_address>0x17273</run_address>
         <size>0x46</size>
         <input_file_ref idref="fl-d3"/>
      </object_component>
      <object_component id="oc-8f">
         <name>.debug_info</name>
         <load_address>0x172b9</load_address>
         <run_address>0x172b9</run_address>
         <size>0x2c</size>
         <input_file_ref idref="fl-d3"/>
      </object_component>
      <object_component id="oc-9c">
         <name>.debug_info</name>
         <load_address>0x172e5</load_address>
         <run_address>0x172e5</run_address>
         <size>0x31e</size>
         <input_file_ref idref="fl-d4"/>
      </object_component>
      <object_component id="oc-4a">
         <name>.debug_info</name>
         <load_address>0x17603</load_address>
         <run_address>0x17603</run_address>
         <size>0x1b5</size>
         <input_file_ref idref="fl-d4"/>
      </object_component>
      <object_component id="oc-97">
         <name>.debug_info</name>
         <load_address>0x177b8</load_address>
         <run_address>0x177b8</run_address>
         <size>0x46</size>
         <input_file_ref idref="fl-d4"/>
      </object_component>
      <object_component id="oc-138">
         <name>.debug_info</name>
         <load_address>0x177fe</load_address>
         <run_address>0x177fe</run_address>
         <size>0x2c</size>
         <input_file_ref idref="fl-d4"/>
      </object_component>
      <object_component id="oc-27">
         <name>.debug_info</name>
         <load_address>0x1782a</load_address>
         <run_address>0x1782a</run_address>
         <size>0x10b</size>
         <input_file_ref idref="fl-d5"/>
      </object_component>
      <object_component id="oc-56">
         <name>.debug_info</name>
         <load_address>0x17935</load_address>
         <run_address>0x17935</run_address>
         <size>0x1af</size>
         <input_file_ref idref="fl-d5"/>
      </object_component>
      <object_component id="oc-239">
         <name>.debug_info</name>
         <load_address>0x17ae4</load_address>
         <run_address>0x17ae4</run_address>
         <size>0x552</size>
         <input_file_ref idref="fl-d6"/>
      </object_component>
      <object_component id="oc-166">
         <name>.debug_info</name>
         <load_address>0x18036</load_address>
         <run_address>0x18036</run_address>
         <size>0x1a6</size>
         <input_file_ref idref="fl-d6"/>
      </object_component>
      <object_component id="oc-2df">
         <name>.debug_info</name>
         <load_address>0x181dc</load_address>
         <run_address>0x181dc</run_address>
         <size>0x39</size>
         <input_file_ref idref="fl-d6"/>
      </object_component>
      <object_component id="oc-3b7">
         <name>.debug_info</name>
         <load_address>0x18215</load_address>
         <run_address>0x18215</run_address>
         <size>0x39</size>
         <input_file_ref idref="fl-d6"/>
      </object_component>
      <object_component id="oc-2e4">
         <name>.debug_info</name>
         <load_address>0x1824e</load_address>
         <run_address>0x1824e</run_address>
         <size>0x39</size>
         <input_file_ref idref="fl-d6"/>
      </object_component>
      <object_component id="oc-2e9">
         <name>.debug_info</name>
         <load_address>0x18287</load_address>
         <run_address>0x18287</run_address>
         <size>0xcd</size>
         <input_file_ref idref="fl-d6"/>
      </object_component>
      <object_component id="oc-a4">
         <name>.debug_info</name>
         <load_address>0x18354</load_address>
         <run_address>0x18354</run_address>
         <size>0x153</size>
         <input_file_ref idref="fl-d8"/>
      </object_component>
      <object_component id="oc-236">
         <name>.debug_info</name>
         <load_address>0x184a7</load_address>
         <run_address>0x184a7</run_address>
         <size>0x3ad</size>
         <input_file_ref idref="fl-da"/>
      </object_component>
      <object_component id="oc-233">
         <name>.debug_info</name>
         <load_address>0x18854</load_address>
         <run_address>0x18854</run_address>
         <size>0x190</size>
         <input_file_ref idref="fl-da"/>
      </object_component>
[...]
         <name>__TI_enable_exit_profile_output</name>
         <value>0x200018fc</value>
         <object_component_ref idref="oc-232"/>
      </symbol>
      <symbol id="sm-45b">
         <name>exit</name>
         <value>0x385d</value>
         <object_component_ref idref="oc-15f"/>
      </symbol>
      <symbol id="sm-470">
         <name>_nop</name>
         <value>0xb43</value>
         <object_component_ref idref="oc-29d"/>
      </symbol>
      <symbol id="sm-471">
         <name>_lock</name>
         <value>0x2000190c</value>
         <object_component_ref idref="oc-1a1"/>
      </symbol>
      <symbol id="sm-472">
         <name>_unlock</name>
         <value>0x20001910</value>
         <object_component_ref idref="oc-1a1"/>
      </symbol>
      <symbol id="sm-48d">
         <name>memcpy</name>
         <value>0x2be3</value>
         <object_component_ref idref="oc-37"/>
      </symbol>
      <symbol id="sm-48e">
         <name>__aeabi_memcpy</name>
         <value>0x2be3</value>
         <object_component_ref idref="oc-37"/>
      </symbol>
      <symbol id="sm-48f">
         <name>__aeabi_memcpy8</name>
         <value>0x2be3</value>
         <object_component_ref idref="oc-37"/>
      </symbol>
      <symbol id="sm-490">
         <name>__aeabi_memcpy4</name>
         <value>0x2be3</value>
         <object_component_ref idref="oc-37"/>
      </symbol>
      <symbol id="sm-49f">
         <name>__aeabi_memset</name>
         <value>0x2fb7</value>
         <object_component_ref idref="oc-9d"/>
      </symbol>
      <symbol id="sm-4a0">
         <name>memset</name>
         <value>0x2fbd</value>
         <object_component_ref idref="oc-9d"/>
      </symbol>
      <symbol id="sm-4a1">
         <name>__aeabi_memset8</name>
         <value>0x2fb7</value>
         <object_component_ref idref="oc-9d"/>
      </symbol>
      <symbol id="sm-4a2">
         <name>__aeabi_memset4</name>
         <value>0x2fb7</value>
         <object_component_ref idref="oc-9d"/>
      </symbol>
      <symbol id="sm-4a3">
         <name>__aeabi_memclr8</name>
         <value>0x2fb5</value>
         <object_component_ref idref="oc-9d"/>
      </symbol>
      <symbol id="sm-4a4">
         <name>__aeabi_memclr4</name>
         <value>0x2fb5</value>
         <object_component_ref idref="oc-9d"/>
      </symbol>
      <symbol id="sm-4a5">
         <name>__aeabi_memclr</name>
         <value>0x2fb5</value>
         <object_component_ref idref="oc-9d"/>
      </symbol>
      <symbol id="sm-4d1">
         <name>printf</name>
         <value>0x32c5</value>
         <object_component_ref idref="oc-c2"/>
      </symbol>
      <symbol id="sm-63b">
         <name>__TI_printfi</name>
         <value>0xe5</value>
         <object_component_ref idref="oc-19b"/>
      </symbol>
      <symbol id="sm-65d">
         <name>__aeabi_cdcmpeq</name>
         <value>0x2da1</value>
         <object_component_ref idref="oc-262"/>
      </symbol>
      <symbol id="sm-65e">
         <name>__aeabi_cdcmple</name>
         <value>0x2da1</value>
         <object_component_ref idref="oc-262"/>
      </symbol>
      <symbol id="sm-65f">
         <name>__aeabi_cdrcmple</name>
         <value>0x2e27</value>
         <object_component_ref idref="oc-308"/>
      </symbol>
      <symbol id="sm-669">
         <name>__aeabi_d2iz</name>
         <value>0x38a5</value>
         <object_component_ref idref="oc-30d"/>
      </symbol>
      <symbol id="sm-67d">
         <name>__aeabi_ddiv</name>
         <value>0x21f9</value>
         <object_component_ref idref="oc-303"/>
      </symbol>
      <symbol id="sm-688">
         <name>__aeabi_dmul</name>
         <value>0x2881</value>
         <object_component_ref idref="oc-2fe"/>
      </symbol>
      <symbol id="sm-69f">
         <name>__aeabi_dsub</name>
         <value>0x1bf9</value>
         <object_component_ref idref="oc-31d"/>
      </symbol>
      <symbol id="sm-6a0">
         <name>__aeabi_dadd</name>
         <value>0x1c03</value>
         <object_component_ref idref="oc-31d"/>
      </symbol>
      <symbol id="sm-6b6">
         <name>__aeabi_errno_addr</name>
         <value>0x3f09</value>
         <object_component_ref idref="oc-28b"/>
      </symbol>
      <symbol id="sm-6b7">
         <name>errno</name>
         <value>0x2000191c</value>
         <object_component_ref idref="oc-359"/>
      </symbol>
      <symbol id="sm-6c1">
         <name>__aeabi_i2d</name>
         <value>0x3c55</value>
         <object_component_ref idref="oc-318"/>
      </symbol>
      <symbol id="sm-6ce">
         <name>__aeabi_uldivmod</name>
         <value>0x2c7f</value>
         <object_component_ref idref="oc-2f7"/>
      </symbol>
      <symbol id="sm-6d8">
         <name>__aeabi_idiv0</name>
         <value>0x1daf</value>
         <object_component_ref idref="oc-3ca"/>
      </symbol>
      <symbol id="sm-6d9">
         <name>__aeabi_ldiv0</name>
         <value>0x1daf</value>
         <object_component_ref idref="oc-3ca"/>
      </symbol>
      <symbol id="sm-6ee">
         <name>__TI_tmpnams</name>
         <value>0x20001120</value>
      </symbol>
      <symbol id="sm-6ef">
         <name>__aeabi_stdout</name>
         <value>0x200018ec</value>
         <object_component_ref idref="oc-497"/>
      </symbol>
      <symbol id="sm-6f0">
         <name>__aeabi_stderr</name>
         <value>0x200018f0</value>
         <object_component_ref idref="oc-497"/>
      </symbol>
      <symbol id="sm-6f1">
         <name>__aeabi_stdin</name>
         <value>0x200018e8</value>
         <object_component_ref idref="oc-497"/>
      </symbol>
      <symbol id="sm-6f2">
         <name>_ftable</name>
         <value>0x20001680</value>
         <object_component_ref idref="oc-1a4"/>
      </symbol>
      <symbol id="sm-6f3">
         <name>__TI_ft_end</name>
         <value>0x200018e4</value>
         <object_component_ref idref="oc-497"/>
      </symbol>
      <symbol id="sm-709">
         <name>atoi</name>
         <value>0x37c9</value>
         <object_component_ref idref="oc-256"/>
      </symbol>
      <symbol id="sm-714">
         <name>_ctypes_</name>
         <value>0x3f20</value>
         <object_component_ref idref="oc-2f2"/>
      </symbol>
      <symbol id="sm-729">
         <name>putc</name>
         <value>0x2d15</value>
         <object_component_ref idref="oc-2b2"/>
      </symbol>
      <symbol id="sm-72a">
         <name>fputc</name>
         <value>0x2d15</value>
         <object_component_ref idref="oc-2b2"/>
      </symbol>
      <symbol id="sm-73a">
         <name>__TI_doflush</name>
         <value>0x377d</value>
         <object_component_ref idref="oc-380"/>
      </symbol>
      <symbol id="sm-752">
         <name>__TI_wrt_ok</name>
         <value>0x33f5</value>
         <object_component_ref idref="oc-374"/>
      </symbol>
      <symbol id="sm-770">
         <name>fputs</name>
         <value>0x2455</value>
         <object_component_ref idref="oc-2ab"/>
      </symbol>
      <symbol id="sm-790">
         <name>frexpl</name>
         <value>0x332d</value>
         <object_component_ref idref="oc-33d"/>
      </symbol>
      <symbol id="sm-791">
         <name>frexp</name>
         <value>0x332d</value>
         <object_component_ref idref="oc-33d"/>
      </symbol>
      <symbol id="sm-7a8">
         <name>fseek</name>
         <value>0x3391</value>
         <object_component_ref idref="oc-3ff"/>
      </symbol>
      <symbol id="sm-7c5">
         <name>scalbn</name>
         <value>0x2569</value>
         <object_component_ref idref="oc-343"/>
      </symbol>
      <symbol id="sm-7c6">
         <name>scalbnl</name>
         <value>0x2569</value>
         <object_component_ref idref="oc-343"/>
      </symbol>
      <symbol id="sm-7c7">
         <name>ldexpl</name>
         <value>0x2569</value>
         <object_component_ref idref="oc-343"/>
      </symbol>
      <symbol id="sm-7c8">
         <name>ldexp</name>
         <value>0x2569</value>
         <object_component_ref idref="oc-343"/>
      </symbol>
      <symbol id="sm-7d2">
         <name>copysign</name>
         <value>0x3e65</value>
         <object_component_ref idref="oc-3e3"/>
      </symbol>
      <symbol id="sm-7d3">
         <name>copysignl</name>
         <value>0x3e65</value>
         <object_component_ref idref="oc-3e3"/>
      </symbol>
      <symbol id="sm-7e8">
         <name>lseek</name>
         <value>0x3d29</value>
         <object_component_ref idref="oc-436"/>
      </symbol>
      <symbol id="sm-804">
         <name>_stream</name>
         <value>0x200017e8</value>
         <object_component_ref idref="oc-411"/>
      </symbol>
      <symbol id="sm-805">
         <name>_device</name>
         <value>0x20001770</value>
         <object_component_ref idref="oc-45d"/>
      </symbol>
      <symbol id="sm-806">
         <name>write</name>
         <value>0x3d79</value>
         <object_component_ref idref="oc-386"/>
      </symbol>
      <symbol id="sm-817">
         <name>HOSTclose</name>
         <value>0x38ed</value>
         <object_component_ref idref="oc-4a3"/>
      </symbol>
      <symbol id="sm-828">
         <name>HOSTlseek</name>
         <value>0x318d</value>
         <object_component_ref idref="oc-4b5"/>
      </symbol>
      <symbol id="sm-83a">
         <name>parmbuf</name>
         <value>0x20001254</value>
      </symbol>
      <symbol id="sm-83b">
         <name>HOSTopen</name>
         <value>0x3459</value>
         <object_component_ref idref="oc-49d"/>
      </symbol>
      <symbol id="sm-84c">
         <name>HOSTread</name>
         <value>0x35d1</value>
         <object_component_ref idref="oc-4a9"/>
      </symbol>
      <symbol id="sm-85d">
         <name>HOSTrename</name>
         <value>0x31f5</value>
         <object_component_ref idref="oc-4c1"/>
      </symbol>
      <symbol id="sm-86e">
         <name>HOSTunlink</name>
         <value>0x3931</value>
         <object_component_ref idref="oc-4bb"/>
      </symbol>
      <symbol id="sm-87f">
         <name>HOSTwrite</name>
         <value>0x3629</value>
         <object_component_ref idref="oc-4af"/>
      </symbol>
      <symbol id="sm-8a3">
         <name>__TI_readmsg</name>
         <value>0x3bc1</value>
         <object_component_ref idref="oc-4e7"/>
      </symbol>
      <symbol id="sm-8a4">
         <name>C$$IO$$</name>
         <value>0x3aa7</value>
         <object_component_ref idref="oc-4e1"/>
      </symbol>
      <symbol id="sm-8a5">
         <name>__CIOBUF_</name>
         <value>0x20001000</value>
         <object_component_ref idref="oc-509"/>
      </symbol>
      <symbol id="sm-8a6">
         <name>__TI_writemsg</name>
         <value>0x3a79</value>
         <object_component_ref idref="oc-4e1"/>
      </symbol>
      <symbol id="sm-8b5">
         <name>ltoa</name>
         <value>0x36d7</value>
         <object_component_ref idref="oc-312"/>
      </symbol>
      <symbol id="sm-8c5">
         <name>memccpy</name>
         <value>0x3e07</value>
         <object_component_ref idref="oc-27f"/>
      </symbol>
      <symbol id="sm-8d5">
         <name>memchr</name>
         <value>0x3de7</value>
         <object_component_ref idref="oc-37a"/>
      </symbol>
      <symbol id="sm-8f1">
         <name>setvbuf</name>
         <value>0x297d</value>
         <object_component_ref idref="oc-405"/>
      </symbol>
      <symbol id="sm-906">
         <name>__TI_cleanup</name>
         <value>0x3b8d</value>
         <object_component_ref idref="oc-44a"/>
      </symbol>
      <symbol id="sm-91b">
         <name>__TI_closefile</name>
         <value>0x30a9</value>
         <object_component_ref idref="oc-491"/>
      </symbol>
      <symbol id="sm-92f">
         <name>close</name>
         <value>0x3519</value>
         <object_component_ref idref="oc-4d0"/>
      </symbol>
      <symbol id="sm-9a5">
         <name>_sys_memory</name>
         <value>0x20001280</value>
         <object_component_ref idref="oc-29"/>
      </symbol>
      <symbol id="sm-9a6">
         <name>free</name>
         <value>0x2a59</value>
         <object_component_ref idref="oc-43e"/>
      </symbol>
      <symbol id="sm-9a7">
         <name>malloc</name>
         <value>0x3031</value>
         <object_component_ref idref="oc-444"/>
      </symbol>
      <symbol id="sm-9a8">
         <name>minit</name>
         <value>0x3ae9</value>
         <object_component_ref idref="oc-47a"/>
      </symbol>
      <symbol id="sm-9cc">
         <name>finddevice</name>
         <value>0x3c25</value>
         <object_component_ref idref="oc-525"/>
      </symbol>
      <symbol id="sm-9cd">
         <name>getdevice</name>
         <value>0x39b9</value>
         <object_component_ref idref="oc-4ff"/>
      </symbol>
      <symbol id="sm-9de">
         <name>strchr</name>
         <value>0x3e3b</value>
         <object_component_ref idref="oc-349"/>
      </symbol>
      <symbol id="sm-9ed">
         <name>strcmp</name>
         <value>0x3e23</value>
         <object_component_ref idref="oc-53a"/>
      </symbol>
      <symbol id="sm-9fb">
         <name>strcpy</name>
         <value>0x3e79</value>
         <object_component_ref idref="oc-141"/>
      </symbol>
      <symbol id="sm-a09">
         <name>strlen</name>
         <value>0x3e8d</value>
         <object_component_ref idref="oc-250"/>
      </symbol>
      <symbol id="sm-a1a">
         <name>strncpy</name>
         <value>0x3b21</value>
         <object_component_ref idref="oc-51f"/>
      </symbol>
      <symbol id="sm-a2a">
         <name>unlink</name>
         <value>0x3c85</value>
         <object_component_ref idref="oc-4d6"/>
      </symbol>
      <symbol id="sm-a43">
         <name>wcslen</name>
         <value>0x3ea1</value>
         <object_component_ref idref="oc-285"/>
      </symbol>
      <symbol id="sm-a44">
         <name>__TI_static_base__</name>
         <value>0x0</value>
      </symbol>
      <symbol id="sm-a47">
         <name>__mpu_init</name>
         <value>0x0</value>
      </symbol>
      <symbol id="sm-a48">
         <name>_system_post_cinit</name>
         <value>0x0</value>
      </symbol>
      <symbol id="sm-a49">
         <name>NMI_Handler</name>
         <value>0x3eed</value>
      </symbol>
      <symbol id="sm-a4a">
         <name>HardFault_Handler</name>
         <value>0x3eed</value>
      </symbol>
      <symbol id="sm-a4b">
         <name>MemManage_Handler</name>
         <value>0x3eed</value>
      </symbol>
      <symbol id="sm-a4c">
         <name>BusFault_Handler</name>
         <value>0x3eed</value>
      </symbol>
      <symbol id="sm-a4d">
         <name>UsageFault_Handler</name>
         <value>0x3eed</value>
      </symbol>
      <symbol id="sm-a4e">
         <name>SVC_Handler</name>
         <value>0x3eed</value>
      </symbol>
      <symbol id="sm-a4f">
         <name>DebugMon_Handler</name>
         <value>0x3eed</value>
      </symbol>
      <symbol id="sm-a50">
         <name>PendSV_Handler</name>
         <value>0x3eed</value>
      </symbol>
      <symbol id="sm-a51">
         <name>SysTick_Handler</name>
         <value>0x1e29</value>
      </symbol>
      <symbol id="sm-a52">
         <name>PSS_IRQHandler</name>
         <value>0x3eed</value>
      </symbol>
      <symbol id="sm-a53">
         <name>CS_IRQHandler</name>
         <value>0x3eed</value>
      </symbol>
      <symbol id="sm-a54">
         <name>PCM_IRQHandler</name>
         <value>0x3eed</value>
      </symbol>
      <symbol id="sm-a55">
         <name>WDT_A_IRQHandler</name>
         <value>0x3eed</value>
      </symbol>
      <symbol id="sm-a56">
         <name>FPU_IRQHandler</name>
         <value>0x3eed</value>
      </symbol>
      <symbol id="sm-a57">
         <name>FLCTL_IRQHandler</name>
         <value>0x3eed</value>
      </symbol>
      <symbol id="sm-a58">
         <name>COMP_E0_IRQHandler</name>
         <value>0x3eed</value>
      </symbol>
      <symbol id="sm-a59">
         <name>COMP_E1_IRQHandler</name>
         <value>0x3eed</value>
      </symbol>
      <symbol id="sm-a5a">
         <name>TA0_0_IRQHandler</name>
         <value>0x3eed</value>
      </symbol>
      <symbol id="sm-a5b">
         <name>TA0_N_IRQHandler</name>
         <value>0x3eed</value>
      </symbol>
      <symbol id="sm-a5c">
         <name>TA1_0_IRQHandler</name>
         <value>0x3eed</value>
      </symbol>
      <symbol id="sm-a5d">
         <name>TA1_N_IRQHandler</name>
         <value>0x3eed</value>
      </symbol>
      <symbol id="sm-a5e">
         <name>TA2_0_IRQHandler</name>
         <value>0x3eed</value>
      </symbol>
      <symbol id="sm-a5f">
         <name>TA2_N_IRQHandler</name>
         <value>0x3eed</value>
      </symbol>
      <symbol id="sm-a60">
         <name>TA3_0_IRQHandler</name>
         <value>0x3eed</value>
      </symbol>
      <symbol id="sm-a61">
         <name>TA3_N_IRQHandler</name>
         <value>0x3eed</value>
      </symbol>
      <symbol id="sm-a62">
         <name>EUSCIA0_IRQHandler</name>
         <value>0xd99</value>
      </symbol>
      <symbol id="sm-a63">
         <name>EUSCIA1_IRQHandler</name>
         <value>0x3eed</value>
      </symbol>
      <symbol id="sm-a64">
         <name>EUSCIA2_IRQHandler</name>
         <value>0xe1d</value>
      </symbol>
      <symbol id="sm-a65">
         <name>EUSCIA3_IRQHandler</name>
         <value>0x3eed</value>
      </symbol>
      <symbol id="sm-a66">
         <name>EUSCIB0_IRQHandler</name>
         <value>0x3eed</value>
      </symbol>
      <symbol id="sm-a67">
         <name>EUSCIB1_IRQHandler</name>
         <value>0x3eed</value>
      </symbol>
      <symbol id="sm-a68">
         <name>EUSCIB2_IRQHandler</name>
         <value>0x3eed</value>
      </symbol>
      <symbol id="sm-a69">
         <name>EUSCIB3_IRQHandler</name>
         <value>0x3eed</value>
      </symbol>
      <symbol id="sm-a6a">
         <name>ADC14_IRQHandler</name>
         <value>0x3eed</value>
      </symbol>
      <symbol id="sm-a6b">
         <name>T32_INT1_IRQHandler</name>
         <value>0x3eed</value>
      </symbol>
      <symbol id="sm-a6c">
         <name>T32_INT2_IRQHandler</name>
         <value>0x3eed</value>
      </symbol>
      <symbol id="sm-a6d">
         <name>T32_INTC_IRQHandler</name>
         <value>0x3eed</value>
      </symbol>
      <symbol id="sm-a6e">
         <name>AES256_IRQHandler</name>
         <value>0x3eed</value>
      </symbol>
      <symbol id="sm-a6f">
         <name>RTC_C_IRQHandler</name>
         <value>0x3eed</value>
      </symbol>
      <symbol id="sm-a70">
         <name>DMA_ERR_IRQHandler</name>
         <value>0x3eed</value>
      </symbol>
      <symbol id="sm-a71">
         <name>DMA_INT3_IRQHandler</name>
         <value>0x3eed</value>
      </symbol>
      <symbol id="sm-a72">
         <name>DMA_INT2_IRQHandler</name>
         <value>0x3eed</value>
      </symbol>
      <symbol id="sm-a73">
         <name>DMA_INT1_IRQHandler</name>
         <value>0x3eed</value>
      </symbol>
      <symbol id="sm-a74">
         <name>DMA_INT0_IRQHandler</name>
         <value>0x3eed</value>
      </symbol>
      <symbol id="sm-a75">
         <name>PORT1_IRQHandler</name>
         <value>0x3eed</value>
      </symbol>
      <symbol id="sm-a76">
         <name>PORT2_IRQHandler</name>
         <value>0x3eed</value>
      </symbol>
      <symbol id="sm-a77">
         <name>PORT3_IRQHandler</name>
         <value>0x3eed</value>
      </symbol>
      <symbol id="sm-a78">
         <name>PORT4_IRQHandler</name>
         <value>0x3eed</value>
      </symbol>
      <symbol id="sm-a79">
         <name>PORT5_IRQHandler</name>
         <value>0x3eed</value>
      </symbol>
      <symbol id="sm-a7a">
         <name>PORT6_IRQHandler</name>
         <value>0xf8b</value>
      </symbol>
      <symbol id="sm-a7b">
         <name>remove</name>
         <value>0x3c85</value>
      </symbol>
   </symbol_table>
   <title>Link successful</title>
</link_info>
