******************************************************************************
                  TI ARM Linker PC v18.1.5                     
******************************************************************************
>> Linked Mon Apr  8 16:25:54 2019

OUTPUT FILE NAME:   <dawgSystem.out>
ENTRY POINT SYMBOL: "_c_int00_noargs"  address: 00003941


MEMORY CONFIGURATION

         name            origin    length      used     unused   attr    fill
----------------------  --------  ---------  --------  --------  ----  --------
  MAIN                  00000000   00040000  00003fd4  0003c02c  R  X
  INFO                  00200000   00004000  00000000  00004000  R  X
  SRAM_CODE             01000000   00010000  00001b51  0000e4af  RW X
  SRAM_DATA             20000000   00010000  00001b51  0000e4af  RW  


SEGMENT ALLOCATION MAP

run origin  load origin   length   init length attrs members
----------  ----------- ---------- ----------- ----- -------
00000000    00000000    00003fd8   00003fd8    r-x
  00000000    00000000    000000e4   000000e4    r-- .intvecs
  000000e4    000000e4    00003ccc   00003ccc    r-x .text
  00003db0    00003db0    00000134   00000134    r-- .const
  00003ee8    00003ee8    000000f0   000000f0    r-- .cinit
20000000    20000000    00001954   00000000    rw-
  20000000    20000000    000012c5   00000000    rw- .bss
  200012c8    200012c8    00000400   00000000    rw- .sysmem
  200016c8    200016c8    0000028c   00000000    rw- .data
2000fe00    2000fe00    00000200   00000000    rw-
  2000fe00    2000fe00    00000200   00000000    rw- .stack


SECTION ALLOCATION MAP

 output                                  attributes/
section   page    origin      length       input sections
--------  ----  ----------  ----------   ----------------
.intvecs   0    00000000    000000e4     
                  00000000    000000e4     startup_msp432p401r_ccs.obj (.intvecs:retain)

.text      0    000000e4    00003ccc     
                  000000e4    00000a5e     rtsv7M4_T_le_v4SPD16_eabi.lib : _printfi.c.obj (.text:__TI_printfi)
                  00000b42    00000002                                   : _lock.c.obj (.text:_nop)
                  00000b44    00000370     UART_Driver.obj (.text)
                  00000eb4    00000334     system_msp432p401r.obj (.text)
                  000011e8    00000320     KEYPAD_driver.obj (.text)
                  00001508    00000270     rtsv7M4_T_le_v4SPD16_eabi.lib : _printfi.c.obj (.text:_pconv_a)
                  00001778    000001f8     Lock_handler.obj (.text)
                  00001970    000001d0     rtsv7M4_T_le_v4SPD16_eabi.lib : _printfi.c.obj (.text:_pconv_g)
                  00001b40    000001b6                                   : fd_add_t2.asm.obj (.text)
                  00001cf6    00000002                                   : div0.asm.obj (.text)
                  00001cf8    0000015c     msp432p4xx_driverlib.lib : pcm.o (.text:__PCM_setPowerModeAdvanced)
                  00001e54    0000013c     TIMER_handle.obj (.text)
                  00001f90    0000013c     rtsv7M4_T_le_v4SPD16_eabi.lib : _printfi.c.obj (.text:_pconv_e)
                  000020cc    00000136                                   : fd_div_t2.asm.obj (.text)
                  00002202    00000002     --HOLE-- [fill = 0]
                  00002204    00000124                                   : _printfi.c.obj (.text:fcvt)
                  00002328    00000114                                   : fputs.c.obj (.text:fputs)
                  0000243c    00000110                                   : s_scalbn.c.obj (.text:scalbn)
                  0000254c    00000108     msp432p4xx_driverlib.lib : pcm.o (.text:__PCM_setCoreVoltageLevelAdvanced)
                  00002654    000000fc     rtsv7M4_T_le_v4SPD16_eabi.lib : fd_mul_t2.asm.obj (.text)
                  00002750    000000dc                                   : setvbuf.c.obj (.text:setvbuf)
                  0000282c    000000d8                                   : memory.c.obj (.text:free)
                  00002904    000000bc     LED_driver.obj (.text)
                  000029c0    000000b1     rtsv7M4_T_le_v4SPD16_eabi.lib : _printfi.c.obj (.text:_ltostr)
                  00002a71    00000001     --HOLE-- [fill = 0]
                  00002a72    0000009c                                   : memcpy_t2.asm.obj (.text)
                  00002b0e    00000096                                   : ull_div_t2.asm.obj (.text)
                  00002ba4    0000008c                                   : fputc.c.obj (.text:fputc)
                  00002c30    00000086                                   : fd_cmp_t2.asm.obj (.text:__aeabi_cdcmple)
                  00002cb6    00000086                                   : fd_cmp_t2.asm.obj (.text:__aeabi_cdrcmple)
                  00002d3c    00000084     msp432p4xx_driverlib.lib : gpio.o (.text:GPIO_getEnabledInterruptStatus)
                  00002dc0    00000084     main.obj (.text)
                  00002e44    0000007a     rtsv7M4_T_le_v4SPD16_eabi.lib : memset_t2.asm.obj (.text)
                  00002ebe    00000002     --HOLE-- [fill = 0]
                  00002ec0    00000078                                   : memory.c.obj (.text:malloc)
                  00002f38    00000074                                   : fclose.c.obj (.text:__TI_closefile)
                  00002fac    0000006e                                   : _printfi.c.obj (.text:_mcpy)
                  0000301a    00000002     --HOLE-- [fill = 0]
                  0000301c    00000068                                   : hostlseek.c.obj (.text:HOSTlseek)
                  00003084    00000068                                   : hostrename.c.obj (.text:HOSTrename)
                  000030ec    00000068                                   : copy_decompress_lzss.c.obj (.text:decompress:lzss:__TI_decompress_lzss)
                  00003154    00000068                                   : printf.c.obj (.text:printf)
                  000031bc    00000064                                   : s_frexp.c.obj (.text:frexp)
                  00003220    00000064                                   : fseek.c.obj (.text:fseek)
                  00003284    00000062                                   : _io_perm.c.obj (.text:__TI_wrt_ok)
                  000032e6    00000002     --HOLE-- [fill = 0]
                  000032e8    00000060                                   : hostopen.c.obj (.text:HOSTopen)
                  00003348    0000005e     msp432p4xx_driverlib.lib : pcm.o (.text:PCM_getCoreVoltageLevel)
                  000033a6    00000002     --HOLE-- [fill = 0]
                  000033a8    0000005c     rtsv7M4_T_le_v4SPD16_eabi.lib : close.c.obj (.text:close)
                  00003404    0000005a     msp432p4xx_driverlib.lib : pcm.o (.text:PCM_getPowerMode)
                  0000345e    00000002     --HOLE-- [fill = 0]
                  00003460    00000058     rtsv7M4_T_le_v4SPD16_eabi.lib : hostread.c.obj (.text:HOSTread)
                  000034b8    00000058                                   : hostwrite.c.obj (.text:HOSTwrite)
                  00003510    00000056                                   : _printfi.c.obj (.text:_pconv_f)
                  00003566    00000054                                   : ltoa.c.obj (.text:ltoa)
                  000035ba    00000052                                   : _printfi.c.obj (.text:_ecpy)
                  0000360c    0000004c                                   : fflush.c.obj (.text:__TI_doflush)
                  00003658    0000004c                                   : atoi.c.obj (.text:atoi)
                  000036a4    00000048     msp432p4xx_driverlib.lib : flash.o (.text:FlashCtl_setWaitState)
                  000036ec    00000048     rtsv7M4_T_le_v4SPD16_eabi.lib : exit.c.obj (.text:exit)
                  00003734    00000048                                   : fd_toi_t2.asm.obj (.text)
                  0000377c    00000044                                   : hostclose.c.obj (.text:HOSTclose)
                  000037c0    00000044                                   : hostunlink.c.obj (.text:HOSTunlink)
                  00003804    00000044                                   : autoinit.c.obj (.text:__TI_auto_init_nobinit_nopinit:__TI_auto_init_nobinit_nopinit)
                  00003848    00000044                                   : getdevice.c.obj (.text:getdevice)
                  0000388c    0000003e                                   : _printfi.c.obj (.text:_fcpy)
                  000038ca    00000002     --HOLE-- [fill = 0]
                  000038cc    0000003c                                   : memory.c.obj (.text:minsert)
                  00003908    00000038                                   : trgmsg.c.obj (.text:__TI_writemsg)
                  00003940    00000038                                   : boot_cortex_m.c.obj (.text:_c_int00_noargs:_c_int00_noargs)
                  00003978    00000038                                   : memory.c.obj (.text:minit)
                  000039b0    00000036                                   : strncpy.c.obj (.text:strncpy)
                  000039e6    00000002     --HOLE-- [fill = 0]
                  000039e8    00000034     msp432p4xx_driverlib.lib : cs.o (.text:CS_setDCOCenteredFrequency)
                  00003a1c    00000034     rtsv7M4_T_le_v4SPD16_eabi.lib : fopen.c.obj (.text:__TI_cleanup)
                  00003a50    00000034                                   : trgmsg.c.obj (.text:__TI_readmsg)
                  00003a84    00000030     msp432p4xx_driverlib.lib : gpio.o (.text:GPIO_getInputPinValue)
                  00003ab4    00000030     rtsv7M4_T_le_v4SPD16_eabi.lib : getdevice.c.obj (.text:finddevice)
                  00003ae4    0000002e                                   : i_tofd_t2.asm.obj (.text)
                  00003b12    00000002     --HOLE-- [fill = 0]
                  00003b14    0000002c                                   : unlink.c.obj (.text:unlink)
                  00003b40    00000028     msp432p4xx_driverlib.lib : gpio.o (.text:GPIO_setOutputHighOnPin)
                  00003b68    00000028                              : gpio.o (.text:GPIO_setOutputLowOnPin)
                  00003b90    00000028                              : gpio.o (.text:GPIO_toggleOutputOnPin)
                  00003bb8    00000028     rtsv7M4_T_le_v4SPD16_eabi.lib : lseek.c.obj (.text:lseek)
                  00003be0    00000028                                   : memory.c.obj (.text:mremove)
                  00003c08    00000028                                   : write.c.obj (.text:write)
                  00003c30    00000024     msp432p4xx_driverlib.lib : gpio.o (.text:GPIO_getInterruptStatus)
                  00003c54    00000022     CS_Driver.obj (.text)
                  00003c76    00000020     rtsv7M4_T_le_v4SPD16_eabi.lib : memchr.c.obj (.text:memchr)
                  00003c96    0000001c                                   : memccpy.c.obj (.text:memccpy)
                  00003cb2    00000018                                   : strcmp.c.obj (.text:strcmp)
                  00003cca    00000016                                   : strchr.c.obj (.text:strchr)
                  00003ce0    00000014     msp432p4xx_driverlib.lib : pcm.o (.text:PCM_getPowerState)
                  00003cf4    00000014     rtsv7M4_T_le_v4SPD16_eabi.lib : s_copysign.c.obj (.text:copysign)
                  00003d08    00000014                                   : strcpy.c.obj (.text:strcpy)
                  00003d1c    00000014                                   : strlen.c.obj (.text:strlen)
                  00003d30    00000012                                   : wcslen.c.obj (.text:wcslen)
                  00003d42    00000010     msp432p4xx_driverlib.lib : pcm.o (.text:PCM_setCoreVoltageLevel)
                  00003d52    00000010                              : pcm.o (.text:PCM_setPowerMode)
                  00003d62    0000000e     rtsv7M4_T_le_v4SPD16_eabi.lib : copy_decompress_none.c.obj (.text:decompress:none:__TI_decompress_none)
                  00003d70    0000000e     startup_msp432p401r_ccs.obj (.text)
                  00003d7e    00000002     --HOLE-- [fill = 0]
                  00003d80    0000000c     msp432p4xx_driverlib.lib : systick.o (.text:SysTick_getValue)
                  00003d8c    0000000c     rtsv7M4_T_le_v4SPD16_eabi.lib : copy_zero_init.c.obj (.text:decompress:ZI:__TI_zero_init)
                  00003d98    00000008                                   : errno.c.obj (.text:__aeabi_errno_addr)
                  00003da0    00000004                                   : printf.c.obj (.text:_outc)
                  00003da4    00000004                                   : printf.c.obj (.text:_outs)
                  00003da8    00000004                                   : pre_init.c.obj (.text:_system_pre_init)
                  00003dac    00000004                                   : exit.c.obj (.text:abort:abort)

.const     0    00003db0    00000134     
                  00003db0    00000101     rtsv7M4_T_le_v4SPD16_eabi.lib : ctype.c.obj (.const:.string:_ctypes_)
                  00003eb1    00000003     --HOLE-- [fill = 0]
                  00003eb4    00000030     msp432p4xx_driverlib.lib : gpio.o (.const:GPIO_PORT_TO_BASE)

.cinit     0    00003ee8    000000f0     
                  00003ee8    000000c8     (.cinit..data.load) [load image, compression = lzss]
                  00003fb0    0000000c     (__TI_handler_table)
                  00003fbc    00000004     --HOLE-- [fill = 0]
                  00003fc0    00000008     (.cinit..bss.load) [load image, compression = zero_init]
                  00003fc8    00000010     (__TI_cinit_table)

.init_array 
*          0    00000000    00000000     UNINITIALIZED

.binit     0    00000000    00000000     

.bss       0    20000000    000012c5     UNINITIALIZED
                  20000000    00000800     (.common:UARTA0Data)
                  20000800    00000800     (.common:UARTA2Data)
                  20001000    00000120     rtsv7M4_T_le_v4SPD16_eabi.lib : trgmsg.c.obj (.bss:_CIOBUF_)
                  20001120    000000a0     (.common:__TI_tmpnams)
                  200011c0    00000080     (.common:password)
                  20001240    00000064     (.common:keys_pressed)
                  200012a4    00000008     (.common:parmbuf)
                  200012ac    00000004     (.common:UARTA0ReadIndex)
                  200012b0    00000004     (.common:UARTA0WriteIndex)
                  200012b4    00000004     (.common:UARTA2ReadIndex)
                  200012b8    00000004     (.common:UARTA2WriteIndex)
                  200012bc    00000004     (.common:button_count)
                  200012c0    00000004     (.common:lock_count)
                  200012c4    00000001     (.common:state)

.sysmem    0    200012c8    00000400     UNINITIALIZED
                  200012c8    00000008     rtsv7M4_T_le_v4SPD16_eabi.lib : memory.c.obj (.sysmem)
                  200012d0    000003f8     --HOLE--

.data      0    200016c8    0000028c     UNINITIALIZED
                  200016c8    000000f0     rtsv7M4_T_le_v4SPD16_eabi.lib : defs.c.obj (.data:_ftable)
                  200017b8    00000078                                   : write.c.obj (.data:_device)
                  20001830    00000050                                   : write.c.obj (.data:_stream)
                  20001880    00000040     KEYPAD_driver.obj (.data:ButtonKeys)
                  200018c0    00000024     main.obj (.data:UART2Config)
                  200018e4    00000010     KEYPAD_driver.obj (.data:Buttons)
                  200018f4    00000010     KEYPAD_driver.obj (.data)
                  20001904    00000010     TIMER_handle.obj (.data)
                  20001914    00000010     rtsv7M4_T_le_v4SPD16_eabi.lib : defs.c.obj (.data)
                  20001924    0000000c                                   : exit.c.obj (.data:$O1$$)
                  20001930    0000000c                                   : memory.c.obj (.data:$O1$$)
                  2000193c    00000008                                   : _lock.c.obj (.data:$O1$$)
                  20001944    00000004     Lock_handler.obj (.data:entered)
                  20001948    00000004     Lock_handler.obj (.data:pwd)
                  2000194c    00000004     rtsv7M4_T_le_v4SPD16_eabi.lib : errno.c.obj (.data)
                  20001950    00000004     system_msp432p401r.obj (.data)

.stack     0    2000fe00    00000200     UNINITIALIZED
                  2000fe00    00000004     rtsv7M4_T_le_v4SPD16_eabi.lib : boot_cortex_m.c.obj (.stack)
                  2000fe04    000001fc     --HOLE--

MODULE SUMMARY

       Module                        code    ro data   rw data
       ------                        ----    -------   -------
    .\
       system_msp432p401r.obj        820     0         8      
       main.obj                      132     0         346    
       startup_msp432p401r_ccs.obj   14      228       0      
    +--+-----------------------------+-------+---------+---------+
       Total:                        966     228       354    
                                                              
    .\Devices\
       KEYPAD_driver.obj             800     0         392    
       Lock_handler.obj              504     0         16     
    +--+-----------------------------+-------+---------+---------+
       Total:                        1304    0         408    
                                                              
    .\Hardware\
       UART_Driver.obj               880     0         8224   
       TIMER_handle.obj              316     0         32     
       LED_driver.obj                188     0         0      
       CS_Driver.obj                 34      0         0      
    +--+-----------------------------+-------+---------+---------+
       Total:                        1418    0         8256   
                                                              
    C:/ti/simplelink_msp432p4_sdk_2_40_00_10/source/ti/devices/msp432p4xx/driverlib/ccs/msp432p4xx_driverlib.lib
       pcm.o                         848     0         0      
       gpio.o                        336     48        0      
       flash.o                       72      0         0      
       cs.o                          52      0         0      
       systick.o                     12      0         0      
    +--+-----------------------------+-------+---------+---------+
       Total:                        1320    48        0      
                                                              
    C:\ti\ccsv8\tools\compiler\ti-cgt-arm_18.1.5.LTS\lib\rtsv7M4_T_le_v4SPD16_eabi.lib
       _printfi.c.obj                4867    0         0      
       defs.c.obj                    0       0         832    
       trgmsg.c.obj                  108     0         576    
       memory.c.obj                  492     0         24     
       write.c.obj                   40      0         400    
       fd_add_t2.asm.obj             438     0         0      
       fd_div_t2.asm.obj             310     0         0      
       fputs.c.obj                   276     0         0      
       s_scalbn.c.obj                272     0         0      
       fd_cmp_t2.asm.obj             268     0         0      
       ctype.c.obj                   0       257       0      
       fd_mul_t2.asm.obj             252     0         0      
       setvbuf.c.obj                 220     0         0      
       memcpy_t2.asm.obj             156     0         0      
       ull_div_t2.asm.obj            150     0         0      
       fputc.c.obj                   140     0         0      
       memset_t2.asm.obj             122     0         0      
       fclose.c.obj                  116     0         0      
       getdevice.c.obj               116     0         0      
       hostopen.c.obj                96      0         16     
       printf.c.obj                  112     0         0      
       copy_decompress_lzss.c.obj    104     0         0      
       hostlseek.c.obj               104     0         0      
       hostrename.c.obj              104     0         0      
       exit.c.obj                    76      0         24     
       fseek.c.obj                   100     0         0      
       s_frexp.c.obj                 100     0         0      
       _io_perm.c.obj                98      0         0      
       close.c.obj                   92      0         0      
       hostread.c.obj                88      0         0      
       hostwrite.c.obj               88      0         0      
       ltoa.c.obj                    84      0         0      
       atoi.c.obj                    76      0         0      
       fflush.c.obj                  76      0         0      
       fd_toi_t2.asm.obj             72      0         0      
       autoinit.c.obj                68      0         0      
       hostclose.c.obj               68      0         0      
       hostunlink.c.obj              68      0         0      
       boot_cortex_m.c.obj           56      0         0      
       strncpy.c.obj                 54      0         0      
       fopen.c.obj                   52      0         0      
       i_tofd_t2.asm.obj             46      0         0      
       unlink.c.obj                  44      0         0      
       lseek.c.obj                   40      0         0      
       memchr.c.obj                  32      0         0      
       memccpy.c.obj                 28      0         0      
       strcmp.c.obj                  24      0         0      
       strchr.c.obj                  22      0         0      
       s_copysign.c.obj              20      0         0      
       strcpy.c.obj                  20      0         0      
       strlen.c.obj                  20      0         0      
       _lock.c.obj                   2       0         16     
       wcslen.c.obj                  18      0         0      
       errno.c.obj                   8       0         8      
       copy_decompress_none.c.obj    14      0         0      
       copy_zero_init.c.obj          12      0         0      
       pre_init.c.obj                4       0         0      
       div0.asm.obj                  2       0         0      
    +--+-----------------------------+-------+---------+---------+
       Total:                        10535   257       1896   
                                                              
       Heap:                         0       0         2048   
       Stack:                        0       0         1024   
       Linker Generated:             0       236       0      
    +--+-----------------------------+-------+---------+---------+
       Grand Total:                  15543   769       13986  


LINKER GENERATED COPY TABLES

__TI_cinit_table @ 00003fc8 records: 2, size/record: 8, table size: 16
	.data: load addr=00003ee8, load size=000000c8 bytes, run addr=200016c8, run size=0000028c bytes, compression=lzss
	.bss: load addr=00003fc0, load size=00000008 bytes, run addr=20000000, run size=000012c5 bytes, compression=zero_init


LINKER GENERATED HANDLER TABLE

__TI_handler_table @ 00003fb0 records: 3, size/record: 4, table size: 12
	index: 0, handler: __TI_decompress_lzss
	index: 1, handler: __TI_decompress_none
	index: 2, handler: __TI_zero_init


GLOBAL SYMBOLS: SORTED ALPHABETICALLY BY Name 

address   name                           
-------   ----                           
00003d7d  ADC14_IRQHandler               
00003d7d  AES256_IRQHandler              
00003d7d  BusFault_Handler               
20001880  ButtonKeys                     
200018e4  Buttons                        
00003dad  C$$EXIT                        
00003937  C$$IO$$                        
00003d7d  COMP_E0_IRQHandler             
00003d7d  COMP_E1_IRQHandler             
00003d7d  CS_IRQHandler                  
00003c55  CS_Init                        
000039e9  CS_setDCOCenteredFrequency     
00003d7d  DMA_ERR_IRQHandler             
00003d7d  DMA_INT0_IRQHandler            
00003d7d  DMA_INT1_IRQHandler            
00003d7d  DMA_INT2_IRQHandler            
00003d7d  DMA_INT3_IRQHandler            
00003d7d  DebugMon_Handler               
00003d7d  Default_Handler                
00000d99  EUSCIA0_IRQHandler             
00000d99  EUSCIA0_IRQHandler             
00003d7d  EUSCIA1_IRQHandler             
00000e1d  EUSCIA2_IRQHandler             
00000e1d  EUSCIA2_IRQHandler             
00003d7d  EUSCIA3_IRQHandler             
00003d7d  EUSCIB0_IRQHandler             
00003d7d  EUSCIB1_IRQHandler             
00003d7d  EUSCIB2_IRQHandler             
00003d7d  EUSCIB3_IRQHandler             
00003d7d  FLCTL_IRQHandler               
00003d7d  FPU_IRQHandler                 
000036a5  FlashCtl_setWaitState          
00002d3d  GPIO_getEnabledInterruptStatus 
00003a85  GPIO_getInputPinValue          
00003c31  GPIO_getInterruptStatus        
00003b41  GPIO_setOutputHighOnPin        
00003b69  GPIO_setOutputLowOnPin         
00001435  GPIO_status                    
00003b91  GPIO_toggleOutputOnPin         
0000377d  HOSTclose                      
0000301d  HOSTlseek                      
000032e9  HOSTopen                       
00003461  HOSTread                       
00003085  HOSTrename                     
000037c1  HOSTunlink                     
000034b9  HOSTwrite                      
00003d7d  HardFault_Handler              
000011e9  Keypad_Init                    
00003d7d  MemManage_Handler              
00003d7d  NMI_Handler                    
00003d7d  PCM_IRQHandler                 
00003349  PCM_getCoreVoltageLevel        
00003405  PCM_getPowerMode               
00003ce1  PCM_getPowerState              
00003d43  PCM_setCoreVoltageLevel        
00003d53  PCM_setPowerMode               
00003d7d  PORT1_IRQHandler               
00003d7d  PORT2_IRQHandler               
00003d7d  PORT3_IRQHandler               
00003d7d  PORT4_IRQHandler               
00003d7d  PORT5_IRQHandler               
000012bf  PORT6_IRQHandler               
000012bf  PORT6_IRQHandler               
00003d7d  PSS_IRQHandler                 
00003d7d  PendSV_Handler                 
00003d7d  RTC_C_IRQHandler               
00003d71  Reset_Handler                  
00003d7d  SVC_Handler                    
00001ecd  SysTick_Handler                
00001ecd  SysTick_Handler                
00003d81  SysTick_getValue               
20001950  SystemCoreClock                
00000eb5  SystemCoreClockUpdate          
0000112d  SystemInit                     
00003d7d  T32_INT1_IRQHandler            
00003d7d  T32_INT2_IRQHandler            
00003d7d  T32_INTC_IRQHandler            
00003d7d  TA0_0_IRQHandler               
00003d7d  TA0_N_IRQHandler               
00003d7d  TA1_0_IRQHandler               
00003d7d  TA1_N_IRQHandler               
00003d7d  TA2_0_IRQHandler               
00003d7d  TA2_N_IRQHandler               
00003d7d  TA3_0_IRQHandler               
00003d7d  TA3_N_IRQHandler               
00001e55  Timer_Init                     
200018c0  UART2Config                    
20000000  UARTA0Data                     
200012ac  UARTA0ReadIndex                
200012b0  UARTA0WriteIndex               
20000800  UARTA2Data                     
200012b4  UARTA2ReadIndex                
200012b8  UARTA2WriteIndex               
00000d2d  UART_Available                 
00000d65  UART_Flush                     
00000b45  UART_Init                      
00000c35  UART_Read                      
00000bf9  UART_Write                     
00003d7d  UsageFault_Handler             
4000480c  WDTCTL_SYM                     
00003d7d  WDT_A_IRQHandler               
20001000  __CIOBUF_                      
20010000  __STACK_END                    
00000200  __STACK_SIZE                   
00000400  __SYSMEM_SIZE                  
00003fc8  __TI_CINIT_Base                
00003fd8  __TI_CINIT_Limit               
00003fb0  __TI_Handler_Table_Base        
00003fbc  __TI_Handler_Table_Limit       
00003805  __TI_auto_init_nobinit_nopinit 
00003a1d  __TI_cleanup                   
20001924  __TI_cleanup_ptr               
00002f39  __TI_closefile                 
000030ed  __TI_decompress_lzss           
00003d63  __TI_decompress_none           
0000360d  __TI_doflush                   
20001928  __TI_dtors_ptr                 
2000192c  __TI_enable_exit_profile_output
20001914  __TI_ft_end                    
ffffffff  __TI_pprof_out_hndl            
000000e5  __TI_printfi                   
ffffffff  __TI_prof_data_size            
ffffffff  __TI_prof_data_start           
00003a51  __TI_readmsg                   
00000000  __TI_static_base__             
20001120  __TI_tmpnams                   
00003909  __TI_writemsg                  
00003285  __TI_wrt_ok                    
00003d8d  __TI_zero_init                 
00002c31  __aeabi_cdcmpeq                
00002c31  __aeabi_cdcmple                
00002cb7  __aeabi_cdrcmple               
00003735  __aeabi_d2iz                   
00001b4b  __aeabi_dadd                   
000020cd  __aeabi_ddiv                   
00002655  __aeabi_dmul                   
00001b41  __aeabi_dsub                   
00003d99  __aeabi_errno_addr             
00003ae5  __aeabi_i2d                    
00001cf7  __aeabi_idiv0                  
00001cf7  __aeabi_ldiv0                  
00002e45  __aeabi_memclr                 
00002e45  __aeabi_memclr4                
00002e45  __aeabi_memclr8                
00002a73  __aeabi_memcpy                 
00002a73  __aeabi_memcpy4                
00002a73  __aeabi_memcpy8                
00002e47  __aeabi_memset                 
00002e47  __aeabi_memset4                
00002e47  __aeabi_memset8                
20001920  __aeabi_stderr                 
20001918  __aeabi_stdin                  
2000191c  __aeabi_stdout                 
00002b0f  __aeabi_uldivmod               
ffffffff  __binit__                      
ffffffff  __c_args__                     
UNDEFED   __mpu_init                     
2000fe00  __stack                        
00003941  _c_int00_noargs                
00003db0  _ctypes_                       
200017b8  _device                        
200016c8  _ftable                        
2000193c  _lock                          
00000b43  _nop                           
20001830  _stream                        
200012c8  _sys_memory                    
UNDEFED   _system_post_cinit             
00003da9  _system_pre_init               
20001940  _unlock                        
00003dad  abort                          
00003659  atoi                           
ffffffff  binit                          
200012bc  button_count                   
000018ab  clearLock                      
000033a9  close                          
00003cf5  copysign                       
00003cf5  copysignl                      
2000194c  errno                          
000036ed  exit                           
00003ab5  finddevice                     
00002ba5  fputc                          
00002329  fputs                          
0000282d  free                           
000031bd  frexp                          
000031bd  frexpl                         
00003221  fseek                          
0000193d  getLockCount                   
0000186b  getLockState                   
00001ec7  get_kp_count                   
00001e9b  get_locking                    
00001eb1  get_unlocking                  
00003849  getdevice                      
00002999  green_off                      
0000298d  green_on                       
00000000  interruptVectors               
20001240  keys_pressed                   
200018fc  last_time_pressed              
0000243d  ldexp                          
0000243d  ldexpl                         
00002905  leds_init                      
0000190d  lockIsBusy                     
00001795  lock_button_pressed            
200012c0  lock_count                     
00001779  lock_init                      
00003bb9  lseek                          
00003567  ltoa                           
00002dc1  main                           
00002ec1  malloc                         
00003c97  memccpy                        
00003c77  memchr                         
00002a73  memcpy                         
00002e4d  memset                         
00003979  minit                          
200012a4  parmbuf                        
200011c0  password                       
000018d9  passwords_match                
200018f4  period                         
00001885  printPassword                  
00003155  printf                         
00002ba5  putc                           
00002975  red_off                        
00002969  red_on                         
00003b15  remove                         
0000243d  scalbn                         
0000243d  scalbnl                        
0000192d  setLockCount                   
00001871  setLockState                   
00001eb7  set_kp_count                   
00001e8b  set_locking                    
00001e7b  set_overflow_count             
00001ea1  set_unlocking                  
00002751  setvbuf                        
200012c4  state                          
00003ccb  strchr                         
00003cb3  strcmp                         
00003d09  strcpy                         
00003d1d  strlen                         
000039b1  strncpy                        
200018f8  threshold                      
000029a5  toggle_green                   
00002981  toggle_red                     
0000295d  toggle_yellow                  
00003b15  unlink                         
20001900  verifying                      
00003d31  wcslen                         
00003c09  write                          
00002951  yellow_off                     
00002945  yellow_on                      


GLOBAL SYMBOLS: SORTED BY Symbol Address 

address   name                           
-------   ----                           
00000000  __TI_static_base__             
00000000  interruptVectors               
000000e5  __TI_printfi                   
00000200  __STACK_SIZE                   
00000400  __SYSMEM_SIZE                  
00000b43  _nop                           
00000b45  UART_Init                      
00000bf9  UART_Write                     
00000c35  UART_Read                      
00000d2d  UART_Available                 
00000d65  UART_Flush                     
00000d99  EUSCIA0_IRQHandler             
00000d99  EUSCIA0_IRQHandler             
00000e1d  EUSCIA2_IRQHandler             
00000e1d  EUSCIA2_IRQHandler             
00000eb5  SystemCoreClockUpdate          
0000112d  SystemInit                     
000011e9  Keypad_Init                    
000012bf  PORT6_IRQHandler               
000012bf  PORT6_IRQHandler               
00001435  GPIO_status                    
00001779  lock_init                      
00001795  lock_button_pressed            
0000186b  getLockState                   
00001871  setLockState                   
00001885  printPassword                  
000018ab  clearLock                      
000018d9  passwords_match                
0000190d  lockIsBusy                     
0000192d  setLockCount                   
0000193d  getLockCount                   
00001b41  __aeabi_dsub                   
00001b4b  __aeabi_dadd                   
00001cf7  __aeabi_idiv0                  
00001cf7  __aeabi_ldiv0                  
00001e55  Timer_Init                     
00001e7b  set_overflow_count             
00001e8b  set_locking                    
00001e9b  get_locking                    
00001ea1  set_unlocking                  
00001eb1  get_unlocking                  
00001eb7  set_kp_count                   
00001ec7  get_kp_count                   
00001ecd  SysTick_Handler                
00001ecd  SysTick_Handler                
000020cd  __aeabi_ddiv                   
00002329  fputs                          
0000243d  ldexp                          
0000243d  ldexpl                         
0000243d  scalbn                         
0000243d  scalbnl                        
00002655  __aeabi_dmul                   
00002751  setvbuf                        
0000282d  free                           
00002905  leds_init                      
00002945  yellow_on                      
00002951  yellow_off                     
0000295d  toggle_yellow                  
00002969  red_on                         
00002975  red_off                        
00002981  toggle_red                     
0000298d  green_on                       
00002999  green_off                      
000029a5  toggle_green                   
00002a73  __aeabi_memcpy                 
00002a73  __aeabi_memcpy4                
00002a73  __aeabi_memcpy8                
00002a73  memcpy                         
00002b0f  __aeabi_uldivmod               
00002ba5  fputc                          
00002ba5  putc                           
00002c31  __aeabi_cdcmpeq                
00002c31  __aeabi_cdcmple                
00002cb7  __aeabi_cdrcmple               
00002d3d  GPIO_getEnabledInterruptStatus 
00002dc1  main                           
00002e45  __aeabi_memclr                 
00002e45  __aeabi_memclr4                
00002e45  __aeabi_memclr8                
00002e47  __aeabi_memset                 
00002e47  __aeabi_memset4                
00002e47  __aeabi_memset8                
00002e4d  memset                         
00002ec1  malloc                         
00002f39  __TI_closefile                 
0000301d  HOSTlseek                      
00003085  HOSTrename                     
000030ed  __TI_decompress_lzss           
00003155  printf                         
000031bd  frexp                          
000031bd  frexpl                         
00003221  fseek                          
00003285  __TI_wrt_ok                    
000032e9  HOSTopen                       
00003349  PCM_getCoreVoltageLevel        
000033a9  close                          
00003405  PCM_getPowerMode               
00003461  HOSTread                       
000034b9  HOSTwrite                      
00003567  ltoa                           
0000360d  __TI_doflush                   
00003659  atoi                           
000036a5  FlashCtl_setWaitState          
000036ed  exit                           
00003735  __aeabi_d2iz                   
0000377d  HOSTclose                      
000037c1  HOSTunlink                     
00003805  __TI_auto_init_nobinit_nopinit 
00003849  getdevice                      
00003909  __TI_writemsg                  
00003937  C$$IO$$                        
00003941  _c_int00_noargs                
00003979  minit                          
000039b1  strncpy                        
000039e9  CS_setDCOCenteredFrequency     
00003a1d  __TI_cleanup                   
00003a51  __TI_readmsg                   
00003a85  GPIO_getInputPinValue          
00003ab5  finddevice                     
00003ae5  __aeabi_i2d                    
00003b15  remove                         
00003b15  unlink                         
00003b41  GPIO_setOutputHighOnPin        
00003b69  GPIO_setOutputLowOnPin         
00003b91  GPIO_toggleOutputOnPin         
00003bb9  lseek                          
00003c09  write                          
00003c31  GPIO_getInterruptStatus        
00003c55  CS_Init                        
00003c77  memchr                         
00003c97  memccpy                        
00003cb3  strcmp                         
00003ccb  strchr                         
00003ce1  PCM_getPowerState              
00003cf5  copysign                       
00003cf5  copysignl                      
00003d09  strcpy                         
00003d1d  strlen                         
00003d31  wcslen                         
00003d43  PCM_setCoreVoltageLevel        
00003d53  PCM_setPowerMode               
00003d63  __TI_decompress_none           
00003d71  Reset_Handler                  
00003d7d  ADC14_IRQHandler               
00003d7d  AES256_IRQHandler              
00003d7d  BusFault_Handler               
00003d7d  COMP_E0_IRQHandler             
00003d7d  COMP_E1_IRQHandler             
00003d7d  CS_IRQHandler                  
00003d7d  DMA_ERR_IRQHandler             
00003d7d  DMA_INT0_IRQHandler            
00003d7d  DMA_INT1_IRQHandler            
00003d7d  DMA_INT2_IRQHandler            
00003d7d  DMA_INT3_IRQHandler            
00003d7d  DebugMon_Handler               
00003d7d  Default_Handler                
00003d7d  EUSCIA1_IRQHandler             
00003d7d  EUSCIA3_IRQHandler             
00003d7d  EUSCIB0_IRQHandler             
00003d7d  EUSCIB1_IRQHandler             
00003d7d  EUSCIB2_IRQHandler             
00003d7d  EUSCIB3_IRQHandler             
00003d7d  FLCTL_IRQHandler               
00003d7d  FPU_IRQHandler                 
00003d7d  HardFault_Handler              
00003d7d  MemManage_Handler              
00003d7d  NMI_Handler                    
00003d7d  PCM_IRQHandler                 
00003d7d  PORT1_IRQHandler               
00003d7d  PORT2_IRQHandler               
00003d7d  PORT3_IRQHandler               
00003d7d  PORT4_IRQHandler               
00003d7d  PORT5_IRQHandler               
00003d7d  PSS_IRQHandler                 
00003d7d  PendSV_Handler                 
00003d7d  RTC_C_IRQHandler               
00003d7d  SVC_Handler                    
00003d7d  T32_INT1_IRQHandler            
00003d7d  T32_INT2_IRQHandler            
00003d7d  T32_INTC_IRQHandler            
00003d7d  TA0_0_IRQHandler               
00003d7d  TA0_N_IRQHandler               
00003d7d  TA1_0_IRQHandler               
00003d7d  TA1_N_IRQHandler               
00003d7d  TA2_0_IRQHandler               
00003d7d  TA2_N_IRQHandler               
00003d7d  TA3_0_IRQHandler               
00003d7d  TA3_N_IRQHandler               
00003d7d  UsageFault_Handler             
00003d7d  WDT_A_IRQHandler               
00003d81  SysTick_getValue               
00003d8d  __TI_zero_init                 
00003d99  __aeabi_errno_addr             
00003da9  _system_pre_init               
00003dad  C$$EXIT                        
00003dad  abort                          
00003db0  _ctypes_                       
00003fb0  __TI_Handler_Table_Base        
00003fbc  __TI_Handler_Table_Limit       
00003fc8  __TI_CINIT_Base                
00003fd8  __TI_CINIT_Limit               
20000000  UARTA0Data                     
20000800  UARTA2Data                     
20001000  __CIOBUF_                      
20001120  __TI_tmpnams                   
200011c0  password                       
20001240  keys_pressed                   
200012a4  parmbuf                        
200012ac  UARTA0ReadIndex                
200012b0  UARTA0WriteIndex               
200012b4  UARTA2ReadIndex                
200012b8  UARTA2WriteIndex               
200012bc  button_count                   
200012c0  lock_count                     
200012c4  state                          
200012c8  _sys_memory                    
200016c8  _ftable                        
200017b8  _device                        
20001830  _stream                        
20001880  ButtonKeys                     
200018c0  UART2Config                    
200018e4  Buttons                        
200018f4  period                         
200018f8  threshold                      
200018fc  last_time_pressed              
20001900  verifying                      
20001914  __TI_ft_end                    
20001918  __aeabi_stdin                  
2000191c  __aeabi_stdout                 
20001920  __aeabi_stderr                 
20001924  __TI_cleanup_ptr               
20001928  __TI_dtors_ptr                 
2000192c  __TI_enable_exit_profile_output
2000193c  _lock                          
20001940  _unlock                        
2000194c  errno                          
20001950  SystemCoreClock                
2000fe00  __stack                        
20010000  __STACK_END                    
4000480c  WDTCTL_SYM                     
ffffffff  __TI_pprof_out_hndl            
ffffffff  __TI_prof_data_size            
ffffffff  __TI_prof_data_start           
ffffffff  __binit__                      
ffffffff  __c_args__                     
ffffffff  binit                          
UNDEFED   __mpu_init                     
UNDEFED   _system_post_cinit             

[248 symbols]
