******************************************************************************
                  TI ARM Linker PC v18.1.5                     
******************************************************************************
>> Linked Sun Apr 14 20:08:06 2019

OUTPUT FILE NAME:   <dawgSystem.out>
ENTRY POINT SYMBOL: "_c_int00_noargs"  address: 00003ab1


MEMORY CONFIGURATION

         name            origin    length      used     unused   attr    fill
----------------------  --------  ---------  --------  --------  ----  --------
  MAIN                  00000000   00040000  00004159  0003bea7  R  X
  INFO                  00200000   00004000  00000000  00004000  R  X
  SRAM_CODE             01000000   00010000  00001b1d  0000e4e3  RW X
  SRAM_DATA             20000000   00010000  00001b1d  0000e4e3  RW  


SEGMENT ALLOCATION MAP

run origin  load origin   length   init length attrs members
----------  ----------- ---------- ----------- ----- -------
00000000    00000000    00004160   00004160    r-x
  00000000    00000000    000000e4   000000e4    r-- .intvecs
  000000e4    000000e4    00003e3c   00003e3c    r-x .text
  00003f20    00003f20    00000139   00000139    r-- .const
  00004060    00004060    00000100   00000100    r-- .cinit
20000000    20000000    00001924   00000000    rw-
  20000000    20000000    00001279   00000000    rw- .bss
  20001280    20001280    00000400   00000000    rw- .sysmem
  20001680    20001680    000002a4   00000000    rw- .data
2000fe00    2000fe00    00000200   00000000    rw-
  2000fe00    2000fe00    00000200   00000000    rw- .stack


SECTION ALLOCATION MAP

 output                                  attributes/
section   page    origin      length       input sections
--------  ----  ----------  ----------   ----------------
.intvecs   0    00000000    000000e4     
                  00000000    000000e4     startup_msp432p401r_ccs.obj (.intvecs:retain)

.text      0    000000e4    00003e3c     
                  000000e4    00000a5e     rtsv7M4_T_le_v4SPD16_eabi.lib : _printfi.c.obj (.text:__TI_printfi)
                  00000b42    00000002                                   : _lock.c.obj (.text:_nop)
                  00000b44    00000370     UART_Driver.obj (.text)
                  00000eb4    0000035c     KEYPAD_driver.obj (.text)
                  00001210    00000334     system_msp432p401r.obj (.text)
                  00001544    00000274     LOCK_handler.obj (.text)
                  000017b8    00000270     rtsv7M4_T_le_v4SPD16_eabi.lib : _printfi.c.obj (.text:_pconv_a)
                  00001a28    000001d0                                   : _printfi.c.obj (.text:_pconv_g)
                  00001bf8    000001b6                                   : fd_add_t2.asm.obj (.text)
                  00001dae    00000002                                   : div0.asm.obj (.text)
                  00001db0    000001b0     TIMER_handle.obj (.text)
                  00001f60    0000015c     msp432p4xx_driverlib.lib : pcm.o (.text:__PCM_setPowerModeAdvanced)
                  000020bc    0000013c     rtsv7M4_T_le_v4SPD16_eabi.lib : _printfi.c.obj (.text:_pconv_e)
                  000021f8    00000136                                   : fd_div_t2.asm.obj (.text)
                  0000232e    00000002     --HOLE-- [fill = 0]
                  00002330    00000124                                   : _printfi.c.obj (.text:fcvt)
                  00002454    00000114                                   : fputs.c.obj (.text:fputs)
                  00002568    00000110                                   : s_scalbn.c.obj (.text:scalbn)
                  00002678    00000108     msp432p4xx_driverlib.lib : pcm.o (.text:__PCM_setCoreVoltageLevelAdvanced)
                  00002780    00000100     LED_driver.obj (.text)
                  00002880    000000fc     rtsv7M4_T_le_v4SPD16_eabi.lib : fd_mul_t2.asm.obj (.text)
                  0000297c    000000dc                                   : setvbuf.c.obj (.text:setvbuf)
                  00002a58    000000d8                                   : memory.c.obj (.text:free)
                  00002b30    000000b1                                   : _printfi.c.obj (.text:_ltostr)
                  00002be1    00000001     --HOLE-- [fill = 0]
                  00002be2    0000009c                                   : memcpy_t2.asm.obj (.text)
                  00002c7e    00000096                                   : ull_div_t2.asm.obj (.text)
                  00002d14    0000008c                                   : fputc.c.obj (.text:fputc)
                  00002da0    00000086                                   : fd_cmp_t2.asm.obj (.text:__aeabi_cdcmple)
                  00002e26    00000086                                   : fd_cmp_t2.asm.obj (.text:__aeabi_cdrcmple)
                  00002eac    00000084     msp432p4xx_driverlib.lib : gpio.o (.text:GPIO_getEnabledInterruptStatus)
                  00002f30    00000084     main.obj (.text)
                  00002fb4    0000007a     rtsv7M4_T_le_v4SPD16_eabi.lib : memset_t2.asm.obj (.text)
                  0000302e    00000002     --HOLE-- [fill = 0]
                  00003030    00000078                                   : memory.c.obj (.text:malloc)
                  000030a8    00000074                                   : fclose.c.obj (.text:__TI_closefile)
                  0000311c    0000006e                                   : _printfi.c.obj (.text:_mcpy)
                  0000318a    00000002     --HOLE-- [fill = 0]
                  0000318c    00000068                                   : hostlseek.c.obj (.text:HOSTlseek)
                  000031f4    00000068                                   : hostrename.c.obj (.text:HOSTrename)
                  0000325c    00000068                                   : copy_decompress_lzss.c.obj (.text:decompress:lzss:__TI_decompress_lzss)
                  000032c4    00000068                                   : printf.c.obj (.text:printf)
                  0000332c    00000064                                   : s_frexp.c.obj (.text:frexp)
                  00003390    00000064                                   : fseek.c.obj (.text:fseek)
                  000033f4    00000062                                   : _io_perm.c.obj (.text:__TI_wrt_ok)
                  00003456    00000002     --HOLE-- [fill = 0]
                  00003458    00000060                                   : hostopen.c.obj (.text:HOSTopen)
                  000034b8    0000005e     msp432p4xx_driverlib.lib : pcm.o (.text:PCM_getCoreVoltageLevel)
                  00003516    00000002     --HOLE-- [fill = 0]
                  00003518    0000005c     rtsv7M4_T_le_v4SPD16_eabi.lib : close.c.obj (.text:close)
                  00003574    0000005a     msp432p4xx_driverlib.lib : pcm.o (.text:PCM_getPowerMode)
                  000035ce    00000002     --HOLE-- [fill = 0]
                  000035d0    00000058     rtsv7M4_T_le_v4SPD16_eabi.lib : hostread.c.obj (.text:HOSTread)
                  00003628    00000058                                   : hostwrite.c.obj (.text:HOSTwrite)
                  00003680    00000056                                   : _printfi.c.obj (.text:_pconv_f)
                  000036d6    00000054                                   : ltoa.c.obj (.text:ltoa)
                  0000372a    00000052                                   : _printfi.c.obj (.text:_ecpy)
                  0000377c    0000004c                                   : fflush.c.obj (.text:__TI_doflush)
                  000037c8    0000004c                                   : atoi.c.obj (.text:atoi)
                  00003814    00000048     msp432p4xx_driverlib.lib : flash.o (.text:FlashCtl_setWaitState)
                  0000385c    00000048     rtsv7M4_T_le_v4SPD16_eabi.lib : exit.c.obj (.text:exit)
                  000038a4    00000048                                   : fd_toi_t2.asm.obj (.text)
                  000038ec    00000044                                   : hostclose.c.obj (.text:HOSTclose)
                  00003930    00000044                                   : hostunlink.c.obj (.text:HOSTunlink)
                  00003974    00000044                                   : autoinit.c.obj (.text:__TI_auto_init_nobinit_nopinit:__TI_auto_init_nobinit_nopinit)
                  000039b8    00000044                                   : getdevice.c.obj (.text:getdevice)
                  000039fc    0000003e                                   : _printfi.c.obj (.text:_fcpy)
                  00003a3a    00000002     --HOLE-- [fill = 0]
                  00003a3c    0000003c                                   : memory.c.obj (.text:minsert)
                  00003a78    00000038                                   : trgmsg.c.obj (.text:__TI_writemsg)
                  00003ab0    00000038                                   : boot_cortex_m.c.obj (.text:_c_int00_noargs:_c_int00_noargs)
                  00003ae8    00000038                                   : memory.c.obj (.text:minit)
                  00003b20    00000036                                   : strncpy.c.obj (.text:strncpy)
                  00003b56    00000002     --HOLE-- [fill = 0]
                  00003b58    00000034     msp432p4xx_driverlib.lib : cs.o (.text:CS_setDCOCenteredFrequency)
                  00003b8c    00000034     rtsv7M4_T_le_v4SPD16_eabi.lib : fopen.c.obj (.text:__TI_cleanup)
                  00003bc0    00000034                                   : trgmsg.c.obj (.text:__TI_readmsg)
                  00003bf4    00000030     msp432p4xx_driverlib.lib : gpio.o (.text:GPIO_getInputPinValue)
                  00003c24    00000030     rtsv7M4_T_le_v4SPD16_eabi.lib : getdevice.c.obj (.text:finddevice)
                  00003c54    0000002e                                   : i_tofd_t2.asm.obj (.text)
                  00003c82    00000002     --HOLE-- [fill = 0]
                  00003c84    0000002c                                   : unlink.c.obj (.text:unlink)
                  00003cb0    00000028     msp432p4xx_driverlib.lib : gpio.o (.text:GPIO_setOutputHighOnPin)
                  00003cd8    00000028                              : gpio.o (.text:GPIO_setOutputLowOnPin)
                  00003d00    00000028                              : gpio.o (.text:GPIO_toggleOutputOnPin)
                  00003d28    00000028     rtsv7M4_T_le_v4SPD16_eabi.lib : lseek.c.obj (.text:lseek)
                  00003d50    00000028                                   : memory.c.obj (.text:mremove)
                  00003d78    00000028                                   : write.c.obj (.text:write)
                  00003da0    00000024     msp432p4xx_driverlib.lib : gpio.o (.text:GPIO_getInterruptStatus)
                  00003dc4    00000022     CS_Driver.obj (.text)
                  00003de6    00000020     rtsv7M4_T_le_v4SPD16_eabi.lib : memchr.c.obj (.text:memchr)
                  00003e06    0000001c                                   : memccpy.c.obj (.text:memccpy)
                  00003e22    00000018                                   : strcmp.c.obj (.text:strcmp)
                  00003e3a    00000016                                   : strchr.c.obj (.text:strchr)
                  00003e50    00000014     msp432p4xx_driverlib.lib : pcm.o (.text:PCM_getPowerState)
                  00003e64    00000014     rtsv7M4_T_le_v4SPD16_eabi.lib : s_copysign.c.obj (.text:copysign)
                  00003e78    00000014                                   : strcpy.c.obj (.text:strcpy)
                  00003e8c    00000014                                   : strlen.c.obj (.text:strlen)
                  00003ea0    00000012                                   : wcslen.c.obj (.text:wcslen)
                  00003eb2    00000010     msp432p4xx_driverlib.lib : pcm.o (.text:PCM_setCoreVoltageLevel)
                  00003ec2    00000010                              : pcm.o (.text:PCM_setPowerMode)
                  00003ed2    0000000e     rtsv7M4_T_le_v4SPD16_eabi.lib : copy_decompress_none.c.obj (.text:decompress:none:__TI_decompress_none)
                  00003ee0    0000000e     startup_msp432p401r_ccs.obj (.text)
                  00003eee    00000002     --HOLE-- [fill = 0]
                  00003ef0    0000000c     msp432p4xx_driverlib.lib : systick.o (.text:SysTick_getValue)
                  00003efc    0000000c     rtsv7M4_T_le_v4SPD16_eabi.lib : copy_zero_init.c.obj (.text:decompress:ZI:__TI_zero_init)
                  00003f08    00000008                                   : errno.c.obj (.text:__aeabi_errno_addr)
                  00003f10    00000004                                   : printf.c.obj (.text:_outc)
                  00003f14    00000004                                   : printf.c.obj (.text:_outs)
                  00003f18    00000004                                   : pre_init.c.obj (.text:_system_pre_init)
                  00003f1c    00000004                                   : exit.c.obj (.text:abort:abort)

.const     0    00003f20    00000139     
                  00003f20    00000101     rtsv7M4_T_le_v4SPD16_eabi.lib : ctype.c.obj (.const:.string:_ctypes_)
                  00004021    00000003     --HOLE-- [fill = 0]
                  00004024    00000030     msp432p4xx_driverlib.lib : gpio.o (.const:GPIO_PORT_TO_BASE)
                  00004054    00000005     KEYPAD_driver.obj (.const:.string:$P$T0$1)

.cinit     0    00004060    00000100     
                  00004060    000000d5     (.cinit..data.load) [load image, compression = lzss]
                  00004135    00000003     --HOLE-- [fill = 0]
                  00004138    0000000c     (__TI_handler_table)
                  00004144    00000004     --HOLE-- [fill = 0]
                  00004148    00000008     (.cinit..bss.load) [load image, compression = zero_init]
                  00004150    00000010     (__TI_cinit_table)

.init_array 
*          0    00000000    00000000     UNINITIALIZED

.binit     0    00000000    00000000     

.bss       0    20000000    00001279     UNINITIALIZED
                  20000000    00000800     (.common:UARTA0Data)
                  20000800    00000800     (.common:UARTA2Data)
                  20001000    00000120     rtsv7M4_T_le_v4SPD16_eabi.lib : trgmsg.c.obj (.bss:_CIOBUF_)
                  20001120    000000a0     (.common:__TI_tmpnams)
                  200011c0    00000080     (.common:password)
                  20001240    00000014     (.common:keys_pressed)
                  20001254    00000008     (.common:parmbuf)
                  2000125c    00000004     (.common:UARTA0ReadIndex)
                  20001260    00000004     (.common:UARTA0WriteIndex)
                  20001264    00000004     (.common:UARTA2ReadIndex)
                  20001268    00000004     (.common:UARTA2WriteIndex)
                  2000126c    00000004     (.common:button_count)
                  20001270    00000004     (.common:connected)
                  20001274    00000004     (.common:lock_count)
                  20001278    00000001     (.common:state)

.sysmem    0    20001280    00000400     UNINITIALIZED
                  20001280    00000008     rtsv7M4_T_le_v4SPD16_eabi.lib : memory.c.obj (.sysmem)
                  20001288    000003f8     --HOLE--

.data      0    20001680    000002a4     UNINITIALIZED
                  20001680    000000f0     rtsv7M4_T_le_v4SPD16_eabi.lib : defs.c.obj (.data:_ftable)
                  20001770    00000078                                   : write.c.obj (.data:_device)
                  200017e8    00000050                                   : write.c.obj (.data:_stream)
                  20001838    00000040     KEYPAD_driver.obj (.data:ButtonKeys)
                  20001878    00000024     main.obj (.data:UART2Config)
                  2000189c    00000018     LED_driver.obj (.data:LEDs)
                  200018b4    00000010     KEYPAD_driver.obj (.data:Buttons)
                  200018c4    00000010     KEYPAD_driver.obj (.data)
                  200018d4    00000010     TIMER_handle.obj (.data)
                  200018e4    00000010     rtsv7M4_T_le_v4SPD16_eabi.lib : defs.c.obj (.data)
                  200018f4    0000000c                                   : exit.c.obj (.data:$O1$$)
                  20001900    0000000c                                   : memory.c.obj (.data:$O1$$)
                  2000190c    00000008                                   : _lock.c.obj (.data:$O1$$)
                  20001914    00000004     LOCK_handler.obj (.data:entered)
                  20001918    00000004     LOCK_handler.obj (.data:pwd)
                  2000191c    00000004     rtsv7M4_T_le_v4SPD16_eabi.lib : errno.c.obj (.data)
                  20001920    00000004     system_msp432p401r.obj (.data)

.stack     0    2000fe00    00000200     UNINITIALIZED
                  2000fe00    00000004     rtsv7M4_T_le_v4SPD16_eabi.lib : boot_cortex_m.c.obj (.stack)
                  2000fe04    000001fc     --HOLE--

MODULE SUMMARY

       Module                        code    ro data   rw data
       ------                        ----    -------   -------
    .\
       system_msp432p401r.obj        820     0         8      
       main.obj                      132     0         354    
       startup_msp432p401r_ccs.obj   14      228       0      
    +--+-----------------------------+-------+---------+---------+
       Total:                        966     228       362    
                                                              
    .\Devices\
       KEYPAD_driver.obj             860     5         232    
       LOCK_handler.obj              628     0         16     
    +--+-----------------------------+-------+---------+---------+
       Total:                        1488    5         248    
                                                              
    .\Hardware\
       UART_Driver.obj               880     0         8224   
       TIMER_handle.obj              432     0         32     
       LED_driver.obj                256     0         48     
       CS_Driver.obj                 34      0         0      
    +--+-----------------------------+-------+---------+---------+
       Total:                        1602    0         8304   
                                                              
    C:/ti/simplelink_msp432p4_sdk_2_40_00_10/source/ti/devices/msp432p4xx/driverlib/ccs/msp432p4xx_driverlib.lib
       pcm.o                         848     0         0      
       gpio.o                        336     48        0      
       flash.o                       72      0         0      
       cs.o                          52      0         0      
       systick.o                     12      0         0      
    +--+-----------------------------+-------+---------+---------+
       Total:                        1320    48        0      
                                                              
    C:\ti\ccsv8\tools\compiler\ti-cgt-arm_18.1.5.LTS\lib\rtsv7M4_T_le_v4SPD16_eabi.lib
       _printfi.c.obj                4867    0         0      
       defs.c.obj                    0       0         832    
       trgmsg.c.obj                  108     0         576    
       memory.c.obj                  492     0         24     
       write.c.obj                   40      0         400    
       fd_add_t2.asm.obj             438     0         0      
       fd_div_t2.asm.obj             310     0         0      
       fputs.c.obj                   276     0         0      
       s_scalbn.c.obj                272     0         0      
       fd_cmp_t2.asm.obj             268     0         0      
       ctype.c.obj                   0       257       0      
       fd_mul_t2.asm.obj             252     0         0      
       setvbuf.c.obj                 220     0         0      
       memcpy_t2.asm.obj             156     0         0      
       ull_div_t2.asm.obj            150     0         0      
       fputc.c.obj                   140     0         0      
       memset_t2.asm.obj             122     0         0      
       fclose.c.obj                  116     0         0      
       getdevice.c.obj               116     0         0      
       hostopen.c.obj                96      0         16     
       printf.c.obj                  112     0         0      
       copy_decompress_lzss.c.obj    104     0         0      
       hostlseek.c.obj               104     0         0      
       hostrename.c.obj              104     0         0      
       exit.c.obj                    76      0         24     
       fseek.c.obj                   100     0         0      
       s_frexp.c.obj                 100     0         0      
       _io_perm.c.obj                98      0         0      
       close.c.obj                   92      0         0      
       hostread.c.obj                88      0         0      
       hostwrite.c.obj               88      0         0      
       ltoa.c.obj                    84      0         0      
       atoi.c.obj                    76      0         0      
       fflush.c.obj                  76      0         0      
       fd_toi_t2.asm.obj             72      0         0      
       autoinit.c.obj                68      0         0      
       hostclose.c.obj               68      0         0      
       hostunlink.c.obj              68      0         0      
       boot_cortex_m.c.obj           56      0         0      
       strncpy.c.obj                 54      0         0      
       fopen.c.obj                   52      0         0      
       i_tofd_t2.asm.obj             46      0         0      
       unlink.c.obj                  44      0         0      
       lseek.c.obj                   40      0         0      
       memchr.c.obj                  32      0         0      
       memccpy.c.obj                 28      0         0      
       strcmp.c.obj                  24      0         0      
       strchr.c.obj                  22      0         0      
       s_copysign.c.obj              20      0         0      
       strcpy.c.obj                  20      0         0      
       strlen.c.obj                  20      0         0      
       _lock.c.obj                   2       0         16     
       wcslen.c.obj                  18      0         0      
       errno.c.obj                   8       0         8      
       copy_decompress_none.c.obj    14      0         0      
       copy_zero_init.c.obj          12      0         0      
       pre_init.c.obj                4       0         0      
       div0.asm.obj                  2       0         0      
    +--+-----------------------------+-------+---------+---------+
       Total:                        10535   257       1896   
                                                              
       Heap:                         0       0         2048   
       Stack:                        0       0         1024   
       Linker Generated:             0       249       0      
    +--+-----------------------------+-------+---------+---------+
       Grand Total:                  15911   787       13882  


LINKER GENERATED COPY TABLES

__TI_cinit_table @ 00004150 records: 2, size/record: 8, table size: 16
	.data: load addr=00004060, load size=000000d5 bytes, run addr=20001680, run size=000002a4 bytes, compression=lzss
	.bss: load addr=00004148, load size=00000008 bytes, run addr=20000000, run size=00001279 bytes, compression=zero_init


LINKER GENERATED HANDLER TABLE

__TI_handler_table @ 00004138 records: 3, size/record: 4, table size: 12
	index: 0, handler: __TI_decompress_lzss
	index: 1, handler: __TI_decompress_none
	index: 2, handler: __TI_zero_init


GLOBAL SYMBOLS: SORTED ALPHABETICALLY BY Name 

address   name                           
-------   ----                           
00003eed  ADC14_IRQHandler               
00003eed  AES256_IRQHandler              
00003eed  BusFault_Handler               
20001838  ButtonKeys                     
200018b4  Buttons                        
00003f1d  C$$EXIT                        
00003aa7  C$$IO$$                        
00003eed  COMP_E0_IRQHandler             
00003eed  COMP_E1_IRQHandler             
00003eed  CS_IRQHandler                  
00003dc5  CS_Init                        
00003b59  CS_setDCOCenteredFrequency     
00003eed  DMA_ERR_IRQHandler             
00003eed  DMA_INT0_IRQHandler            
00003eed  DMA_INT1_IRQHandler            
00003eed  DMA_INT2_IRQHandler            
00003eed  DMA_INT3_IRQHandler            
00003eed  DebugMon_Handler               
00003eed  Default_Handler                
00000d99  EUSCIA0_IRQHandler             
00000d99  EUSCIA0_IRQHandler             
00003eed  EUSCIA1_IRQHandler             
00000e1d  EUSCIA2_IRQHandler             
00000e1d  EUSCIA2_IRQHandler             
00003eed  EUSCIA3_IRQHandler             
00003eed  EUSCIB0_IRQHandler             
00003eed  EUSCIB1_IRQHandler             
00003eed  EUSCIB2_IRQHandler             
00003eed  EUSCIB3_IRQHandler             
00003eed  FLCTL_IRQHandler               
00003eed  FPU_IRQHandler                 
00003815  FlashCtl_setWaitState          
00002ead  GPIO_getEnabledInterruptStatus 
00003bf5  GPIO_getInputPinValue          
00003da1  GPIO_getInterruptStatus        
00003cb1  GPIO_setOutputHighOnPin        
00003cd9  GPIO_setOutputLowOnPin         
00001135  GPIO_status                    
00003d01  GPIO_toggleOutputOnPin         
000038ed  HOSTclose                      
0000318d  HOSTlseek                      
00003459  HOSTopen                       
000035d1  HOSTread                       
000031f5  HOSTrename                     
00003931  HOSTunlink                     
00003629  HOSTwrite                      
00003eed  HardFault_Handler              
2000189c  LEDs                           
00003eed  MemManage_Handler              
00003eed  NMI_Handler                    
00003eed  PCM_IRQHandler                 
000034b9  PCM_getCoreVoltageLevel        
00003575  PCM_getPowerMode               
00003e51  PCM_getPowerState              
00003eb3  PCM_setCoreVoltageLevel        
00003ec3  PCM_setPowerMode               
00003eed  PORT1_IRQHandler               
00003eed  PORT2_IRQHandler               
00003eed  PORT3_IRQHandler               
00003eed  PORT4_IRQHandler               
00003eed  PORT5_IRQHandler               
00000f8b  PORT6_IRQHandler               
00000f8b  PORT6_IRQHandler               
00003eed  PSS_IRQHandler                 
00003eed  PendSV_Handler                 
00003eed  RTC_C_IRQHandler               
00003ee1  Reset_Handler                  
00003eed  SVC_Handler                    
00001e29  SysTick_Handler                
00001e29  SysTick_Handler                
00003ef1  SysTick_getValue               
20001920  SystemCoreClock                
00001211  SystemCoreClockUpdate          
00001489  SystemInit                     
00003eed  T32_INT1_IRQHandler            
00003eed  T32_INT2_IRQHandler            
00003eed  T32_INTC_IRQHandler            
00003eed  TA0_0_IRQHandler               
00003eed  TA0_N_IRQHandler               
00003eed  TA1_0_IRQHandler               
00003eed  TA1_N_IRQHandler               
00003eed  TA2_0_IRQHandler               
00003eed  TA2_N_IRQHandler               
00003eed  TA3_0_IRQHandler               
00003eed  TA3_N_IRQHandler               
00001db1  Timer_Init                     
20001878  UART2Config                    
20000000  UARTA0Data                     
2000125c  UARTA0ReadIndex                
20001260  UARTA0WriteIndex               
20000800  UARTA2Data                     
20001264  UARTA2ReadIndex                
20001268  UARTA2WriteIndex               
00000d2d  UART_Available                 
00000d65  UART_Flush                     
00000b45  UART_Init                      
00000c35  UART_Read                      
00000bf9  UART_Write                     
00003eed  UsageFault_Handler             
4000480c  WDTCTL_SYM                     
00003eed  WDT_A_IRQHandler               
20001000  __CIOBUF_                      
20010000  __STACK_END                    
00000200  __STACK_SIZE                   
00000400  __SYSMEM_SIZE                  
00004150  __TI_CINIT_Base                
00004160  __TI_CINIT_Limit               
00004138  __TI_Handler_Table_Base        
00004144  __TI_Handler_Table_Limit       
00003975  __TI_auto_init_nobinit_nopinit 
00003b8d  __TI_cleanup                   
200018f4  __TI_cleanup_ptr               
000030a9  __TI_closefile                 
0000325d  __TI_decompress_lzss           
00003ed3  __TI_decompress_none           
0000377d  __TI_doflush                   
200018f8  __TI_dtors_ptr                 
200018fc  __TI_enable_exit_profile_output
200018e4  __TI_ft_end                    
ffffffff  __TI_pprof_out_hndl            
000000e5  __TI_printfi                   
ffffffff  __TI_prof_data_size            
ffffffff  __TI_prof_data_start           
00003bc1  __TI_readmsg                   
00000000  __TI_static_base__             
20001120  __TI_tmpnams                   
00003a79  __TI_writemsg                  
000033f5  __TI_wrt_ok                    
00003efd  __TI_zero_init                 
00002da1  __aeabi_cdcmpeq                
00002da1  __aeabi_cdcmple                
00002e27  __aeabi_cdrcmple               
000038a5  __aeabi_d2iz                   
00001c03  __aeabi_dadd                   
000021f9  __aeabi_ddiv                   
00002881  __aeabi_dmul                   
00001bf9  __aeabi_dsub                   
00003f09  __aeabi_errno_addr             
00003c55  __aeabi_i2d                    
00001daf  __aeabi_idiv0                  
00001daf  __aeabi_ldiv0                  
00002fb5  __aeabi_memclr                 
00002fb5  __aeabi_memclr4                
00002fb5  __aeabi_memclr8                
00002be3  __aeabi_memcpy                 
00002be3  __aeabi_memcpy4                
00002be3  __aeabi_memcpy8                
00002fb7  __aeabi_memset                 
00002fb7  __aeabi_memset4                
00002fb7  __aeabi_memset8                
200018f0  __aeabi_stderr                 
200018e8  __aeabi_stdin                  
200018ec  __aeabi_stdout                 
00002c7f  __aeabi_uldivmod               
ffffffff  __binit__                      
ffffffff  __c_args__                     
UNDEFED   __mpu_init                     
2000fe00  __stack                        
00003ab1  _c_int00_noargs                
00003f20  _ctypes_                       
20001770  _device                        
20001680  _ftable                        
2000190c  _lock                          
00000b43  _nop                           
200017e8  _stream                        
20001280  _sys_memory                    
UNDEFED   _system_post_cinit             
00003f19  _system_pre_init               
20001910  _unlock                        
00003f1d  abort                          
000037c9  atoi                           
ffffffff  binit                          
2000126c  button_count                   
000016a9  clearLock                      
00003519  close                          
20001270  connected                      
00003e65  copysign                       
00003e65  copysignl                      
2000191c  errno                          
0000385d  exit                           
00003c25  finddevice                     
00002d15  fputc                          
00002455  fputs                          
00002a59  free                           
0000332d  frexp                          
0000332d  frexpl                         
00003391  fseek                          
0000173b  getLockCount                   
0000165d  getLockState                   
00001e23  get_kp_count                   
00001df7  get_locking                    
00001e0d  get_unlocking                  
000039b9  getdevice                      
00002837  green_off                      
00002827  green_on                       
00000000  interruptVectors               
00000eb5  keypad_init                    
20001240  keys_pressed                   
200018cc  last_time_pressed              
00002569  ldexp                          
00002569  ldexpl                         
00002781  leds_init                      
0000170b  lockIsBusy                     
00001561  lock_button_pressed            
20001274  lock_count                     
00001545  lock_init                      
00003d29  lseek                          
000036d7  ltoa                           
00002f31  main                           
00003031  malloc                         
00003e07  memccpy                        
00003de7  memchr                         
00002be3  memcpy                         
00002fbd  memset                         
00003ae9  minit                          
20001254  parmbuf                        
200011c0  password                       
000016d7  passwords_match                
200018c4  period                         
00001677  printPassword                  
000032c5  printf                         
00002d15  putc                           
00002807  red_off                        
000027f7  red_on                         
00003c85  remove                         
00002569  scalbn                         
00002569  scalbnl                        
0000172b  setLockCount                   
00001663  setLockState                   
00001e13  set_kp_count                   
00001de7  set_locking                    
00001dd7  set_overflow_count             
00001dfd  set_unlocking                  
0000297d  setvbuf                        
20001278  state                          
00003e3b  strchr                         
00003e23  strcmp                         
00003e79  strcpy                         
00003e8d  strlen                         
00003b21  strncpy                        
200018c8  threshold                      
00002847  toggle_green                   
00002817  toggle_red                     
000027e7  toggle_yellow                  
00003c85  unlink                         
200018d0  verifying                      
00003ea1  wcslen                         
00003d79  write                          
000027d7  yellow_off                     
000027c7  yellow_on                      


GLOBAL SYMBOLS: SORTED BY Symbol Address 

address   name                           
-------   ----                           
00000000  __TI_static_base__             
00000000  interruptVectors               
000000e5  __TI_printfi                   
00000200  __STACK_SIZE                   
00000400  __SYSMEM_SIZE                  
00000b43  _nop                           
00000b45  UART_Init                      
00000bf9  UART_Write                     
00000c35  UART_Read                      
00000d2d  UART_Available                 
00000d65  UART_Flush                     
00000d99  EUSCIA0_IRQHandler             
00000d99  EUSCIA0_IRQHandler             
00000e1d  EUSCIA2_IRQHandler             
00000e1d  EUSCIA2_IRQHandler             
00000eb5  keypad_init                    
00000f8b  PORT6_IRQHandler               
00000f8b  PORT6_IRQHandler               
00001135  GPIO_status                    
00001211  SystemCoreClockUpdate          
00001489  SystemInit                     
00001545  lock_init                      
00001561  lock_button_pressed            
0000165d  getLockState                   
00001663  setLockState                   
00001677  printPassword                  
000016a9  clearLock                      
000016d7  passwords_match                
0000170b  lockIsBusy                     
0000172b  setLockCount                   
0000173b  getLockCount                   
00001bf9  __aeabi_dsub                   
00001c03  __aeabi_dadd                   
00001daf  __aeabi_idiv0                  
00001daf  __aeabi_ldiv0                  
00001db1  Timer_Init                     
00001dd7  set_overflow_count             
00001de7  set_locking                    
00001df7  get_locking                    
00001dfd  set_unlocking                  
00001e0d  get_unlocking                  
00001e13  set_kp_count                   
00001e23  get_kp_count                   
00001e29  SysTick_Handler                
00001e29  SysTick_Handler                
000021f9  __aeabi_ddiv                   
00002455  fputs                          
00002569  ldexp                          
00002569  ldexpl                         
00002569  scalbn                         
00002569  scalbnl                        
00002781  leds_init                      
000027c7  yellow_on                      
000027d7  yellow_off                     
000027e7  toggle_yellow                  
000027f7  red_on                         
00002807  red_off                        
00002817  toggle_red                     
00002827  green_on                       
00002837  green_off                      
00002847  toggle_green                   
00002881  __aeabi_dmul                   
0000297d  setvbuf                        
00002a59  free                           
00002be3  __aeabi_memcpy                 
00002be3  __aeabi_memcpy4                
00002be3  __aeabi_memcpy8                
00002be3  memcpy                         
00002c7f  __aeabi_uldivmod               
00002d15  fputc                          
00002d15  putc                           
00002da1  __aeabi_cdcmpeq                
00002da1  __aeabi_cdcmple                
00002e27  __aeabi_cdrcmple               
00002ead  GPIO_getEnabledInterruptStatus 
00002f31  main                           
00002fb5  __aeabi_memclr                 
00002fb5  __aeabi_memclr4                
00002fb5  __aeabi_memclr8                
00002fb7  __aeabi_memset                 
00002fb7  __aeabi_memset4                
00002fb7  __aeabi_memset8                
00002fbd  memset                         
00003031  malloc                         
000030a9  __TI_closefile                 
0000318d  HOSTlseek                      
000031f5  HOSTrename                     
0000325d  __TI_decompress_lzss           
000032c5  printf                         
0000332d  frexp                          
0000332d  frexpl                         
00003391  fseek                          
000033f5  __TI_wrt_ok                    
00003459  HOSTopen                       
000034b9  PCM_getCoreVoltageLevel        
00003519  close                          
00003575  PCM_getPowerMode               
000035d1  HOSTread                       
00003629  HOSTwrite                      
000036d7  ltoa                           
0000377d  __TI_doflush                   
000037c9  atoi                           
00003815  FlashCtl_setWaitState          
0000385d  exit                           
000038a5  __aeabi_d2iz                   
000038ed  HOSTclose                      
00003931  HOSTunlink                     
00003975  __TI_auto_init_nobinit_nopinit 
000039b9  getdevice                      
00003a79  __TI_writemsg                  
00003aa7  C$$IO$$                        
00003ab1  _c_int00_noargs                
00003ae9  minit                          
00003b21  strncpy                        
00003b59  CS_setDCOCenteredFrequency     
00003b8d  __TI_cleanup                   
00003bc1  __TI_readmsg                   
00003bf5  GPIO_getInputPinValue          
00003c25  finddevice                     
00003c55  __aeabi_i2d                    
00003c85  remove                         
00003c85  unlink                         
00003cb1  GPIO_setOutputHighOnPin        
00003cd9  GPIO_setOutputLowOnPin         
00003d01  GPIO_toggleOutputOnPin         
00003d29  lseek                          
00003d79  write                          
00003da1  GPIO_getInterruptStatus        
00003dc5  CS_Init                        
00003de7  memchr                         
00003e07  memccpy                        
00003e23  strcmp                         
00003e3b  strchr                         
00003e51  PCM_getPowerState              
00003e65  copysign                       
00003e65  copysignl                      
00003e79  strcpy                         
00003e8d  strlen                         
00003ea1  wcslen                         
00003eb3  PCM_setCoreVoltageLevel        
00003ec3  PCM_setPowerMode               
00003ed3  __TI_decompress_none           
00003ee1  Reset_Handler                  
00003eed  ADC14_IRQHandler               
00003eed  AES256_IRQHandler              
00003eed  BusFault_Handler               
00003eed  COMP_E0_IRQHandler             
00003eed  COMP_E1_IRQHandler             
00003eed  CS_IRQHandler                  
00003eed  DMA_ERR_IRQHandler             
00003eed  DMA_INT0_IRQHandler            
00003eed  DMA_INT1_IRQHandler            
00003eed  DMA_INT2_IRQHandler            
00003eed  DMA_INT3_IRQHandler            
00003eed  DebugMon_Handler               
00003eed  Default_Handler                
00003eed  EUSCIA1_IRQHandler             
00003eed  EUSCIA3_IRQHandler             
00003eed  EUSCIB0_IRQHandler             
00003eed  EUSCIB1_IRQHandler             
00003eed  EUSCIB2_IRQHandler             
00003eed  EUSCIB3_IRQHandler             
00003eed  FLCTL_IRQHandler               
00003eed  FPU_IRQHandler                 
00003eed  HardFault_Handler              
00003eed  MemManage_Handler              
00003eed  NMI_Handler                    
00003eed  PCM_IRQHandler                 
00003eed  PORT1_IRQHandler               
00003eed  PORT2_IRQHandler               
00003eed  PORT3_IRQHandler               
00003eed  PORT4_IRQHandler               
00003eed  PORT5_IRQHandler               
00003eed  PSS_IRQHandler                 
00003eed  PendSV_Handler                 
00003eed  RTC_C_IRQHandler               
00003eed  SVC_Handler                    
00003eed  T32_INT1_IRQHandler            
00003eed  T32_INT2_IRQHandler            
00003eed  T32_INTC_IRQHandler            
00003eed  TA0_0_IRQHandler               
00003eed  TA0_N_IRQHandler               
00003eed  TA1_0_IRQHandler               
00003eed  TA1_N_IRQHandler               
00003eed  TA2_0_IRQHandler               
00003eed  TA2_N_IRQHandler               
00003eed  TA3_0_IRQHandler               
00003eed  TA3_N_IRQHandler               
00003eed  UsageFault_Handler             
00003eed  WDT_A_IRQHandler               
00003ef1  SysTick_getValue               
00003efd  __TI_zero_init                 
00003f09  __aeabi_errno_addr             
00003f19  _system_pre_init               
00003f1d  C$$EXIT                        
00003f1d  abort                          
00003f20  _ctypes_                       
00004138  __TI_Handler_Table_Base        
00004144  __TI_Handler_Table_Limit       
00004150  __TI_CINIT_Base                
00004160  __TI_CINIT_Limit               
20000000  UARTA0Data                     
20000800  UARTA2Data                     
20001000  __CIOBUF_                      
20001120  __TI_tmpnams                   
200011c0  password                       
20001240  keys_pressed                   
20001254  parmbuf                        
2000125c  UARTA0ReadIndex                
20001260  UARTA0WriteIndex               
20001264  UARTA2ReadIndex                
20001268  UARTA2WriteIndex               
2000126c  button_count                   
20001270  connected                      
20001274  lock_count                     
20001278  state                          
20001280  _sys_memory                    
20001680  _ftable                        
20001770  _device                        
200017e8  _stream                        
20001838  ButtonKeys                     
20001878  UART2Config                    
2000189c  LEDs                           
200018b4  Buttons                        
200018c4  period                         
200018c8  threshold                      
200018cc  last_time_pressed              
200018d0  verifying                      
200018e4  __TI_ft_end                    
200018e8  __aeabi_stdin                  
200018ec  __aeabi_stdout                 
200018f0  __aeabi_stderr                 
200018f4  __TI_cleanup_ptr               
200018f8  __TI_dtors_ptr                 
200018fc  __TI_enable_exit_profile_output
2000190c  _lock                          
20001910  _unlock                        
2000191c  errno                          
20001920  SystemCoreClock                
2000fe00  __stack                        
20010000  __STACK_END                    
4000480c  WDTCTL_SYM                     
ffffffff  __TI_pprof_out_hndl            
ffffffff  __TI_prof_data_size            
ffffffff  __TI_prof_data_start           
ffffffff  __binit__                      
ffffffff  __c_args__                     
ffffffff  binit                          
UNDEFED   __mpu_init                     
UNDEFED   _system_post_cinit             

[250 symbols]
