******************************************************************************
                  TI ARM Linker PC v18.1.5                     
******************************************************************************
>> Linked Sun Apr  7 16:11:09 2019

OUTPUT FILE NAME:   <dawgSystem.out>
ENTRY POINT SYMBOL: "_c_int00_noargs"  address: 00003ea5


MEMORY CONFIGURATION

         name            origin    length      used     unused   attr    fill
----------------------  --------  ---------  --------  --------  ----  --------
  MAIN                  00000000   00040000  00004561  0003ba9f  R  X
  INFO                  00200000   00004000  00000000  00004000  R  X
  SRAM_CODE             01000000   00010000  00001bc8  0000e438  RW X
  SRAM_DATA             20000000   00010000  00001bc8  0000e438  RW  


SEGMENT ALLOCATION MAP

run origin  load origin   length   init length attrs members
----------  ----------- ---------- ----------- ----- -------
00000000    00000000    00004568   00004568    r-x
  00000000    00000000    000000e4   000000e4    r-- .intvecs
  000000e4    000000e4    0000425c   0000425c    r-x .text
  00004340    00004340    00000139   00000139    r-- .const
  00004480    00004480    000000e8   000000e8    r-- .cinit
20000000    20000000    000019c8   00000000    rw-
  20000000    20000000    00001340   00000000    rw- .bss
  20001340    20001340    00000400   00000000    rw- .sysmem
  20001740    20001740    00000288   00000000    rw- .data
2000fe00    2000fe00    00000200   00000000    rw-
  2000fe00    2000fe00    00000200   00000000    rw- .stack


SECTION ALLOCATION MAP

 output                                  attributes/
section   page    origin      length       input sections
--------  ----  ----------  ----------   ----------------
.intvecs   0    00000000    000000e4     
                  00000000    000000e4     startup_msp432p401r_ccs.obj (.intvecs:retain)

.text      0    000000e4    0000425c     
                  000000e4    00000a5e     rtsv7M4_T_le_v4SPD16_eabi.lib : _printfi.c.obj (.text:__TI_printfi)
                  00000b42    00000002                                   : _lock.c.obj (.text:_nop)
                  00000b44    00000530     KEYPAD_driver.obj (.text)
                  00001074    0000039c     HC05_driver.obj (.text)
                  00001410    00000370     UART_Driver.obj (.text)
                  00001780    00000334     system_msp432p401r.obj (.text)
                  00001ab4    00000270     rtsv7M4_T_le_v4SPD16_eabi.lib : _printfi.c.obj (.text:_pconv_a)
                  00001d24    0000025a     MSPIO.obj (.text)
                  00001f7e    00000002     rtsv7M4_T_le_v4SPD16_eabi.lib : div0.asm.obj (.text)
                  00001f80    000001d0                                   : _printfi.c.obj (.text:_pconv_g)
                  00002150    000001b6                                   : fd_add_t2.asm.obj (.text)
                  00002306    00000002     --HOLE-- [fill = 0]
                  00002308    0000015c     msp432p4xx_driverlib.lib : pcm.o (.text:__PCM_setPowerModeAdvanced)
                  00002464    0000013c     TIMER_handle.obj (.text)
                  000025a0    0000013c     rtsv7M4_T_le_v4SPD16_eabi.lib : _printfi.c.obj (.text:_pconv_e)
                  000026dc    00000136                                   : fd_div_t2.asm.obj (.text)
                  00002812    00000002     --HOLE-- [fill = 0]
                  00002814    00000124                                   : _printfi.c.obj (.text:fcvt)
                  00002938    00000114                                   : fputs.c.obj (.text:fputs)
                  00002a4c    00000110                                   : s_scalbn.c.obj (.text:scalbn)
                  00002b5c    00000108     msp432p4xx_driverlib.lib : pcm.o (.text:__PCM_setCoreVoltageLevelAdvanced)
                  00002c64    000000fc     rtsv7M4_T_le_v4SPD16_eabi.lib : fd_mul_t2.asm.obj (.text)
                  00002d60    000000dc                                   : setvbuf.c.obj (.text:setvbuf)
                  00002e3c    000000d8                                   : memory.c.obj (.text:free)
                  00002f14    000000b1                                   : _printfi.c.obj (.text:_ltostr)
                  00002fc5    00000001     --HOLE-- [fill = 0]
                  00002fc6    0000009c                                   : memcpy_t2.asm.obj (.text)
                  00003062    00000096                                   : ull_div_t2.asm.obj (.text)
                  000030f8    00000094     main.obj (.text)
                  0000318c    0000008c     rtsv7M4_T_le_v4SPD16_eabi.lib : fputc.c.obj (.text:fputc)
                  00003218    00000086                                   : fd_cmp_t2.asm.obj (.text:__aeabi_cdcmple)
                  0000329e    00000086                                   : fd_cmp_t2.asm.obj (.text:__aeabi_cdrcmple)
                  00003324    00000084     msp432p4xx_driverlib.lib : gpio.o (.text:GPIO_getEnabledInterruptStatus)
                  000033a8    0000007a     rtsv7M4_T_le_v4SPD16_eabi.lib : memset_t2.asm.obj (.text)
                  00003422    00000002     --HOLE-- [fill = 0]
                  00003424    00000078                                   : memory.c.obj (.text:malloc)
                  0000349c    00000074                                   : fclose.c.obj (.text:__TI_closefile)
                  00003510    0000006e                                   : _printfi.c.obj (.text:_mcpy)
                  0000357e    00000002     --HOLE-- [fill = 0]
                  00003580    00000068                                   : hostlseek.c.obj (.text:HOSTlseek)
                  000035e8    00000068                                   : hostrename.c.obj (.text:HOSTrename)
                  00003650    00000068                                   : copy_decompress_lzss.c.obj (.text:decompress:lzss:__TI_decompress_lzss)
                  000036b8    00000068                                   : printf.c.obj (.text:printf)
                  00003720    00000064                                   : s_frexp.c.obj (.text:frexp)
                  00003784    00000064                                   : fseek.c.obj (.text:fseek)
                  000037e8    00000062                                   : _io_perm.c.obj (.text:__TI_wrt_ok)
                  0000384a    00000002     --HOLE-- [fill = 0]
                  0000384c    00000060                                   : hostopen.c.obj (.text:HOSTopen)
                  000038ac    0000005e     msp432p4xx_driverlib.lib : pcm.o (.text:PCM_getCoreVoltageLevel)
                  0000390a    00000002     --HOLE-- [fill = 0]
                  0000390c    0000005c     rtsv7M4_T_le_v4SPD16_eabi.lib : close.c.obj (.text:close)
                  00003968    0000005a     msp432p4xx_driverlib.lib : pcm.o (.text:PCM_getPowerMode)
                  000039c2    00000002     --HOLE-- [fill = 0]
                  000039c4    00000058     rtsv7M4_T_le_v4SPD16_eabi.lib : hostread.c.obj (.text:HOSTread)
                  00003a1c    00000058                                   : hostwrite.c.obj (.text:HOSTwrite)
                  00003a74    00000056                                   : _printfi.c.obj (.text:_pconv_f)
                  00003aca    00000054                                   : ltoa.c.obj (.text:ltoa)
                  00003b1e    00000052                                   : _printfi.c.obj (.text:_ecpy)
                  00003b70    0000004c                                   : fflush.c.obj (.text:__TI_doflush)
                  00003bbc    0000004c                                   : atoi.c.obj (.text:atoi)
                  00003c08    00000048     msp432p4xx_driverlib.lib : flash.o (.text:FlashCtl_setWaitState)
                  00003c50    00000048     rtsv7M4_T_le_v4SPD16_eabi.lib : exit.c.obj (.text:exit)
                  00003c98    00000048                                   : fd_toi_t2.asm.obj (.text)
                  00003ce0    00000044                                   : hostclose.c.obj (.text:HOSTclose)
                  00003d24    00000044                                   : hostunlink.c.obj (.text:HOSTunlink)
                  00003d68    00000044                                   : autoinit.c.obj (.text:__TI_auto_init_nobinit_nopinit:__TI_auto_init_nobinit_nopinit)
                  00003dac    00000044                                   : getdevice.c.obj (.text:getdevice)
                  00003df0    0000003e                                   : _printfi.c.obj (.text:_fcpy)
                  00003e2e    00000002     --HOLE-- [fill = 0]
                  00003e30    0000003c                                   : memory.c.obj (.text:minsert)
                  00003e6c    00000038                                   : trgmsg.c.obj (.text:__TI_writemsg)
                  00003ea4    00000038                                   : boot_cortex_m.c.obj (.text:_c_int00_noargs:_c_int00_noargs)
                  00003edc    00000038                                   : memory.c.obj (.text:minit)
                  00003f14    00000036                                   : strncpy.c.obj (.text:strncpy)
                  00003f4a    00000002     --HOLE-- [fill = 0]
                  00003f4c    00000034     msp432p4xx_driverlib.lib : cs.o (.text:CS_setDCOCenteredFrequency)
                  00003f80    00000034     rtsv7M4_T_le_v4SPD16_eabi.lib : fopen.c.obj (.text:__TI_cleanup)
                  00003fb4    00000034                                   : trgmsg.c.obj (.text:__TI_readmsg)
                  00003fe8    00000030     msp432p4xx_driverlib.lib : gpio.o (.text:GPIO_getInputPinValue)
                  00004018    00000030     rtsv7M4_T_le_v4SPD16_eabi.lib : getdevice.c.obj (.text:finddevice)
                  00004048    0000002e                                   : i_tofd_t2.asm.obj (.text)
                  00004076    0000002c                                   : strncmp.c.obj (.text:strncmp)
                  000040a2    00000002     --HOLE-- [fill = 0]
                  000040a4    0000002c                                   : unlink.c.obj (.text:unlink)
                  000040d0    00000028     msp432p4xx_driverlib.lib : gpio.o (.text:GPIO_setOutputHighOnPin)
                  000040f8    00000028                              : gpio.o (.text:GPIO_setOutputLowOnPin)
                  00004120    00000028                              : gpio.o (.text:GPIO_toggleOutputOnPin)
                  00004148    00000028     rtsv7M4_T_le_v4SPD16_eabi.lib : lseek.c.obj (.text:lseek)
                  00004170    00000028                                   : memory.c.obj (.text:mremove)
                  00004198    00000028                                   : write.c.obj (.text:write)
                  000041c0    00000024     msp432p4xx_driverlib.lib : gpio.o (.text:GPIO_getInterruptStatus)
                  000041e4    00000022     CS_Driver.obj (.text)
                  00004206    00000020     rtsv7M4_T_le_v4SPD16_eabi.lib : memchr.c.obj (.text:memchr)
                  00004226    0000001c                                   : memccpy.c.obj (.text:memccpy)
                  00004242    00000018                                   : strcmp.c.obj (.text:strcmp)
                  0000425a    00000016                                   : strchr.c.obj (.text:strchr)
                  00004270    00000014     msp432p4xx_driverlib.lib : pcm.o (.text:PCM_getPowerState)
                  00004284    00000014     rtsv7M4_T_le_v4SPD16_eabi.lib : s_copysign.c.obj (.text:copysign)
                  00004298    00000014                                   : strcpy.c.obj (.text:strcpy)
                  000042ac    00000014                                   : strlen.c.obj (.text:strlen)
                  000042c0    00000012                                   : wcslen.c.obj (.text:wcslen)
                  000042d2    00000010     msp432p4xx_driverlib.lib : pcm.o (.text:PCM_setCoreVoltageLevel)
                  000042e2    00000010                              : pcm.o (.text:PCM_setPowerMode)
                  000042f2    0000000e     rtsv7M4_T_le_v4SPD16_eabi.lib : copy_decompress_none.c.obj (.text:decompress:none:__TI_decompress_none)
                  00004300    0000000e     startup_msp432p401r_ccs.obj (.text)
                  0000430e    00000002     --HOLE-- [fill = 0]
                  00004310    0000000c     msp432p4xx_driverlib.lib : systick.o (.text:SysTick_getValue)
                  0000431c    0000000c     rtsv7M4_T_le_v4SPD16_eabi.lib : copy_zero_init.c.obj (.text:decompress:ZI:__TI_zero_init)
                  00004328    00000008                                   : errno.c.obj (.text:__aeabi_errno_addr)
                  00004330    00000004                                   : printf.c.obj (.text:_outc)
                  00004334    00000004                                   : printf.c.obj (.text:_outs)
                  00004338    00000004                                   : pre_init.c.obj (.text:_system_pre_init)
                  0000433c    00000004                                   : exit.c.obj (.text:abort:abort)

.const     0    00004340    00000139     
                  00004340    00000101     rtsv7M4_T_le_v4SPD16_eabi.lib : ctype.c.obj (.const:.string:_ctypes_)
                  00004441    00000003     --HOLE-- [fill = 0]
                  00004444    00000030     msp432p4xx_driverlib.lib : gpio.o (.const:GPIO_PORT_TO_BASE)
                  00004474    00000005     KEYPAD_driver.obj (.const:.string:$P$T0$1)

.cinit     0    00004480    000000e8     
                  00004480    000000c2     (.cinit..data.load) [load image, compression = lzss]
                  00004542    00000002     --HOLE-- [fill = 0]
                  00004544    0000000c     (__TI_handler_table)
                  00004550    00000008     (.cinit..bss.load) [load image, compression = zero_init]
                  00004558    00000010     (__TI_cinit_table)

.init_array 
*          0    00000000    00000000     UNINITIALIZED

.binit     0    00000000    00000000     

.bss       0    20000000    00001340     UNINITIALIZED
                  20000000    00000800     (.common:UARTA0Data)
                  20000800    00000800     (.common:UARTA2Data)
                  20001000    00000120     rtsv7M4_T_le_v4SPD16_eabi.lib : trgmsg.c.obj (.bss:_CIOBUF_)
                  20001120    000000a0     (.common:__TI_tmpnams)
                  200011c0    00000080     (.common:password)
                  20001240    00000080     (.common:pswrd_comp)
                  200012c0    00000064     (.common:keys_pressed)
                  20001324    00000008     (.common:parmbuf)
                  2000132c    00000004     (.common:UARTA0ReadIndex)
                  20001330    00000004     (.common:UARTA0WriteIndex)
                  20001334    00000004     (.common:UARTA2ReadIndex)
                  20001338    00000004     (.common:UARTA2WriteIndex)
                  2000133c    00000004     (.common:password_match)

.sysmem    0    20001340    00000400     UNINITIALIZED
                  20001340    00000008     rtsv7M4_T_le_v4SPD16_eabi.lib : memory.c.obj (.sysmem)
                  20001348    000003f8     --HOLE--

.data      0    20001740    00000288     UNINITIALIZED
                  20001740    000000f0     rtsv7M4_T_le_v4SPD16_eabi.lib : defs.c.obj (.data:_ftable)
                  20001830    00000078                                   : write.c.obj (.data:_device)
                  200018a8    00000050                                   : write.c.obj (.data:_stream)
                  200018f8    00000040     KEYPAD_driver.obj (.data:ButtonKeys)
                  20001938    00000024     main.obj (.data:UART2Config)
                  2000195c    00000010     KEYPAD_driver.obj (.data:Buttons)
                  2000196c    00000010     KEYPAD_driver.obj (.data)
                  2000197c    00000010     TIMER_handle.obj (.data)
                  2000198c    00000010     rtsv7M4_T_le_v4SPD16_eabi.lib : defs.c.obj (.data)
                  2000199c    0000000c                                   : exit.c.obj (.data:$O1$$)
                  200019a8    0000000c                                   : memory.c.obj (.data:$O1$$)
                  200019b4    00000008                                   : _lock.c.obj (.data:$O1$$)
                  200019bc    00000004     main.obj (.data)
                  200019c0    00000004     rtsv7M4_T_le_v4SPD16_eabi.lib : errno.c.obj (.data)
                  200019c4    00000004     system_msp432p401r.obj (.data)

.stack     0    2000fe00    00000200     UNINITIALIZED
                  2000fe00    00000004     rtsv7M4_T_le_v4SPD16_eabi.lib : boot_cortex_m.c.obj (.stack)
                  2000fe04    000001fc     --HOLE--

MODULE SUMMARY

       Module                        code    ro data   rw data
       ------                        ----    -------   -------
    .\
       system_msp432p401r.obj        820     0         8      
       main.obj                      148     0         600    
       startup_msp432p401r_ccs.obj   14      228       0      
    +--+-----------------------------+-------+---------+---------+
       Total:                        982     228       608    
                                                              
    .\Devices\
       KEYPAD_driver.obj             1328    5         392    
       HC05_driver.obj               924     0         0      
       MSPIO.obj                     602     0         0      
    +--+-----------------------------+-------+---------+---------+
       Total:                        2854    5         392    
                                                              
    .\Hardware\
       UART_Driver.obj               880     0         8224   
       TIMER_handle.obj              316     0         32     
       CS_Driver.obj                 34      0         0      
    +--+-----------------------------+-------+---------+---------+
       Total:                        1230    0         8256   
                                                              
    C:/ti/simplelink_msp432p4_sdk_2_40_00_10/source/ti/devices/msp432p4xx/driverlib/ccs/msp432p4xx_driverlib.lib
       pcm.o                         848     0         0      
       gpio.o                        336     48        0      
       flash.o                       72      0         0      
       cs.o                          52      0         0      
       systick.o                     12      0         0      
    +--+-----------------------------+-------+---------+---------+
       Total:                        1320    48        0      
                                                              
    C:\ti\ccsv8\tools\compiler\ti-cgt-arm_18.1.5.LTS\lib\rtsv7M4_T_le_v4SPD16_eabi.lib
       _printfi.c.obj                4867    0         0      
       defs.c.obj                    0       0         832    
       trgmsg.c.obj                  108     0         576    
       memory.c.obj                  492     0         24     
       write.c.obj                   40      0         400    
       fd_add_t2.asm.obj             438     0         0      
       fd_div_t2.asm.obj             310     0         0      
       fputs.c.obj                   276     0         0      
       s_scalbn.c.obj                272     0         0      
       fd_cmp_t2.asm.obj             268     0         0      
       ctype.c.obj                   0       257       0      
       fd_mul_t2.asm.obj             252     0         0      
       setvbuf.c.obj                 220     0         0      
       memcpy_t2.asm.obj             156     0         0      
       ull_div_t2.asm.obj            150     0         0      
       fputc.c.obj                   140     0         0      
       memset_t2.asm.obj             122     0         0      
       fclose.c.obj                  116     0         0      
       getdevice.c.obj               116     0         0      
       hostopen.c.obj                96      0         16     
       printf.c.obj                  112     0         0      
       copy_decompress_lzss.c.obj    104     0         0      
       hostlseek.c.obj               104     0         0      
       hostrename.c.obj              104     0         0      
       exit.c.obj                    76      0         24     
       fseek.c.obj                   100     0         0      
       s_frexp.c.obj                 100     0         0      
       _io_perm.c.obj                98      0         0      
       close.c.obj                   92      0         0      
       hostread.c.obj                88      0         0      
       hostwrite.c.obj               88      0         0      
       ltoa.c.obj                    84      0         0      
       atoi.c.obj                    76      0         0      
       fflush.c.obj                  76      0         0      
       fd_toi_t2.asm.obj             72      0         0      
       autoinit.c.obj                68      0         0      
       hostclose.c.obj               68      0         0      
       hostunlink.c.obj              68      0         0      
       boot_cortex_m.c.obj           56      0         0      
       strncpy.c.obj                 54      0         0      
       fopen.c.obj                   52      0         0      
       i_tofd_t2.asm.obj             46      0         0      
       strncmp.c.obj                 44      0         0      
       unlink.c.obj                  44      0         0      
       lseek.c.obj                   40      0         0      
       memchr.c.obj                  32      0         0      
       memccpy.c.obj                 28      0         0      
       strcmp.c.obj                  24      0         0      
       strchr.c.obj                  22      0         0      
       s_copysign.c.obj              20      0         0      
       strcpy.c.obj                  20      0         0      
       strlen.c.obj                  20      0         0      
       _lock.c.obj                   2       0         16     
       wcslen.c.obj                  18      0         0      
       errno.c.obj                   8       0         8      
       copy_decompress_none.c.obj    14      0         0      
       copy_zero_init.c.obj          12      0         0      
       pre_init.c.obj                4       0         0      
       div0.asm.obj                  2       0         0      
    +--+-----------------------------+-------+---------+---------+
       Total:                        10579   257       1896   
                                                              
       Heap:                         0       0         2048   
       Stack:                        0       0         1024   
       Linker Generated:             0       230       0      
    +--+-----------------------------+-------+---------+---------+
       Grand Total:                  16965   768       14224  


LINKER GENERATED COPY TABLES

__TI_cinit_table @ 00004558 records: 2, size/record: 8, table size: 16
	.data: load addr=00004480, load size=000000c2 bytes, run addr=20001740, run size=00000288 bytes, compression=lzss
	.bss: load addr=00004550, load size=00000008 bytes, run addr=20000000, run size=00001340 bytes, compression=zero_init


LINKER GENERATED HANDLER TABLE

__TI_handler_table @ 00004544 records: 3, size/record: 4, table size: 12
	index: 0, handler: __TI_decompress_lzss
	index: 1, handler: __TI_decompress_none
	index: 2, handler: __TI_zero_init


GLOBAL SYMBOLS: SORTED ALPHABETICALLY BY Name 

address   name                           
-------   ----                           
0000430d  ADC14_IRQHandler               
0000430d  AES256_IRQHandler              
0000430d  BusFault_Handler               
200018f8  ButtonKeys                     
2000195c  Buttons                        
0000433d  C$$EXIT                        
00003e9b  C$$IO$$                        
0000430d  COMP_E0_IRQHandler             
0000430d  COMP_E1_IRQHandler             
0000430d  CS_IRQHandler                  
000041e5  CS_Init                        
00003f4d  CS_setDCOCenteredFrequency     
0000430d  DMA_ERR_IRQHandler             
0000430d  DMA_INT0_IRQHandler            
0000430d  DMA_INT1_IRQHandler            
0000430d  DMA_INT2_IRQHandler            
0000430d  DMA_INT3_IRQHandler            
0000430d  DebugMon_Handler               
0000430d  Default_Handler                
00001665  EUSCIA0_IRQHandler             
00001665  EUSCIA0_IRQHandler             
0000430d  EUSCIA1_IRQHandler             
000016e9  EUSCIA2_IRQHandler             
000016e9  EUSCIA2_IRQHandler             
0000430d  EUSCIA3_IRQHandler             
0000430d  EUSCIB0_IRQHandler             
0000430d  EUSCIB1_IRQHandler             
0000430d  EUSCIB2_IRQHandler             
0000430d  EUSCIB3_IRQHandler             
0000430d  FLCTL_IRQHandler               
0000430d  FPU_IRQHandler                 
00003c09  FlashCtl_setWaitState          
00003325  GPIO_getEnabledInterruptStatus 
00003fe9  GPIO_getInputPinValue          
000041c1  GPIO_getInterruptStatus        
000040d1  GPIO_setOutputHighOnPin        
000040f9  GPIO_setOutputLowOnPin         
00000f45  GPIO_status                    
00004121  GPIO_toggleOutputOnPin         
00003ce1  HOSTclose                      
00003581  HOSTlseek                      
0000384d  HOSTopen                       
000039c5  HOSTread                       
000035e9  HOSTrename                     
00003d25  HOSTunlink                     
00003a1d  HOSTwrite                      
0000430d  HardFault_Handler              
00000b45  Keypad_Init                    
00001ea1  MSPgets                        
00001de7  MSPrintf                       
0000430d  MemManage_Handler              
0000430d  NMI_Handler                    
0000430d  PCM_IRQHandler                 
000038ad  PCM_getCoreVoltageLevel        
00003969  PCM_getPowerMode               
00004271  PCM_getPowerState              
000042d3  PCM_setCoreVoltageLevel        
000042e3  PCM_setPowerMode               
0000430d  PORT1_IRQHandler               
0000430d  PORT2_IRQHandler               
0000430d  PORT3_IRQHandler               
0000430d  PORT4_IRQHandler               
0000430d  PORT5_IRQHandler               
00000c59  PORT6_IRQHandler               
00000c59  PORT6_IRQHandler               
0000430d  PSS_IRQHandler                 
0000430d  PendSV_Handler                 
00001d25  PrintChar                      
00001d5b  PrintInteger                   
00001d39  PrintString                    
0000430d  RTC_C_IRQHandler               
00004301  Reset_Handler                  
0000430d  SVC_Handler                    
000024dd  SysTick_Handler                
000024dd  SysTick_Handler                
00004311  SysTick_getValue               
200019c4  SystemCoreClock                
00001781  SystemCoreClockUpdate          
000019f9  SystemInit                     
0000430d  T32_INT1_IRQHandler            
0000430d  T32_INT2_IRQHandler            
0000430d  T32_INTC_IRQHandler            
0000430d  TA0_0_IRQHandler               
0000430d  TA0_N_IRQHandler               
0000430d  TA1_0_IRQHandler               
0000430d  TA1_N_IRQHandler               
0000430d  TA2_0_IRQHandler               
0000430d  TA2_N_IRQHandler               
0000430d  TA3_0_IRQHandler               
0000430d  TA3_N_IRQHandler               
00002465  Timer_Init                     
20001938  UART2Config                    
20000000  UARTA0Data                     
2000132c  UARTA0ReadIndex                
20001330  UARTA0WriteIndex               
20000800  UARTA2Data                     
20001334  UARTA2ReadIndex                
20001338  UARTA2WriteIndex               
000015f9  UART_Available                 
00001631  UART_Flush                     
00001411  UART_Init                      
00001501  UART_Read                      
000014c5  UART_Write                     
0000430d  UsageFault_Handler             
4000480c  WDTCTL_SYM                     
0000430d  WDT_A_IRQHandler               
20001000  __CIOBUF_                      
20010000  __STACK_END                    
00000200  __STACK_SIZE                   
00000400  __SYSMEM_SIZE                  
00004558  __TI_CINIT_Base                
00004568  __TI_CINIT_Limit               
00004544  __TI_Handler_Table_Base        
00004550  __TI_Handler_Table_Limit       
00003d69  __TI_auto_init_nobinit_nopinit 
00003f81  __TI_cleanup                   
2000199c  __TI_cleanup_ptr               
0000349d  __TI_closefile                 
00003651  __TI_decompress_lzss           
000042f3  __TI_decompress_none           
00003b71  __TI_doflush                   
200019a0  __TI_dtors_ptr                 
200019a4  __TI_enable_exit_profile_output
2000198c  __TI_ft_end                    
ffffffff  __TI_pprof_out_hndl            
000000e5  __TI_printfi                   
ffffffff  __TI_prof_data_size            
ffffffff  __TI_prof_data_start           
00003fb5  __TI_readmsg                   
00000000  __TI_static_base__             
20001120  __TI_tmpnams                   
00003e6d  __TI_writemsg                  
000037e9  __TI_wrt_ok                    
0000431d  __TI_zero_init                 
00003219  __aeabi_cdcmpeq                
00003219  __aeabi_cdcmple                
0000329f  __aeabi_cdrcmple               
00003c99  __aeabi_d2iz                   
0000215b  __aeabi_dadd                   
000026dd  __aeabi_ddiv                   
00002c65  __aeabi_dmul                   
00002151  __aeabi_dsub                   
00004329  __aeabi_errno_addr             
00004049  __aeabi_i2d                    
00001f7f  __aeabi_idiv0                  
00001f7f  __aeabi_ldiv0                  
000033a9  __aeabi_memclr                 
000033a9  __aeabi_memclr4                
000033a9  __aeabi_memclr8                
00002fc7  __aeabi_memcpy                 
00002fc7  __aeabi_memcpy4                
00002fc7  __aeabi_memcpy8                
000033ab  __aeabi_memset                 
000033ab  __aeabi_memset4                
000033ab  __aeabi_memset8                
20001998  __aeabi_stderr                 
20001990  __aeabi_stdin                  
20001994  __aeabi_stdout                 
00003063  __aeabi_uldivmod               
ffffffff  __binit__                      
ffffffff  __c_args__                     
UNDEFED   __mpu_init                     
2000fe00  __stack                        
00003ea5  _c_int00_noargs                
00004340  _ctypes_                       
20001830  _device                        
20001740  _ftable                        
200019b4  _lock                          
00000b43  _nop                           
200018a8  _stream                        
20001340  _sys_memory                    
UNDEFED   _system_post_cinit             
00004339  _system_pre_init               
200019b8  _unlock                        
0000433d  abort                          
00003bbd  atoi                           
ffffffff  binit                          
0000390d  close                          
000010c3  connect_bluetooth              
200019bc  connected                      
00004285  copysign                       
00004285  copysignl                      
200019c0  errno                          
00003c51  exit                           
00004019  finddevice                     
0000318d  fputc                          
00002939  fputs                          
00002e3d  free                           
00003721  frexp                          
00003721  frexpl                         
00003785  fseek                          
000024d7  get_kp_count                   
000024ab  get_locking                    
000011ed  get_password                   
000010b7  get_state_status               
000024c1  get_unlocking                  
00003dad  getdevice                      
00000f2f  green_off                      
00000f23  green_on                       
00000000  interruptVectors               
200012c0  keys_pressed                   
20001974  last_time_pressed              
00002a4d  ldexp                          
00002a4d  ldexpl                         
00004149  lseek                          
00003acb  ltoa                           
000030f9  main                           
00003425  malloc                         
00004227  memccpy                        
00004207  memchr                         
00002fc7  memcpy                         
000033b1  memset                         
00003edd  minit                          
20001324  parmbuf                        
200011c0  password                       
2000133c  password_match                 
2000196c  period                         
000036b9  printf                         
20001240  pswrd_comp                     
0000318d  putc                           
00000f09  red_off                        
00000ef9  red_on                         
000040a5  remove                         
0000108d  reset_temp_buffer              
00002a4d  scalbn                         
00002a4d  scalbnl                        
000024c7  set_kp_count                   
0000249b  set_locking                    
0000248b  set_overflow_count             
000024b1  set_unlocking                  
00001075  setup_bluetooth_state          
00002d61  setvbuf                        
00001163  start_recognition              
0000425b  strchr                         
00004243  strcmp                         
00004299  strcpy                         
000042ad  strlen                         
00004077  strncmp                        
00003f15  strncpy                        
20001970  threshold                      
00000ee9  toggle_yellow                  
000040a5  unlink                         
20001978  verifying                      
000042c1  wcslen                         
00004199  write                          
00000edd  yellow_off                     
00000ed1  yellow_on                      


GLOBAL SYMBOLS: SORTED BY Symbol Address 

address   name                           
-------   ----                           
00000000  __TI_static_base__             
00000000  interruptVectors               
000000e5  __TI_printfi                   
00000200  __STACK_SIZE                   
00000400  __SYSMEM_SIZE                  
00000b43  _nop                           
00000b45  Keypad_Init                    
00000c59  PORT6_IRQHandler               
00000c59  PORT6_IRQHandler               
00000ed1  yellow_on                      
00000edd  yellow_off                     
00000ee9  toggle_yellow                  
00000ef9  red_on                         
00000f09  red_off                        
00000f23  green_on                       
00000f2f  green_off                      
00000f45  GPIO_status                    
00001075  setup_bluetooth_state          
0000108d  reset_temp_buffer              
000010b7  get_state_status               
000010c3  connect_bluetooth              
00001163  start_recognition              
000011ed  get_password                   
00001411  UART_Init                      
000014c5  UART_Write                     
00001501  UART_Read                      
000015f9  UART_Available                 
00001631  UART_Flush                     
00001665  EUSCIA0_IRQHandler             
00001665  EUSCIA0_IRQHandler             
000016e9  EUSCIA2_IRQHandler             
000016e9  EUSCIA2_IRQHandler             
00001781  SystemCoreClockUpdate          
000019f9  SystemInit                     
00001d25  PrintChar                      
00001d39  PrintString                    
00001d5b  PrintInteger                   
00001de7  MSPrintf                       
00001ea1  MSPgets                        
00001f7f  __aeabi_idiv0                  
00001f7f  __aeabi_ldiv0                  
00002151  __aeabi_dsub                   
0000215b  __aeabi_dadd                   
00002465  Timer_Init                     
0000248b  set_overflow_count             
0000249b  set_locking                    
000024ab  get_locking                    
000024b1  set_unlocking                  
000024c1  get_unlocking                  
000024c7  set_kp_count                   
000024d7  get_kp_count                   
000024dd  SysTick_Handler                
000024dd  SysTick_Handler                
000026dd  __aeabi_ddiv                   
00002939  fputs                          
00002a4d  ldexp                          
00002a4d  ldexpl                         
00002a4d  scalbn                         
00002a4d  scalbnl                        
00002c65  __aeabi_dmul                   
00002d61  setvbuf                        
00002e3d  free                           
00002fc7  __aeabi_memcpy                 
00002fc7  __aeabi_memcpy4                
00002fc7  __aeabi_memcpy8                
00002fc7  memcpy                         
00003063  __aeabi_uldivmod               
000030f9  main                           
0000318d  fputc                          
0000318d  putc                           
00003219  __aeabi_cdcmpeq                
00003219  __aeabi_cdcmple                
0000329f  __aeabi_cdrcmple               
00003325  GPIO_getEnabledInterruptStatus 
000033a9  __aeabi_memclr                 
000033a9  __aeabi_memclr4                
000033a9  __aeabi_memclr8                
000033ab  __aeabi_memset                 
000033ab  __aeabi_memset4                
000033ab  __aeabi_memset8                
000033b1  memset                         
00003425  malloc                         
0000349d  __TI_closefile                 
00003581  HOSTlseek                      
000035e9  HOSTrename                     
00003651  __TI_decompress_lzss           
000036b9  printf                         
00003721  frexp                          
00003721  frexpl                         
00003785  fseek                          
000037e9  __TI_wrt_ok                    
0000384d  HOSTopen                       
000038ad  PCM_getCoreVoltageLevel        
0000390d  close                          
00003969  PCM_getPowerMode               
000039c5  HOSTread                       
00003a1d  HOSTwrite                      
00003acb  ltoa                           
00003b71  __TI_doflush                   
00003bbd  atoi                           
00003c09  FlashCtl_setWaitState          
00003c51  exit                           
00003c99  __aeabi_d2iz                   
00003ce1  HOSTclose                      
00003d25  HOSTunlink                     
00003d69  __TI_auto_init_nobinit_nopinit 
00003dad  getdevice                      
00003e6d  __TI_writemsg                  
00003e9b  C$$IO$$                        
00003ea5  _c_int00_noargs                
00003edd  minit                          
00003f15  strncpy                        
00003f4d  CS_setDCOCenteredFrequency     
00003f81  __TI_cleanup                   
00003fb5  __TI_readmsg                   
00003fe9  GPIO_getInputPinValue          
00004019  finddevice                     
00004049  __aeabi_i2d                    
00004077  strncmp                        
000040a5  remove                         
000040a5  unlink                         
000040d1  GPIO_setOutputHighOnPin        
000040f9  GPIO_setOutputLowOnPin         
00004121  GPIO_toggleOutputOnPin         
00004149  lseek                          
00004199  write                          
000041c1  GPIO_getInterruptStatus        
000041e5  CS_Init                        
00004207  memchr                         
00004227  memccpy                        
00004243  strcmp                         
0000425b  strchr                         
00004271  PCM_getPowerState              
00004285  copysign                       
00004285  copysignl                      
00004299  strcpy                         
000042ad  strlen                         
000042c1  wcslen                         
000042d3  PCM_setCoreVoltageLevel        
000042e3  PCM_setPowerMode               
000042f3  __TI_decompress_none           
00004301  Reset_Handler                  
0000430d  ADC14_IRQHandler               
0000430d  AES256_IRQHandler              
0000430d  BusFault_Handler               
0000430d  COMP_E0_IRQHandler             
0000430d  COMP_E1_IRQHandler             
0000430d  CS_IRQHandler                  
0000430d  DMA_ERR_IRQHandler             
0000430d  DMA_INT0_IRQHandler            
0000430d  DMA_INT1_IRQHandler            
0000430d  DMA_INT2_IRQHandler            
0000430d  DMA_INT3_IRQHandler            
0000430d  DebugMon_Handler               
0000430d  Default_Handler                
0000430d  EUSCIA1_IRQHandler             
0000430d  EUSCIA3_IRQHandler             
0000430d  EUSCIB0_IRQHandler             
0000430d  EUSCIB1_IRQHandler             
0000430d  EUSCIB2_IRQHandler             
0000430d  EUSCIB3_IRQHandler             
0000430d  FLCTL_IRQHandler               
0000430d  FPU_IRQHandler                 
0000430d  HardFault_Handler              
0000430d  MemManage_Handler              
0000430d  NMI_Handler                    
0000430d  PCM_IRQHandler                 
0000430d  PORT1_IRQHandler               
0000430d  PORT2_IRQHandler               
0000430d  PORT3_IRQHandler               
0000430d  PORT4_IRQHandler               
0000430d  PORT5_IRQHandler               
0000430d  PSS_IRQHandler                 
0000430d  PendSV_Handler                 
0000430d  RTC_C_IRQHandler               
0000430d  SVC_Handler                    
0000430d  T32_INT1_IRQHandler            
0000430d  T32_INT2_IRQHandler            
0000430d  T32_INTC_IRQHandler            
0000430d  TA0_0_IRQHandler               
0000430d  TA0_N_IRQHandler               
0000430d  TA1_0_IRQHandler               
0000430d  TA1_N_IRQHandler               
0000430d  TA2_0_IRQHandler               
0000430d  TA2_N_IRQHandler               
0000430d  TA3_0_IRQHandler               
0000430d  TA3_N_IRQHandler               
0000430d  UsageFault_Handler             
0000430d  WDT_A_IRQHandler               
00004311  SysTick_getValue               
0000431d  __TI_zero_init                 
00004329  __aeabi_errno_addr             
00004339  _system_pre_init               
0000433d  C$$EXIT                        
0000433d  abort                          
00004340  _ctypes_                       
00004544  __TI_Handler_Table_Base        
00004550  __TI_Handler_Table_Limit       
00004558  __TI_CINIT_Base                
00004568  __TI_CINIT_Limit               
20000000  UARTA0Data                     
20000800  UARTA2Data                     
20001000  __CIOBUF_                      
20001120  __TI_tmpnams                   
200011c0  password                       
20001240  pswrd_comp                     
200012c0  keys_pressed                   
20001324  parmbuf                        
2000132c  UARTA0ReadIndex                
20001330  UARTA0WriteIndex               
20001334  UARTA2ReadIndex                
20001338  UARTA2WriteIndex               
2000133c  password_match                 
20001340  _sys_memory                    
20001740  _ftable                        
20001830  _device                        
200018a8  _stream                        
200018f8  ButtonKeys                     
20001938  UART2Config                    
2000195c  Buttons                        
2000196c  period                         
20001970  threshold                      
20001974  last_time_pressed              
20001978  verifying                      
2000198c  __TI_ft_end                    
20001990  __aeabi_stdin                  
20001994  __aeabi_stdout                 
20001998  __aeabi_stderr                 
2000199c  __TI_cleanup_ptr               
200019a0  __TI_dtors_ptr                 
200019a4  __TI_enable_exit_profile_output
200019b4  _lock                          
200019b8  _unlock                        
200019bc  connected                      
200019c0  errno                          
200019c4  SystemCoreClock                
2000fe00  __stack                        
20010000  __STACK_END                    
4000480c  WDTCTL_SYM                     
ffffffff  __TI_pprof_out_hndl            
ffffffff  __TI_prof_data_size            
ffffffff  __TI_prof_data_start           
ffffffff  __binit__                      
ffffffff  __c_args__                     
ffffffff  binit                          
UNDEFED   __mpu_init                     
UNDEFED   _system_post_cinit             

[247 symbols]
